07-14 04:24:32.594  1457  1457 W ResourcesManager: 	at android.os.Looper.loop(Looper.java:288)
07-14 04:24:32.594  1457  1457 W ResourcesManager: 	at android.app.ActivityThread.main(ActivityThread.java:8085)
07-14 04:24:32.594  1457  1457 W ResourcesManager: 	at java.lang.reflect.Method.invoke(Native Method)
07-14 04:24:32.594  1457  1457 W ResourcesManager: 	at com.android.internal.os.RuntimeInit$MethodAndArgsCaller.run(RuntimeInit.java:571)
07-14 04:24:32.594  1457  1457 W ResourcesManager: 	at com.android.internal.os.ZygoteInit.main(ZygoteInit.java:1091)
07-14 04:24:32.594  1457  1457 W ziparchive: Unable to open '/data/app/~~qWa-PXc4ZK4xleU6q_PLnQ==/com.poozh.translator-1sQCn6qYHKOjJKsUTM5KNw==/base.apk': No such file or directory
07-14 04:24:32.594  1457  1457 E ndroid.systemu: Failed to open APK '/data/app/~~qWa-PXc4ZK4xleU6q_PLnQ==/com.poozh.translator-1sQCn6qYHKOjJKsUTM5KNw==/base.apk': I/O error
07-14 04:24:32.594  1457  1457 E ResourcesManager: failed to add asset path '/data/app/~~qWa-PXc4ZK4xleU6q_PLnQ==/com.poozh.translator-1sQCn6qYHKOjJKsUTM5KNw==/base.apk'
07-14 04:24:32.594  1457  1457 E ResourcesManager: java.io.IOException: Failed to load asset path /data/app/~~qWa-PXc4ZK4xleU6q_PLnQ==/com.poozh.translator-1sQCn6qYHKOjJKsUTM5KNw==/base.apk
07-14 04:24:32.594  1457  1457 E ResourcesManager: 	at android.content.res.ApkAssets.nativeLoad(Native Method)
07-14 04:24:32.594  1457  1457 E ResourcesManager: 	at android.content.res.ApkAssets.<init>(ApkAssets.java:295)
07-14 04:24:32.594  1457  1457 E ResourcesManager: 	at android.content.res.ApkAssets.loadFromPath(ApkAssets.java:144)
07-14 04:24:32.594  1457  1457 E ResourcesManager: 	at android.app.ResourcesManager.loadApkAssets(ResourcesManager.java:469)
07-14 04:24:32.594  1457  1457 E ResourcesManager: 	at android.app.ResourcesManager.access$000(ResourcesManager.java:72)
07-14 04:24:32.594  1457  1457 E ResourcesManager: 	at android.app.ResourcesManager$ApkAssetsSupplier.load(ResourcesManager.java:183)
07-14 04:24:32.594  1457  1457 E ResourcesManager: 	at android.app.ResourcesManager.createAssetManager(ResourcesManager.java:551)
07-14 04:24:32.594  1457  1457 E ResourcesManager: 	at android.app.ResourcesManager.createResourcesImpl(ResourcesManager.java:633)
07-14 04:24:32.594  1457  1457 E ResourcesManager: 	at android.app.ResourcesManager.findOrCreateResourcesImplForKeyLocked(ResourcesManager.java:685)
07-14 04:24:32.594  1457  1457 E ResourcesManager: 	at android.app.ResourcesManager.createResources(ResourcesManager.java:1038)
07-14 04:24:32.594  1457  1457 E ResourcesManager: 	at android.app.ResourcesManager.getResources(ResourcesManager.java:1141)
07-14 04:24:32.594  1457  1457 E ResourcesManager: 	at android.app.ActivityThread.getTopLevelResources(ActivityThread.java:2471)
07-14 04:24:32.594  1457  1457 E ResourcesManager: 	at android.app.ApplicationPackageManager.getResourcesForApplication(ApplicationPackageManager.java:1758)
07-14 04:24:32.594  1457  1457 E ResourcesManager: 	at android.app.ApplicationPackageManager.getResourcesForApplication(ApplicationPackageManager.java:1744)
07-14 04:24:32.594  1457  1457 E ResourcesManager: 	at android.app.ApplicationPackageManager.getDrawable(ApplicationPackageManager.java:1510)
07-14 04:24:32.594  1457  1457 E ResourcesManager: 	at android.app.ApplicationPackageManager.loadUnbadgedItemIcon(ApplicationPackageManager.java:3040)
07-14 04:24:32.594  1457  1457 E ResourcesManager: 	at android.content.pm.PackageItemInfo.loadUnbadgedIcon(PackageItemInfo.java:326)
07-14 04:24:32.594  1457  1457 E ResourcesManager: 	at com.android.systemui.toast.SystemUIToast.getBadgedIcon(SystemUIToast.java:286)
07-14 04:24:32.594  1457  1457 E ResourcesManager: 	at com.android.systemui.toast.SystemUIToast.inflateToastView(SystemUIToast.java:198)
07-14 04:24:32.594  1457  1457 E ResourcesManager: 	at com.android.systemui.toast.SystemUIToast.<init>(SystemUIToast.java:90)
07-14 04:24:32.594  1457  1457 E ResourcesManager: 	at com.android.systemui.toast.SystemUIToast.<init>(SystemUIToast.java:77)
07-14 04:24:32.594  1457  1457 E ResourcesManager: 	at com.android.systemui.toast.ToastFactory.createToast(ToastFactory.java:78)
07-14 04:24:32.594  1457  1457 E ResourcesManager: 	at com.android.systemui.toast.ToastUI.lambda$showToast$0(ToastUI.java:113)
07-14 04:24:32.594  1457  1457 E ResourcesManager: 	at com.android.systemui.toast.ToastUI.$r8$lambda$w_gPCh3F8Xxn1jN4lkQZoUci71c(Unknown Source:0)
07-14 04:24:32.594  1457  1457 E ResourcesManager: 	at com.android.systemui.toast.ToastUI$$ExternalSyntheticLambda0.run(Unknown Source:16)
07-14 04:24:32.594  1457  1457 E ResourcesManager: 	at com.android.systemui.toast.ToastUI.showToast(ToastUI.java:140)
07-14 04:24:32.594  1457  1457 E ResourcesManager: 	at com.android.systemui.statusbar.CommandQueue$H.handleMessage(CommandQueue.java:1451)
07-14 04:24:32.594  1457  1457 E ResourcesManager: 	at android.os.Handler.dispatchMessage(Handler.java:106)
07-14 04:24:32.594  1457  1457 E ResourcesManager: 	at android.os.Looper.loopOnce(Looper.java:201)
07-14 04:24:32.594  1457  1457 E ResourcesManager: 	at android.os.Looper.loop(Looper.java:288)
07-14 04:24:32.594  1457  1457 E ResourcesManager: 	at android.app.ActivityThread.main(ActivityThread.java:8085)
07-14 04:24:32.594  1457  1457 E ResourcesManager: 	at java.lang.reflect.Method.invoke(Native Method)
07-14 04:24:32.594  1457  1457 E ResourcesManager: 	at com.android.internal.os.RuntimeInit$MethodAndArgsCaller.run(RuntimeInit.java:571)
07-14 04:24:32.594  1457  1457 E ResourcesManager: 	at com.android.internal.os.ZygoteInit.main(ZygoteInit.java:1091)
07-14 04:24:32.594  1457  1457 W PackageManager: Failure retrieving resources for com.poozh.translator
07-14 04:24:32.595 21515 21515 W GooglePlayServicesUtil: Google Play services is missing.
07-14 04:24:32.602 21515 21711 D TransportRuntime.JobInfoScheduler: Scheduling upload for context TransportContext(cct, VERY_LOW, MSRodHRwczovL2ZpcmViYXNlbG9nZ2luZy5nb29nbGVhcGlzLmNvbS92MGNjL2xvZy9iYXRjaD9mb3JtYXQ9anNvbl9wcm90bzNc) with jobId=1775117692 in 86400000ms(Backend next call timestamp 0). Attempt 1
07-14 04:24:32.606  1275  1430 E DisplayDeviceConfig: requesting nits when no mapping exists.
07-14 04:24:32.606  1275  1430 E DisplayDeviceConfig: requesting nits when no mapping exists.
07-14 04:24:32.607  1124  2998 E HWComposer: operator(): operator() failed for display 4619827820427265280: Unsupported (8)
07-14 04:24:32.607  1275  1430 E SurfaceFlinger: setDisplayBrightness: failed to transact: -38
07-14 04:24:32.615 21515 21715 I DynamiteModule: Considering local module com.google.mlkit.dynamite.text.japanese:10000 and remote module com.google.mlkit.dynamite.text.japanese:0
07-14 04:24:32.615 21515 21715 I DynamiteModule: Selected local version of com.google.mlkit.dynamite.text.japanese
07-14 04:24:32.617 21515 21515 W GooglePlayServicesUtil: Google Play services is missing.
07-14 04:24:32.622  1275  1430 E DisplayDeviceConfig: requesting nits when no mapping exists.
07-14 04:24:32.622  1275  1430 E DisplayDeviceConfig: requesting nits when no mapping exists.
07-14 04:24:32.623  1124  2998 E HWComposer: operator(): operator() failed for display 4619827820427265280: Unsupported (8)
07-14 04:24:32.623  1275  1430 E SurfaceFlinger: setDisplayBrightness: failed to transact: -38
07-14 04:24:32.630  1457  1611 D gralloc_x86: gralloc_alloc: Creating ashmem region of size 77824
07-14 04:24:32.632 21515 21515 D CompatibilityChangeReporter: Compat change id reported: 160794467; UID 10058; state: ENABLED
07-14 04:24:32.638  1457 21716 D ndroid.systemu: Features: 0 0 0
07-14 04:24:32.638  1457 21716 E ndroid.systemu: vulkan version is 4211017
07-14 04:24:32.640  1457 21716 D gralloc_x86: gralloc_alloc: Creating ashmem region of size 77824
07-14 04:24:32.640  1275  1430 E DisplayDeviceConfig: requesting nits when no mapping exists.
07-14 04:24:32.640  1275  1430 E DisplayDeviceConfig: requesting nits when no mapping exists.
07-14 04:24:32.640  1124  1183 E HWComposer: operator(): operator() failed for display 4619827820427265280: Unsupported (8)
07-14 04:24:32.640  1275  1430 E SurfaceFlinger: setDisplayBrightness: failed to transact: -38
07-14 04:24:32.642  1457 21716 D gralloc_x86: gralloc_alloc: Creating ashmem region of size 77824
07-14 04:24:32.644 21515 21715 I DynamiteModule: Considering local module com.google.mlkit.dynamite.text.latin:10000 and remote module com.google.mlkit.dynamite.text.latin:0
07-14 04:24:32.644 21515 21715 I DynamiteModule: Selected local version of com.google.mlkit.dynamite.text.latin
07-14 04:24:32.656  1275  1430 E DisplayDeviceConfig: requesting nits when no mapping exists.
07-14 04:24:32.657  1275  1430 E DisplayDeviceConfig: requesting nits when no mapping exists.
07-14 04:24:32.658  1124  1183 E HWComposer: operator(): operator() failed for display 4619827820427265280: Unsupported (8)
07-14 04:24:32.658  1275  1430 E SurfaceFlinger: setDisplayBrightness: failed to transact: -38
07-14 04:24:32.667 21515 21713 W GooglePlayServicesUtil: com.poozh.translator requires the Google Play Store, but it is missing.
07-14 04:24:32.667 21515 21713 W GoogleApiManager: The service for com.google.android.gms.common.internal.service.zap is not available: ConnectionResult{statusCode=SERVICE_INVALID, resolution=null, message=null}
07-14 04:24:32.668 21515 21713 W GooglePlayServicesUtil: com.poozh.translator requires the Google Play Store, but it is missing.
07-14 04:24:32.668 21515 21713 W GoogleApiManager: The service for com.google.android.gms.common.internal.service.zap is not available: ConnectionResult{statusCode=SERVICE_INVALID, resolution=null, message=null}
07-14 04:24:32.672  1275  1430 E DisplayDeviceConfig: requesting nits when no mapping exists.
07-14 04:24:32.672  1275  1430 E DisplayDeviceConfig: requesting nits when no mapping exists.
07-14 04:24:32.673  1124  1183 E HWComposer: operator(): operator() failed for display 4619827820427265280: Unsupported (8)
07-14 04:24:32.673  1275  1430 E SurfaceFlinger: setDisplayBrightness: failed to transact: -38
07-14 04:24:32.680 21515 21711 D TransportRuntime.SQLiteEventStore: Storing event with priority=DEFAULT, name=FIREBASE_ML_SDK for destination cct
07-14 04:24:32.684 21515 21711 D TransportRuntime.JobInfoScheduler: Scheduling upload for context TransportContext(cct, DEFAULT, MSRodHRwczovL2ZpcmViYXNlbG9nZ2luZy5nb29nbGVhcGlzLmNvbS92MGNjL2xvZy9iYXRjaD9mb3JtYXQ9anNvbl9wcm90bzNc) with jobId=1770136955 in 30000ms(Backend next call timestamp 0). Attempt 1
07-14 04:24:32.690 21515 21711 D TransportRuntime.SQLiteEventStore: Storing event with priority=DEFAULT, name=FIREBASE_ML_SDK for destination cct
07-14 04:24:32.691 21515 21711 D TransportRuntime.JobInfoScheduler: Upload for context TransportContext(cct, DEFAULT, MSRodHRwczovL2ZpcmViYXNlbG9nZ2luZy5nb29nbGVhcGlzLmNvbS92MGNjL2xvZy9iYXRjaD9mb3JtYXQ9anNvbl9wcm90bzNc) is already scheduled. Returning...
07-14 04:24:32.695  1275  1430 E DisplayDeviceConfig: requesting nits when no mapping exists.
07-14 04:24:32.695  1275  1430 E DisplayDeviceConfig: requesting nits when no mapping exists.
07-14 04:24:32.695  1124  1183 E HWComposer: operator(): operator() failed for display 4619827820427265280: Unsupported (8)
07-14 04:24:32.695  1275  1430 E SurfaceFlinger: setDisplayBrightness: failed to transact: -38
07-14 04:24:32.696 21515 21711 D TransportRuntime.SQLiteEventStore: Storing event with priority=VERY_LOW, name=FIREBASE_ML_SDK for destination cct
07-14 04:24:32.697 21515 21711 D TransportRuntime.JobInfoScheduler: Upload for context TransportContext(cct, VERY_LOW, MSRodHRwczovL2ZpcmViYXNlbG9nZ2luZy5nb29nbGVhcGlzLmNvbS92MGNjL2xvZy9iYXRjaD9mb3JtYXQ9anNvbl9wcm90bzNc) is already scheduled. Returning...
07-14 04:24:32.699 21515 21711 D TransportRuntime.SQLiteEventStore: Storing event with priority=VERY_LOW, name=FIREBASE_ML_SDK for destination cct
07-14 04:24:32.700 21515 21711 D TransportRuntime.JobInfoScheduler: Upload for context TransportContext(cct, VERY_LOW, MSRodHRwczovL2ZpcmViYXNlbG9nZ2luZy5nb29nbGVhcGlzLmNvbS92MGNjL2xvZy9iYXRjaD9mb3JtYXQ9anNvbl9wcm90bzNc) is already scheduled. Returning...
07-14 04:24:32.706  1275  1430 E DisplayDeviceConfig: requesting nits when no mapping exists.
07-14 04:24:32.706  1275  1430 E DisplayDeviceConfig: requesting nits when no mapping exists.
07-14 04:24:32.707  1124  1183 E HWComposer: operator(): operator() failed for display 4619827820427265280: Unsupported (8)
07-14 04:24:32.708  1275  1430 E SurfaceFlinger: setDisplayBrightness: failed to transact: -38
07-14 04:24:32.712 21515 21547 D gralloc_x86: gralloc_alloc: Creating ashmem region of size 61440
07-14 04:24:32.720 21515 21718 D oozh.translato: Features: 0 0 0
07-14 04:24:32.720 21515 21718 E oozh.translato: vulkan version is 4211017
07-14 04:24:32.721 21515 21718 D gralloc_x86: gralloc_alloc: Creating ashmem region of size 61440
07-14 04:24:32.721 21515 21718 D gralloc_x86: gralloc_alloc: Creating ashmem region of size 61440
07-14 04:24:32.723  1275  1430 E DisplayDeviceConfig: requesting nits when no mapping exists.
07-14 04:24:32.723  1275  1430 E DisplayDeviceConfig: requesting nits when no mapping exists.
07-14 04:24:32.724  1124  1183 E HWComposer: operator(): operator() failed for display 4619827820427265280: Unsupported (8)
07-14 04:24:32.725  1275  1430 E SurfaceFlinger: setDisplayBrightness: failed to transact: -38
07-14 04:24:32.739  1275  1430 E DisplayDeviceConfig: requesting nits when no mapping exists.
07-14 04:24:32.740  1275  1430 E DisplayDeviceConfig: requesting nits when no mapping exists.
07-14 04:24:32.740  1124  2998 E HWComposer: operator(): operator() failed for display 4619827820427265280: Unsupported (8)
07-14 04:24:32.740  1275  1430 E SurfaceFlinger: setDisplayBrightness: failed to transact: -38
07-14 04:24:32.756  1275  1430 E DisplayDeviceConfig: requesting nits when no mapping exists.
07-14 04:24:32.756  1275  1430 E DisplayDeviceConfig: requesting nits when no mapping exists.
07-14 04:24:32.756  1124  2998 E HWComposer: operator(): operator() failed for display 4619827820427265280: Unsupported (8)
07-14 04:24:32.756  1275  1430 E SurfaceFlinger: setDisplayBrightness: failed to transact: -38
07-14 04:24:32.849  1275  1275 W NotificationHistory: Attempted to add notif for locked/gone/disabled user 0
07-14 04:24:32.861  1457  1457 D InterruptionStateProvider: No bubble up: not allowed to bubble: 0|com.poozh.translator|3108|null|10058
07-14 04:24:32.862  1457  1457 D InterruptionStateProvider: No heads up: unimportant notification: 0|com.poozh.translator|3108|null|10058
07-14 04:24:32.863  1457  1668 D PeopleSpaceWidgetMgr: Sbn doesn't contain valid PeopleTileKey: null/0/com.poozh.translator
07-14 04:24:32.917  1457  1457 D InterruptionStateProvider: No bubble up: not allowed to bubble: 0|com.poozh.translator|3108|null|10058
07-14 04:24:32.918  1457  1457 D InterruptionStateProvider: No heads up: unimportant notification: 0|com.poozh.translator|3108|null|10058
07-14 04:24:32.924  1457  1668 D PeopleSpaceWidgetMgr: Sbn doesn't contain valid PeopleTileKey: null/0/com.poozh.translator
07-14 04:24:32.963  1275  1275 W NotificationHistory: Attempted to add notif for locked/gone/disabled user 0
07-14 04:24:32.978  1457  1457 D InterruptionStateProvider: No bubble up: not allowed to bubble: 0|android|0|com.android.server.wm.AlertWindowNotification - com.poozh.translator|1000
07-14 04:24:32.978  1457  1457 D InterruptionStateProvider: No heads up: unimportant notification: 0|android|0|com.android.server.wm.AlertWindowNotification - com.poozh.translator|1000
07-14 04:24:32.978  1457  1668 D PeopleSpaceWidgetMgr: Sbn doesn't contain valid PeopleTileKey: null/0/android
07-14 04:24:34.528  1427  1427 D DropboxReceiver: dropbox tag: system_server_wtf
07-14 04:24:34.528  1427  1427 D DropboxReceiver: dropbox time: 1783974272562
07-14 04:24:34.528  1427  1427 D DropboxReceiver: dropbox file is not to be trackd
07-14 04:24:34.664 21720 21720 I adbd    : type=1400 audit(0.0:145192): avc: denied { search } for name="/" dev="sda6" ino=2 scontext=u:r:adbd:s0 tcontext=u:object_r:unlabeled:s0 tclass=dir permissive=1
07-14 04:24:34.680 21722 21722 D ProcessState: Binder ioctl to enable oneway spam detection failed: Invalid argument
07-14 04:24:34.668 21720 21720 I sh      : type=1400 audit(0.0:145193): avc: denied { read } for name="/" dev="sda6" ino=2 scontext=u:r:adbd:s0 tcontext=u:object_r:unlabeled:s0 tclass=dir permissive=1
07-14 04:24:34.668 21720 21720 I sh      : type=1400 audit(0.0:145194): avc: denied { getattr } for path="/system" dev="sda6" ino=2 scontext=u:r:adbd:s0 tcontext=u:object_r:unlabeled:s0 tclass=dir permissive=1
07-14 04:24:34.699  1275  1433 I ActivityTaskManager: START u0 {cmp=com.android.systemui/.media.MediaProjectionPermissionActivity} from uid 10058, pid 21515
07-14 04:24:34.700  1275  1433 I ActivityTaskManager: [KeepAlive] disabled for com.android.systemui
07-14 04:24:34.702  1275  1433 D CompatibilityChangeReporter: Compat change id reported: 197654537; UID 10058; state: ENABLED
07-14 04:24:34.708  1275  1433 W ActivityTaskManager: Tried to set launchTime (0) < mLastActivityLaunchTime (2910557836)
07-14 04:24:34.713  1275  1433 D CompatibilityChangeReporter: Compat change id reported: 181136395; UID 10058; state: DISABLED
07-14 04:24:34.713  1275  1433 D CompatibilityChangeReporter: Compat change id reported: 174042936; UID 10058; state: DISABLED
07-14 04:24:34.749  1457  1611 D gralloc_x86: gralloc_alloc: Creating ashmem region of size 1449984
07-14 04:24:34.748  1457  1457 I RenderThread: type=1400 audit(0.0:145195): avc: denied { search } for name="/" dev="sda6" ino=2 scontext=u:r:platform_app:s0:c512,c768 tcontext=u:object_r:unlabeled:s0 tclass=dir permissive=1 app=com.android.systemui
07-14 04:24:34.765  1457 21726 D ndroid.systemu: Features: 0 0 0
07-14 04:24:34.765  1457 21726 E ndroid.systemu: vulkan version is 4211017
07-14 04:24:34.765  1457 21726 D gralloc_x86: gralloc_alloc: Creating ashmem region of size 1449984
07-14 04:24:34.766  1457 21726 D gralloc_x86: gralloc_alloc: Creating ashmem region of size 1449984
07-14 04:24:34.774  1457  1611 D gralloc_x86: gralloc_alloc: Creating ashmem region of size 4096
07-14 04:24:34.783  1457 21727 D ndroid.systemu: Features: 0 0 0
07-14 04:24:34.783  1457 21727 E ndroid.systemu: vulkan version is 4211017
07-14 04:24:34.785  1457 21727 D gralloc_x86: gralloc_alloc: Creating ashmem region of size 4096
07-14 04:24:34.786  1457 21727 D gralloc_x86: gralloc_alloc: Creating ashmem region of size 4096
07-14 04:24:34.788  1021  1021 I lmkd    : type=1400 audit(0.0:145196): avc: denied { write } for name="oom_score_adj" dev="proc" ino=4223607 scontext=u:r:init:s0 tcontext=u:r:untrusted_app:s0:c58,c256,c512,c768 tclass=file permissive=1
07-14 04:24:34.801  1275  1295 W NotificationHistory: Attempted to remove channel for locked/gone/disabled user 0
07-14 04:24:34.803  1275  1292 I ActivityTaskManager: Displayed com.android.systemui/.media.MediaProjectionPermissionActivity: +84ms
07-14 04:24:34.846  1457  1668 D PeopleSpaceWidgetMgr: Sbn doesn't contain valid PeopleTileKey: null/0/android
07-14 04:24:35.042  1275  1433 W InputManager-JNI: Input channel object '82b421e Toast (client)' was disposed without first being removed with the input manager!
07-14 04:24:35.046  1275  1433 W NotificationService: Toast already killed. pkg=com.poozh.translator token=android.os.BinderProxy@b5415c0
07-14 04:24:37.915 21728 21728 D ProcessState: Binder ioctl to enable oneway spam detection failed: Invalid argument
07-14 04:24:42.734  1457  1457 D InterruptionStateProvider: No bubble up: not allowed to bubble: 0|com.mumu.store|-1679252459|null|1000
07-14 04:24:42.734  1457  1457 D InterruptionStateProvider: No bubble up: not allowed to bubble: 0|com.mumu.store|1|null|1000
07-14 04:24:42.734  1457  1457 D InterruptionStateProvider: No bubble up: not allowed to bubble: 0|com.android.permissioncontroller|1|HibernationJobService|10036
07-14 04:24:42.734  1457  1457 D InterruptionStateProvider: No bubble up: not allowed to bubble: 0|com.poozh.translator|3108|null|10058
07-14 04:24:42.758  1457  1457 D InterruptionStateProvider: No bubble up: not allowed to bubble: 0|com.mumu.store|1|null|1000
07-14 04:24:42.758  1457  1457 D InterruptionStateProvider: No bubble up: not allowed to bubble: 0|com.mumu.store|-1679252459|null|1000
07-14 04:24:42.758  1457  1457 D InterruptionStateProvider: No bubble up: not allowed to bubble: 0|com.android.permissioncontroller|1|HibernationJobService|10036
07-14 04:24:42.758  1457  1457 D InterruptionStateProvider: No bubble up: not allowed to bubble: 0|com.poozh.translator|3108|null|10058
07-14 04:24:43.176  1042 21719 I keystore2: keystore2::watchdog: Watchdog thread idle -> terminating. Have a great day.
07-14 04:24:45.903  1275  1275 W WindowManager: removeWindowToken: Attempted to remove non-existing token: android.os.Binder@30efe2b
07-14 04:25:11.914 21731 21731 I adbd    : type=1400 audit(0.0:145198): avc: denied { execute } for name="sh" dev="sda6" ino=847 scontext=u:r:adbd:s0 tcontext=u:object_r:unlabeled:s0 tclass=file permissive=1
07-14 04:25:11.914 21731 21731 I adbd    : type=1400 audit(0.0:145199): avc: denied { read open } for path="/system/bin/sh" dev="sda6" ino=847 scontext=u:r:adbd:s0 tcontext=u:object_r:unlabeled:s0 tclass=file permissive=1
07-14 04:25:11.914 21731 21731 I adbd    : type=1400 audit(0.0:145200): avc: denied { execute_no_trans } for path="/system/bin/sh" dev="sda6" ino=847 scontext=u:r:adbd:s0 tcontext=u:object_r:unlabeled:s0 tclass=file permissive=1
07-14 04:25:11.914 21731 21731 I sh      : type=1400 audit(0.0:145201): avc: denied { map } for path="/system/bin/sh" dev="sda6" ino=847 scontext=u:r:adbd:s0 tcontext=u:object_r:unlabeled:s0 tclass=file permissive=1
07-14 04:25:11.914 21731 21731 I sh      : type=1400 audit(0.0:145202): avc: denied { getattr } for path="/system/bin/sh" dev="sda6" ino=847 scontext=u:r:adbd:s0 tcontext=u:object_r:unlabeled:s0 tclass=file permissive=1
07-14 04:25:11.965  1275  1311 E system_server: Cannot read thread CPU times for PID 1275
07-14 04:25:12.005 21731 21731 D AndroidRuntime: >>>>>> START com.android.internal.os.RuntimeInit uid 2000 <<<<<<
07-14 04:25:12.009 21731 21731 I AndroidRuntime: Using default boot image
07-14 04:25:12.009 21731 21731 I AndroidRuntime: Leaving lock profiling enabled
07-14 04:25:12.018 21731 21731 W app_process: ART APEX data files are untrusted.
07-14 04:25:12.147 21731 21731 D app_process: Time zone APEX ICU file found: /apex/com.android.tzdata/etc/icu/icu_tzdata.dat
07-14 04:25:12.147 21731 21731 D app_process: I18n APEX ICU file found: /apex/com.android.i18n/etc/icu/icudt68l.dat
07-14 04:25:12.157 21731 21731 W app_process: Unexpected CPU variant for X86 using defaults: x86_64
07-14 04:25:12.157 21731 21731 W System  : ClassLoader referenced unknown path: /system/framework/android.test.runner.jar
07-14 04:25:12.180 21731 21731 I Zygote  : config file alreay parse:/data/system/etc/mumu-configs/device-prop-configs/mumu.config
07-14 04:25:12.180 21731 21731 E Zygote  : The " /system/etc/mumu-configs/device-prop-configs/arm.config" app property config file not exists!
07-14 04:25:12.180 21731 21731 W Zygote  : In ".*shootgame.*" have not valid property config, ignore it
07-14 04:25:12.180 21731 21731 E Zygote  : The " /system/etc/mumu-configs/device-prop-configs/arm.config" app property config file not exists!
07-14 04:25:12.180 21731 21731 W Zygote  : In ".*hanju.*" have not valid property config, ignore it
07-14 04:25:12.181 21731 21731 I Zygote  : config file alreay parse:/data/system/etc/mumu-configs/device-prop-configs/mumu.config
07-14 04:25:12.181 21731 21731 I Zygote  : config file alreay parse:/data/system/etc/mumu-configs/device-prop-configs/p50pro.config
07-14 04:25:12.181 21731 21731 I Zygote  : config file alreay parse:/data/system/etc/mumu-configs/device-prop-configs/p50pro.config
07-14 04:25:12.181 21731 21731 I Zygote  : getAppDeviceConfig find player priority
07-14 04:25:12.182 21731 21731 I Zygote  : getAppDeviceConfig find player priority
07-14 04:25:12.183 21731 21731 I Zygote  : config file alreay parse:/data/system/etc/mumu-configs/device-prop-configs/tzyxmznew.config
07-14 04:25:12.183 21731 21731 I Zygote  : config file alreay parse:/data/system/etc/mumu-configs/device-prop-configs/mate10pro.config
07-14 04:25:12.183 21731 21731 I Zygote  : config file alreay parse:/data/system/etc/mumu-configs/device-prop-configs/gjqtmyr.config
07-14 04:25:12.183 21731 21731 I Zygote  : config file alreay parse:/data/system/etc/mumu-configs/device-prop-configs/mate10pro.config
07-14 04:25:12.183 21731 21731 I Zygote  : config file alreay parse:/data/system/etc/mumu-configs/device-prop-configs/mumu.config
07-14 04:25:12.183 21731 21731 I Zygote  : config file alreay parse:/data/system/etc/mumu-configs/device-prop-configs/xiaomi6.config
07-14 04:25:12.184 21731 21731 I Zygote  : config file alreay parse:/data/system/etc/mumu-configs/device-prop-configs/mate10pro.config
07-14 04:25:12.184 21731 21731 I Zygote  : config file alreay parse:/data/system/etc/mumu-configs/device-prop-configs/mate10pro.config
07-14 04:25:12.184 21731 21731 I Zygote  : config file alreay parse:/data/system/etc/mumu-configs/device-prop-configs/xiaomi11pro.config
07-14 04:25:12.184 21731 21731 I Zygote  : config file alreay parse:/data/system/etc/mumu-configs/device-prop-configs/mumu.config
07-14 04:25:12.184 21731 21731 I Zygote  : config file alreay parse:/data/system/etc/mumu-configs/device-prop-configs/mumu.config
07-14 04:25:12.184 21731 21731 I Zygote  : config file alreay parse:/data/system/etc/mumu-configs/device-prop-configs/mumu.config
07-14 04:25:12.184 21731 21731 I Zygote  : config file alreay parse:/data/system/etc/mumu-configs/device-prop-configs/mumu.config
07-14 04:25:12.184 21731 21731 I Zygote  : config file alreay parse:/data/system/etc/mumu-configs/device-prop-configs/mumu.config
07-14 04:25:12.184 21731 21731 I Zygote  : config file alreay parse:/data/system/etc/mumu-configs/device-prop-configs/mumu.config
07-14 04:25:12.184 21731 21731 I Zygote  : config file alreay parse:/data/system/etc/mumu-configs/device-prop-configs/mumu.config
07-14 04:25:12.185 21731 21731 I Zygote  : config file alreay parse:/data/system/etc/mumu-configs/device-prop-configs/mumu.config
07-14 04:25:12.185 21731 21731 I Zygote  : config file alreay parse:/data/system/etc/mumu-configs/device-prop-configs/mumu.config
07-14 04:25:12.185 21731 21731 I Zygote  : config file alreay parse:/data/system/etc/mumu-configs/device-prop-configs/xiaomi11pro.config
07-14 04:25:12.185 21731 21731 I Zygote  : config file alreay parse:/data/system/etc/mumu-configs/device-prop-configs/xiaomi11pro.config
07-14 04:25:12.185 21731 21731 I Zygote  : config file alreay parse:/data/system/etc/mumu-configs/device-prop-configs/xiaomi11pro.config
07-14 04:25:12.185 21731 21731 I Zygote  : config file alreay parse:/data/system/etc/mumu-configs/device-prop-configs/xiaomi11pro.config
07-14 04:25:12.185 21731 21731 I Zygote  : config file alreay parse:/data/system/etc/mumu-configs/device-prop-configs/xiaomi11pro.config
07-14 04:25:12.185 21731 21731 I Zygote  : config file alreay parse:/data/system/etc/mumu-configs/device-prop-configs/mumu.config
07-14 04:25:12.185 21731 21731 I Zygote  : config file alreay parse:/data/system/etc/mumu-configs/device-prop-configs/mumu.config
07-14 04:25:12.185 21731 21731 I Zygote  : config file alreay parse:/data/system/etc/mumu-configs/device-prop-configs/mumu.config
07-14 04:25:12.186 21731 21731 I Zygote  : config file alreay parse:/data/system/etc/mumu-configs/device-prop-configs/mumu.config
07-14 04:25:12.187 21731 21731 I Zygote  : config file alreay parse:/data/system/etc/mumu-configs/device-prop-configs/xiaomi14pro.config
07-14 04:25:12.187 21731 21731 I Zygote  : config file alreay parse:/data/system/etc/mumu-configs/device-prop-configs/xiaomi14pro.config
07-14 04:25:12.187 21731 21731 I Zygote  : config file alreay parse:/data/system/etc/mumu-configs/device-prop-configs/xiaomi14pro.config
07-14 04:25:12.187 21731 21731 I Zygote  : config file alreay parse:/data/system/etc/mumu-configs/device-prop-configs/overseas_sim_info.config
07-14 04:25:12.188 21731 21731 I Zygote  : config file alreay parse:/data/system/etc/mumu-configs/device-prop-configs/overseas_sim_info.config
07-14 04:25:12.188 21731 21731 I Zygote  : config file alreay parse:/data/system/etc/mumu-configs/device-prop-configs/xiaomi8_arm.config
07-14 04:25:12.188 21731 21731 I Zygote  : config file alreay parse:/data/system/etc/mumu-configs/device-prop-configs/x86.config
07-14 04:25:12.189 21731 21731 I Zygote  : config file alreay parse:/data/system/etc/mumu-configs/device-prop-configs/tzyxmznew.config
07-14 04:25:12.189 21731 21731 I Zygote  : config file alreay parse:/data/system/etc/mumu-configs/device-prop-configs/xiaomi8_arm.config
07-14 04:25:12.189 21731 21731 I Zygote  : config file alreay parse:/data/system/etc/mumu-configs/device-prop-configs/pad.config
07-14 04:25:12.193 21731 21731 I Zygote  : config file alreay parse:/system/etc/mumu-configs/device-prop-configs/yyb.config
07-14 04:25:12.193 21731 21731 I Zygote  : config file alreay parse:/data/system/etc/mumu-configs/device-prop-configs/samsungsms9006.config
07-14 04:25:12.193 21731 21731 I Zygote  : config file alreay parse:/system/etc/mumu-configs/device-prop-configs/yyb.config
07-14 04:25:12.193 21731 21731 I Zygote  : config file alreay parse:/data/system/etc/mumu-configs/device-prop-configs/xiaomi8_arm.config
07-14 04:25:12.194 21731 21731 I Zygote  : config file alreay parse:/data/system/etc/mumu-configs/device-prop-configs/coc.config
07-14 04:25:12.194 21731 21731 I Zygote  : config file alreay parse:/data/system/etc/mumu-configs/device-prop-configs/liapp.config
07-14 04:25:12.194 21731 21731 I Zygote  : config file alreay parse:/data/system/etc/mumu-configs/device-prop-configs/xiaomi8_arm.config
07-14 04:25:12.194 21731 21731 I Zygote  : config file alreay parse:/data/system/etc/mumu-configs/device-prop-configs/overseas_sim_info.config
07-14 04:25:12.194 21731 21731 I Zygote  : config file alreay parse:/data/system/etc/mumu-configs/device-prop-configs/liapp.config
07-14 04:25:12.194 21731 21731 I Zygote  : config file alreay parse:/data/system/etc/mumu-configs/device-prop-configs/liapp.config
07-14 04:25:12.194 21731 21731 I Zygote  : config file alreay parse:/data/system/etc/mumu-configs/device-prop-configs/xiaomi8_arm.config
07-14 04:25:12.194 21731 21731 I Zygote  : config file alreay parse:/data/system/etc/mumu-configs/device-prop-configs/xiaomi8_arm.config
07-14 04:25:12.195 21731 21731 I Zygote  : config file alreay parse:/data/system/etc/mumu-configs/device-prop-configs/xiaomi8_arm.config
07-14 04:25:12.195 21731 21731 I Zygote  : config file alreay parse:/data/system/etc/mumu-configs/device-prop-configs/arm64.config
07-14 04:25:12.195 21731 21731 I Zygote  : config file alreay parse:/data/system/etc/mumu-configs/device-prop-configs/xiaomi8_arm.config
07-14 04:25:12.195 21731 21731 I Zygote  : config file alreay parse:/data/system/etc/mumu-configs/device-prop-configs/samsungsms9080.config
07-14 04:25:12.195 21731 21731 I Zygote  : config file alreay parse:/data/system/etc/mumu-configs/device-prop-configs/xiaomi14pro.config
07-14 04:25:12.196 21731 21731 I Zygote  : config file alreay parse:/data/system/etc/mumu-configs/device-prop-configs/arm64.config
07-14 04:25:12.196 21731 21731 I Zygote  : config file alreay parse:/data/system/etc/mumu-configs/device-prop-configs/arm64.config
07-14 04:25:12.196 21731 21731 I Zygote  : config file alreay parse:/data/system/etc/mumu-configs/device-prop-configs/xiaomi8_arm.config
07-14 04:25:12.196 21731 21731 I Zygote  : config file alreay parse:/data/system/etc/mumu-configs/device-prop-configs/xiaomi8_arm.config
07-14 04:25:12.197 21731 21731 I Zygote  : config file alreay parse:/system/etc/mumu-configs/device-prop-configs/yyb.config
07-14 04:25:12.197 21731 21731 I Zygote  : config file alreay parse:/data/system/etc/mumu-configs/device-prop-configs/samsung_v2q.config
07-14 04:25:12.197 21731 21731 I Zygote  : config file alreay parse:/data/system/etc/mumu-configs/device-prop-configs/samsung_v2q.config
07-14 04:25:12.197 21731 21731 I Zygote  : config file alreay parse:/data/system/etc/mumu-configs/device-prop-configs/samsung_v2q.config
07-14 04:25:12.197 21731 21731 I Zygote  : config file alreay parse:/data/system/etc/mumu-configs/device-prop-configs/samsung_v2q.config
07-14 04:25:12.197 21731 21731 I Zygote  : config file alreay parse:/data/system/etc/mumu-configs/device-prop-configs/arm64.config
07-14 04:25:12.197 21731 21731 I Zygote  : config file alreay parse:/data/system/etc/mumu-configs/device-prop-configs/arm64.config
07-14 04:25:12.197 21731 21731 I Zygote  : config file alreay parse:/data/system/etc/mumu-configs/device-prop-configs/samsungsms9080.config
07-14 04:25:12.197 21731 21731 I Zygote  : config file alreay parse:/data/system/etc/mumu-configs/device-prop-configs/arm64.config
07-14 04:25:12.197 21731 21731 I Zygote  : config file alreay parse:/data/system/etc/mumu-configs/device-prop-configs/arm64.config
07-14 04:25:12.197 21731 21731 I Zygote  : config file alreay parse:/data/system/etc/mumu-configs/device-prop-configs/arm64.config
07-14 04:25:12.197 21731 21731 I Zygote  : config file alreay parse:/data/system/etc/mumu-configs/device-prop-configs/liapp.config
07-14 04:25:12.198 21731 21731 I Zygote  : config file alreay parse:/data/system/etc/mumu-configs/device-prop-configs/arm64.config
07-14 04:25:12.198 21731 21731 I Zygote  : config file alreay parse:/data/system/etc/mumu-configs/device-prop-configs/arm64.config
07-14 04:25:12.198 21731 21731 I Zygote  : config file alreay parse:/data/system/etc/mumu-configs/device-prop-configs/arm64.config
07-14 04:25:12.198 21731 21731 I Zygote  : config file alreay parse:/data/system/etc/mumu-configs/device-prop-configs/arm64.config
07-14 04:25:12.198 21731 21731 I Zygote  : config file alreay parse:/data/system/etc/mumu-configs/device-prop-configs/arm64.config
07-14 04:25:12.198 21731 21731 I Zygote  : config file alreay parse:/data/system/etc/mumu-configs/device-prop-configs/arm64.config
07-14 04:25:12.198 21731 21731 I Zygote  : config file alreay parse:/data/system/etc/mumu-configs/device-prop-configs/samsungsmg9910.config
07-14 04:25:12.199 21731 21731 I Zygote  : config file alreay parse:/data/system/etc/mumu-configs/device-prop-configs/arm64.config
07-14 04:25:12.199 21731 21731 I Zygote  : config file alreay parse:/data/system/etc/mumu-configs/device-prop-configs/yunos.config
07-14 04:25:12.199 21731 21731 I Zygote  : config file alreay parse:/data/system/etc/mumu-configs/device-prop-configs/yunos.config
07-14 04:25:12.199 21731 21731 I Zygote  : config file alreay parse:/data/system/etc/mumu-configs/device-prop-configs/yunos.config
07-14 04:25:12.199 21731 21731 I Zygote  : config file alreay parse:/data/system/etc/mumu-configs/device-prop-configs/arm64.config
07-14 04:25:12.199 21731 21731 I Zygote  : config file alreay parse:/system/etc/mumu-configs/device-prop-configs/yyb.config
07-14 04:25:12.199 21731 21731 I Zygote  : config file alreay parse:/data/system/etc/mumu-configs/device-prop-configs/yunos.config
07-14 04:25:12.199 21731 21731 I Zygote  : config file alreay parse:/data/system/etc/mumu-configs/device-prop-configs/samsung_s22_ultra.config
07-14 04:25:12.199 21731 21731 I Zygote  : config file alreay parse:/data/system/etc/mumu-configs/device-prop-configs/samsung_s22_ultra.config
07-14 04:25:12.200 21731 21731 I Zygote  : config file alreay parse:/data/system/etc/mumu-configs/device-prop-configs/arm64.config
07-14 04:25:12.200 21731 21731 I Zygote  : config file alreay parse:/data/system/etc/mumu-configs/device-prop-configs/arm64.config
07-14 04:25:12.200 21731 21731 I Zygote  : config file alreay parse:/data/system/etc/mumu-configs/device-prop-configs/arm64.config
07-14 04:25:12.200 21731 21731 I Zygote  : config file alreay parse:/data/system/etc/mumu-configs/device-prop-configs/arm64.config
07-14 04:25:12.200 21731 21731 I Zygote  : config file alreay parse:/data/system/etc/mumu-configs/device-prop-configs/samsung_s22_ultra.config
07-14 04:25:12.200 21731 21731 I Zygote  : config file alreay parse:/data/system/etc/mumu-configs/device-prop-configs/arm64.config
07-14 04:25:12.200 21731 21731 I Zygote  : config file alreay parse:/data/system/etc/mumu-configs/device-prop-configs/samsung_s22_ultra.config
07-14 04:25:12.200 21731 21731 I Zygote  : config file alreay parse:/data/system/etc/mumu-configs/device-prop-configs/arm64.config
07-14 04:25:12.200 21731 21731 I Zygote  : config file alreay parse:/data/system/etc/mumu-configs/device-prop-configs/arm64.config
07-14 04:25:12.201 21731 21731 I Zygote  : config file alreay parse:/data/system/etc/mumu-configs/device-prop-configs/samsung_s22_ultra.config
07-14 04:25:12.201 21731 21731 I Zygote  : config file alreay parse:/data/system/etc/mumu-configs/device-prop-configs/arm64.config
07-14 04:25:12.201 21731 21731 I Zygote  : config file alreay parse:/data/system/etc/mumu-configs/device-prop-configs/arm64.config
07-14 04:25:12.201 21731 21731 I Zygote  : config file alreay parse:/data/system/etc/mumu-configs/device-prop-configs/arm64.config
07-14 04:25:12.201 21731 21731 I Zygote  : config file alreay parse:/data/system/etc/mumu-configs/device-prop-configs/liapp.config
07-14 04:25:12.201 21731 21731 I Zygote  : config file alreay parse:/data/system/etc/mumu-configs/device-prop-configs/samsung_s22_ultra.config
07-14 04:25:12.215 21731 21731 D Zygote  : Apps device config data:{com\.wan\.lzgtwan={ro.build.version.all_codenames=REL, ro.product.manufacturer=Xiaomi, ro.boot.ramdump=disable, ro.vendor.build.date=Sun, ro.build.hardware.version=V1, ro.hardware=qcom, ro.build.version.codename=REL, ro.build.version.release=12.0.0, ro.bootimage.build.fingerprint=Xiaomi/dipper/dipper:12.0.0/OPM1.171019.026/V10.0.11.0.OEACNFH:user/release-keys, ro.build.date.utc=1541867668, ro.bootimage.build.date.utc=1541867668, ro.product.cuptsm=XIAOMI|ESE|02|01, ro.vendor.extension_library=libqti-perfd-client.so, ro.product.cpu.abilist64=arm64-v8a, ro.product.name=dipper, ro.boot.serialno=e20b6590, ro.product.locale=zh-CN, ro.board.platform=sdm845, qcom.bluetooth.soc=cherokee, ro.boot.hardware=qcom, ro.build.user=builder, ro.boot.hwc=CN, ro.bootimage.build.date=Sun, ro.product.cpu.abi=arm64-v8a, ro.build.product=dipper, ro.build.type=user, ro.build.description=dipper-user, ro.vendor.product.manufacturer=Xiaomi, ro.vendor.product.model=MI, ro.product.cpu.abilist32=armeabi-v7a,armeabi, ro.build.version.sdk=31, ro.product.board=sdm845, ro.boot.verifiedbootstate=green, ro.build.version.incremental=V10.0.11.0.QQqun|788202866, ro.build.version.security_patch=2018-10-01, ro.product.cpu.abilist=arm64-v8a,armeabi-v7a,armeabi, ro.boot.secureboot=1, ro.vendor.product.device=dipper, ro.boot.hwlevel=MP, ro.build.date=Sun, ro.build.host=c3-miui-ota-bd123.bj, ro.build.tags=release-keys, ro.boot.usbcontroller=a600000.dwc3, ro.vendor.build.fingerprint=Xiaomi/dipper/dipper:12.0.0/OPM1.171019.026/V10.0.11.0.OEACNFH:user/release-keys, ro.product.brand=Xiaomi, ro.boot.baseband=sdm, ro.boot.veritymode=enforcing, ro.build.software.version=Android12.0.0_10, ro.build.flavor=dipper-user, ro.build.characteristics=nosdcard, ro.vendor.build.date.utc=1541867668, ro.product.model=MI, ro.boot.keymaster=1, ro.vendor.product.name=dipper, ro.product.first_api_level=31, ro.boot.hwversion=3.3.0, ro.product.device=dipper, ro.baseband=sdm, ro.build.fingerprint=Xiaomi/dipper/dipper:12.0.0/OPM1.171019.026/V10.0.11.0.OEACNFH:user/release-keys, ro.vendor.product.brand=Xiaomi, ro.build.version.preview_sdk=0, ro.product.cert=M1803E1A}, com\.yingche\.qnzl.*={ro.product.model=SM-S9080, ro.product.manufacturer=samsung, ro.product.name=SM-S9080, ro.product.board=SM-S9080, ro.product.brand=samsung, ro.product.device=SM-S9080}, com\.netease\.harrypotter.*={ro.product.model=MuMu, ro.product.manufacturer=Netease, ro.product.name=cancro, ro.product.board=hammerhead, ro.product.brand=Android, ro.product.device=cancro}, .*shangzhai\.yjfm.*={ro.product.system.name=v2qzc, ro.vendor.build.version.release_or_codename=12, ro.build.version.all_codenames=REL, ro.product.system_ext.device=qssi, ro.build.version.release_or_codename=12, ro.vendor.build.date=Wed Jul  6 12:02:44 KST 2022, ro.product.product.device=qssi, ro.build.version.security_index=1, ro.build.version.codename=REL, ro.system.build.version.release_or_codename=12, ro.bootimage.build.fingerprint=samsung/v2qzc/v2q:12/RP1A.200720.012/W2022ZCS2CVG1:user/release-keys, ro.product.name=v2qzc, ro.product.locale=zh-CN, ro.system.build.date.utc=1657075617, ro.product.vendor.model=SM-W2022, ro.bootloader=W2022ZCS2CVG1, ro.product.vendor.brand=samsung, ro.bootmode=unknown, ro.build.display.id=SP1A.210812.016.W2022ZCS2CVG1, ro.build.changelist=24219452, ro.build.user=dpi, ro.system_ext.build.fingerprint=samsung/v2qzc/qssi:12/SP1A.210812.016/W2022ZCS2CVG1:user/release-keys, gsm.version.baseband=W2022ZCS2CVG1,W2022ZCS2CVG1, ro.product.property_source_order=odm,vendor,product,system_ext,system, ro.system.build.version.release=12, ro.product.board=lahaina, ro.product.system.manufacturer=samsung, gsm.version.ril-impl=Samsung RIL v4.0, ro.build.PDA=W2022ZCS2CVG1, ro.product.build.id=SP1A.210812.016, ro.product.system_ext.model=SM-W2022, ro.product.odm.name=v2qzc, ro.build.official.release=true, ro.build.version.security_patch=2022-05-01, ro.system.build.type=user, ro.product.build.version.release=12, ro.product.system_ext.manufacturer=samsung, ro.odm.build.tags=release-keys, 
07-14 04:25:12.215 21731 21731 D Zygote  : Apps device config player priority data: [.*com\.riotgames\.league\.wildrift.*, .*dts\.freefire.*]
07-14 04:25:12.215 21731 21731 E Zygote  : The " /pcgame/app-device-prop-overlay.config" property config file not exists!
07-14 04:25:12.216 21731 21731 D Zygote  : getAppDeviceChannelConfig pattern = .*\.mi
07-14 04:25:12.216 21731 21731 D Zygote  : getAppDeviceChannelConfig pattern = .*\.samsung
07-14 04:25:12.217 21731 21731 D Zygote  : getAppDeviceChannelConfig pattern = .*\.huawei
07-14 04:25:12.218 21731 21731 D Zygote  : Apps device channel config data:{.*\.samsung={ro.product.model=SM-G9910, ro.product.manufacturer=samsung, ro.product.name=SM-G9910, ro.product.board=SM-G9910, ro.product.brand=samsung, ro.product.device=SM-G9910}, .*\.huawei={ro.product.model=BLA-AL00, ro.product.manufacturer=HUAWEI, ro.product.name=BLA-AL00, ro.product.board=BLA-AL00, ro.product.brand=HUAWEI, ro.product.device=BLA-AL00}, .*\.mi={ro.product.model=M2102K1AC, ro.product.manufacturer=Xiaomi, ro.product.name=mars, ro.product.board=mars, ro.product.brand=Xiaomi, ro.product.device=mars}}
07-14 04:25:12.225 21731 21731 D ProcessState: Binder ioctl to enable oneway spam detection failed: Invalid argument
07-14 04:25:12.225 21731 21731 D AndroidRuntime: Calling main entry com.android.commands.uiautomator.Launcher
07-14 04:25:12.243  1275  1275 D BatterySaverPolicy: accessibility changed to true, updating policy.
07-14 04:25:13.238  1457  1457 I ndroid.systemui: type=1400 audit(0.0:145212): avc: denied { call } for scontext=u:r:platform_app:s0:c512,c768 tcontext=u:r:adbd:s0 tclass=binder permissive=1 app=com.android.systemui
07-14 04:25:13.303  2073  2199 W MediaProvider: isAppCloneUserPair failed. Users: 0 and 0
07-14 04:25:13.303  2073  2199 W MediaProvider: isAppCloneUserPair for user 0: false
07-14 04:25:13.301  2073  2073 I Thread-3: type=1400 audit(0.0:145213): avc: denied { sendto } for path="/dev/socket/logdw" scontext=u:r:mediaprovider_app:s0:c37,c256,c512,c768 tcontext=u:r:init:s0 tclass=unix_dgram_socket permissive=1 app=com.android.providers.media.module
07-14 04:25:13.358 21731 21731 W AccessibilityNodeInfoDumper: Fetch time: 112ms
07-14 04:25:13.359  2073  2190 W StorageManager: ignore the failure of setting attributes for /storage/emulated/0/dlg.xml
07-14 04:25:13.359  1275  1275 D BatterySaverPolicy: accessibility changed to false, updating policy.
07-14 04:25:13.374 21731 21731 D hw-ProcessState: Binder ioctl to enable oneway spam detection failed: Invalid argument
07-14 04:25:13.374 21731 21731 D AndroidRuntime: Shutting down VM
07-14 04:25:13.358  1275  1275 I system_server: type=1400 audit(0.0:145214): avc: denied { connectto } for path="/dev/socket/property_service" scontext=u:r:system_server:s0 tcontext=u:r:kernel:s0 tclass=unix_stream_socket permissive=1
07-14 04:25:13.380  2073  2190 W StorageManager: ignore the failure of setting attributes for /storage/emulated/0/dlg.xml
07-14 04:25:23.214  1040  1045 I NemuSysOpt: Start compat memory
07-14 04:25:23.231  1040  1045 I NemuSysOpt: Compat memory done
07-14 04:25:25.190 21515 21711 D TransportRuntime.CctTransportBackend: Making request to: https://firebaselogging.googleapis.com/v0cc/log/batch?format=json_proto3
07-14 04:25:25.191 21515 21515 I pool-1-thread-1: type=1400 audit(0.0:145215): avc: denied { connectto } for path="/dev/socket/dnsproxyd" scontext=u:r:untrusted_app:s0:c58,c256,c512,c768 tcontext=u:r:init:s0 tclass=unix_stream_socket permissive=1 app=com.poozh.translator
07-14 04:25:25.204  1103  1103 I SkDestroyListen: type=1400 audit(0.0:145216): avc: denied { read } for scontext=u:r:init:s0 tcontext=u:r:init:s0 tclass=netlink_tcpdiag_socket permissive=1
07-14 04:25:25.214  1103  1103 I Binder:1103_2: type=1400 audit(0.0:145217): avc: denied { read write } for path="socket:[4224631]" dev="sockfs" ino=4224631 scontext=u:r:init:s0 tcontext=u:r:untrusted_app:s0:c58,c256,c512,c768 tclass=tcp_socket permissive=1
07-14 04:25:25.214  1103  1103 I Binder:1103_2: type=1400 audit(0.0:145218): avc: denied { getopt } for scontext=u:r:init:s0 tcontext=u:r:untrusted_app:s0:c58,c256,c512,c768 tclass=tcp_socket permissive=1
07-14 04:25:25.214  1103  1103 I Binder:1103_2: type=1400 audit(0.0:145219): avc: denied { setopt } for scontext=u:r:init:s0 tcontext=u:r:untrusted_app:s0:c58,c256,c512,c768 tclass=tcp_socket permissive=1
07-14 04:25:25.394  1103  1103 I netd    : type=1400 audit(0.0:145220): avc: denied { create } for scontext=u:r:init:s0 tcontext=u:r:init:s0 tclass=netlink_tcpdiag_socket permissive=1
07-14 04:25:25.394  1103  1103 I netd    : type=1400 audit(0.0:145221): avc: denied { connect } for scontext=u:r:init:s0 tcontext=u:r:init:s0 tclass=netlink_tcpdiag_socket permissive=1
07-14 04:25:27.683  1275  1317 V DisplayPowerController[0]: Brightness [0.05] reason changing to: 'manual [ dim ]', previous reason: 'manual'.
07-14 04:25:27.689  1275  1430 E DisplayDeviceConfig: requesting nits when no mapping exists.
07-14 04:25:27.689  1275  1430 E DisplayDeviceConfig: requesting nits when no mapping exists.
07-14 04:25:27.689  1124  2998 E HWComposer: operator(): operator() failed for display 4619827820427265280: Unsupported (8)
07-14 04:25:27.690  1275  1430 E SurfaceFlinger: setDisplayBrightness: failed to transact: -38
07-14 04:25:27.690  1275  1304 I DropBoxManagerService: add tag=system_server_wtf isTagEnabled=true flags=0x2
07-14 04:25:27.691  1275  1304 I DropBoxManagerService: add tag=system_server_wtf isTagEnabled=true flags=0x2
07-14 04:25:27.705  1275  1430 E DisplayDeviceConfig: requesting nits when no mapping exists.
07-14 04:25:27.706  1275  1430 E DisplayDeviceConfig: requesting nits when no mapping exists.
07-14 04:25:27.706  1124  2998 E HWComposer: operator(): operator() failed for display 4619827820427265280: Unsupported (8)
07-14 04:25:27.706  1275  1430 E SurfaceFlinger: setDisplayBrightness: failed to transact: -38
07-14 04:25:27.706  1275  1304 I DropBoxManagerService: add tag=system_server_wtf isTagEnabled=true flags=0x2
07-14 04:25:27.707  1275  1304 I DropBoxManagerService: add tag=system_server_wtf isTagEnabled=true flags=0x2
07-14 04:25:27.722  1275  1430 E DisplayDeviceConfig: requesting nits when no mapping exists.
07-14 04:25:27.722  1275  1430 E DisplayDeviceConfig: requesting nits when no mapping exists.
07-14 04:25:27.723  1124  2998 E HWComposer: operator(): operator() failed for display 4619827820427265280: Unsupported (8)
07-14 04:25:27.723  1275  1430 E SurfaceFlinger: setDisplayBrightness: failed to transact: -38
07-14 04:25:27.723  1275  1304 I DropBoxManagerService: add tag=system_server_wtf isTagEnabled=true flags=0x2
07-14 04:25:27.739  1275  1430 E DisplayDeviceConfig: requesting nits when no mapping exists.
07-14 04:25:27.739  1275  1430 E DisplayDeviceConfig: requesting nits when no mapping exists.
07-14 04:25:27.739  1124  2998 E HWComposer: operator(): operator() failed for display 4619827820427265280: Unsupported (8)
07-14 04:25:27.739  1275  1430 E SurfaceFlinger: setDisplayBrightness: failed to transact: -38
07-14 04:25:27.755  1275  1430 E DisplayDeviceConfig: requesting nits when no mapping exists.
07-14 04:25:27.756  1275  1430 E DisplayDeviceConfig: requesting nits when no mapping exists.
07-14 04:25:27.756  1124  2998 E HWComposer: operator(): operator() failed for display 4619827820427265280: Unsupported (8)
07-14 04:25:27.756  1275  1430 E SurfaceFlinger: setDisplayBrightness: failed to transact: -38
07-14 04:25:27.772  1275  1430 E DisplayDeviceConfig: requesting nits when no mapping exists.
07-14 04:25:27.773  1275  1430 E DisplayDeviceConfig: requesting nits when no mapping exists.
07-14 04:25:27.773  1124  2998 E HWComposer: operator(): operator() failed for display 4619827820427265280: Unsupported (8)
07-14 04:25:27.773  1275  1430 E SurfaceFlinger: setDisplayBrightness: failed to transact: -38
07-14 04:25:27.789  1275  1430 E DisplayDeviceConfig: requesting nits when no mapping exists.
07-14 04:25:27.789  1275  1430 E DisplayDeviceConfig: requesting nits when no mapping exists.
07-14 04:25:27.789  1124  2998 E HWComposer: operator(): operator() failed for display 4619827820427265280: Unsupported (8)
