07-14 04:09:06.195 21585 21585 D AndroidRuntime: >>>>>> START com.android.internal.os.RuntimeInit uid 2000 <<<<<<
07-14 04:09:06.205 21585 21585 I AndroidRuntime: Using default boot image
07-14 04:09:06.205 21585 21585 I AndroidRuntime: Leaving lock profiling enabled
07-14 04:09:06.201 21585 21585 I app_process: type=1400 audit(0.0:145097): avc: denied { read } for name="u:object_r:device_config_runtime_native_boot_prop:s0" dev="tmpfs" ino=10351 scontext=u:r:adbd:s0 tcontext=u:object_r:device_config_runtime_native_boot_prop:s0 tclass=file permissive=1
07-14 04:09:06.201 21585 21585 I app_process: type=1400 audit(0.0:145098): avc: denied { open } for path="/dev/__properties__/u:object_r:device_config_runtime_native_boot_prop:s0" dev="tmpfs" ino=10351 scontext=u:r:adbd:s0 tcontext=u:object_r:device_config_runtime_native_boot_prop:s0 tclass=file permissive=1
07-14 04:09:06.201 21585 21585 I app_process: type=1400 audit(0.0:145099): avc: denied { getattr } for path="/dev/__properties__/u:object_r:device_config_runtime_native_boot_prop:s0" dev="tmpfs" ino=10351 scontext=u:r:adbd:s0 tcontext=u:object_r:device_config_runtime_native_boot_prop:s0 tclass=file permissive=1
07-14 04:09:06.201 21585 21585 I app_process: type=1400 audit(0.0:145100): avc: denied { map } for path="/dev/__properties__/u:object_r:device_config_runtime_native_boot_prop:s0" dev="tmpfs" ino=10351 scontext=u:r:adbd:s0 tcontext=u:object_r:device_config_runtime_native_boot_prop:s0 tclass=file permissive=1
07-14 04:09:06.201 21585 21585 I app_process: type=1400 audit(0.0:145101): avc: denied { read } for name="u:object_r:odsign_prop:s0" dev="tmpfs" ino=10424 scontext=u:r:adbd:s0 tcontext=u:object_r:odsign_prop:s0 tclass=file permissive=1
07-14 04:09:06.201 21585 21585 I app_process: type=1400 audit(0.0:145102): avc: denied { open } for path="/dev/__properties__/u:object_r:odsign_prop:s0" dev="tmpfs" ino=10424 scontext=u:r:adbd:s0 tcontext=u:object_r:odsign_prop:s0 tclass=file permissive=1
07-14 04:09:06.201 21585 21585 I app_process: type=1400 audit(0.0:145103): avc: denied { getattr } for path="/dev/__properties__/u:object_r:odsign_prop:s0" dev="tmpfs" ino=10424 scontext=u:r:adbd:s0 tcontext=u:object_r:odsign_prop:s0 tclass=file permissive=1
07-14 04:09:06.201 21585 21585 I app_process: type=1400 audit(0.0:145104): avc: denied { map } for path="/dev/__properties__/u:object_r:odsign_prop:s0" dev="tmpfs" ino=10424 scontext=u:r:adbd:s0 tcontext=u:object_r:odsign_prop:s0 tclass=file permissive=1
07-14 04:09:06.264 21585 21585 I app_process: type=1400 audit(0.0:145105): avc: denied { read } for name="u:object_r:device_config_runtime_native_prop:s0" dev="tmpfs" ino=10352 scontext=u:r:adbd:s0 tcontext=u:object_r:device_config_runtime_native_prop:s0 tclass=file permissive=1
07-14 04:09:06.293 21585 21585 W app_process: ART APEX data files are untrusted.
07-14 04:09:06.355 21585 21585 D app_process: Time zone APEX ICU file found: /apex/com.android.tzdata/etc/icu/icu_tzdata.dat
07-14 04:09:06.355 21585 21585 D app_process: I18n APEX ICU file found: /apex/com.android.i18n/etc/icu/icudt68l.dat
07-14 04:09:06.374 21585 21585 W app_process: Unexpected CPU variant for X86 using defaults: x86_64
07-14 04:09:06.375 21585 21585 W System  : ClassLoader referenced unknown path: /system/framework/android.test.runner.jar
07-14 04:09:06.423 21585 21585 I Zygote  : config file alreay parse:/data/system/etc/mumu-configs/device-prop-configs/mumu.config
07-14 04:09:06.424 21585 21585 E Zygote  : The " /system/etc/mumu-configs/device-prop-configs/arm.config" app property config file not exists!
07-14 04:09:06.424 21585 21585 W Zygote  : In ".*shootgame.*" have not valid property config, ignore it
07-14 04:09:06.424 21585 21585 E Zygote  : The " /system/etc/mumu-configs/device-prop-configs/arm.config" app property config file not exists!
07-14 04:09:06.424 21585 21585 W Zygote  : In ".*hanju.*" have not valid property config, ignore it
07-14 04:09:06.424 21585 21585 I Zygote  : config file alreay parse:/data/system/etc/mumu-configs/device-prop-configs/mumu.config
07-14 04:09:06.424 21585 21585 I Zygote  : config file alreay parse:/data/system/etc/mumu-configs/device-prop-configs/p50pro.config
07-14 04:09:06.424 21585 21585 I Zygote  : config file alreay parse:/data/system/etc/mumu-configs/device-prop-configs/p50pro.config
07-14 04:09:06.425 21585 21585 I Zygote  : getAppDeviceConfig find player priority
07-14 04:09:06.425 21585 21585 I Zygote  : getAppDeviceConfig find player priority
07-14 04:09:06.426 21585 21585 I Zygote  : config file alreay parse:/data/system/etc/mumu-configs/device-prop-configs/tzyxmznew.config
07-14 04:09:06.426 21585 21585 I Zygote  : config file alreay parse:/data/system/etc/mumu-configs/device-prop-configs/mate10pro.config
07-14 04:09:06.426 21585 21585 I Zygote  : config file alreay parse:/data/system/etc/mumu-configs/device-prop-configs/gjqtmyr.config
07-14 04:09:06.427 21585 21585 I Zygote  : config file alreay parse:/data/system/etc/mumu-configs/device-prop-configs/mate10pro.config
07-14 04:09:06.427 21585 21585 I Zygote  : config file alreay parse:/data/system/etc/mumu-configs/device-prop-configs/mumu.config
07-14 04:09:06.427 21585 21585 I Zygote  : config file alreay parse:/data/system/etc/mumu-configs/device-prop-configs/xiaomi6.config
07-14 04:09:06.427 21585 21585 I Zygote  : config file alreay parse:/data/system/etc/mumu-configs/device-prop-configs/mate10pro.config
07-14 04:09:06.427 21585 21585 I Zygote  : config file alreay parse:/data/system/etc/mumu-configs/device-prop-configs/mate10pro.config
07-14 04:09:06.427 21585 21585 I Zygote  : config file alreay parse:/data/system/etc/mumu-configs/device-prop-configs/xiaomi11pro.config
07-14 04:09:06.427 21585 21585 I Zygote  : config file alreay parse:/data/system/etc/mumu-configs/device-prop-configs/mumu.config
07-14 04:09:06.427 21585 21585 I Zygote  : config file alreay parse:/data/system/etc/mumu-configs/device-prop-configs/mumu.config
07-14 04:09:06.427 21585 21585 I Zygote  : config file alreay parse:/data/system/etc/mumu-configs/device-prop-configs/mumu.config
07-14 04:09:06.427 21585 21585 I Zygote  : config file alreay parse:/data/system/etc/mumu-configs/device-prop-configs/mumu.config
07-14 04:09:06.427 21585 21585 I Zygote  : config file alreay parse:/data/system/etc/mumu-configs/device-prop-configs/mumu.config
07-14 04:09:06.428 21585 21585 I Zygote  : config file alreay parse:/data/system/etc/mumu-configs/device-prop-configs/mumu.config
07-14 04:09:06.428 21585 21585 I Zygote  : config file alreay parse:/data/system/etc/mumu-configs/device-prop-configs/mumu.config
07-14 04:09:06.428 21585 21585 I Zygote  : config file alreay parse:/data/system/etc/mumu-configs/device-prop-configs/mumu.config
07-14 04:09:06.428 21585 21585 I Zygote  : config file alreay parse:/data/system/etc/mumu-configs/device-prop-configs/mumu.config
07-14 04:09:06.428 21585 21585 I Zygote  : config file alreay parse:/data/system/etc/mumu-configs/device-prop-configs/xiaomi11pro.config
07-14 04:09:06.428 21585 21585 I Zygote  : config file alreay parse:/data/system/etc/mumu-configs/device-prop-configs/xiaomi11pro.config
07-14 04:09:06.428 21585 21585 I Zygote  : config file alreay parse:/data/system/etc/mumu-configs/device-prop-configs/xiaomi11pro.config
07-14 04:09:06.428 21585 21585 I Zygote  : config file alreay parse:/data/system/etc/mumu-configs/device-prop-configs/xiaomi11pro.config
07-14 04:09:06.428 21585 21585 I Zygote  : config file alreay parse:/data/system/etc/mumu-configs/device-prop-configs/xiaomi11pro.config
07-14 04:09:06.428 21585 21585 I Zygote  : config file alreay parse:/data/system/etc/mumu-configs/device-prop-configs/mumu.config
07-14 04:09:06.428 21585 21585 I Zygote  : config file alreay parse:/data/system/etc/mumu-configs/device-prop-configs/mumu.config
07-14 04:09:06.428 21585 21585 I Zygote  : config file alreay parse:/data/system/etc/mumu-configs/device-prop-configs/mumu.config
07-14 04:09:06.429 21585 21585 I Zygote  : config file alreay parse:/data/system/etc/mumu-configs/device-prop-configs/mumu.config
07-14 04:09:06.430 21585 21585 I Zygote  : config file alreay parse:/data/system/etc/mumu-configs/device-prop-configs/xiaomi14pro.config
07-14 04:09:06.430 21585 21585 I Zygote  : config file alreay parse:/data/system/etc/mumu-configs/device-prop-configs/xiaomi14pro.config
07-14 04:09:06.430 21585 21585 I Zygote  : config file alreay parse:/data/system/etc/mumu-configs/device-prop-configs/xiaomi14pro.config
07-14 04:09:06.430 21585 21585 I Zygote  : config file alreay parse:/data/system/etc/mumu-configs/device-prop-configs/overseas_sim_info.config
07-14 04:09:06.430 21585 21585 I Zygote  : config file alreay parse:/data/system/etc/mumu-configs/device-prop-configs/overseas_sim_info.config
07-14 04:09:06.431 21585 21585 I Zygote  : config file alreay parse:/data/system/etc/mumu-configs/device-prop-configs/xiaomi8_arm.config
07-14 04:09:06.431 21585 21585 I Zygote  : config file alreay parse:/data/system/etc/mumu-configs/device-prop-configs/x86.config
07-14 04:09:06.432 21585 21585 I Zygote  : config file alreay parse:/data/system/etc/mumu-configs/device-prop-configs/tzyxmznew.config
07-14 04:09:06.432 21585 21585 I Zygote  : config file alreay parse:/data/system/etc/mumu-configs/device-prop-configs/xiaomi8_arm.config
07-14 04:09:06.432 21585 21585 I Zygote  : config file alreay parse:/data/system/etc/mumu-configs/device-prop-configs/pad.config
07-14 04:09:06.434 21585 21585 I Zygote  : config file alreay parse:/system/etc/mumu-configs/device-prop-configs/yyb.config
07-14 04:09:06.434 21585 21585 I Zygote  : config file alreay parse:/data/system/etc/mumu-configs/device-prop-configs/samsungsms9006.config
07-14 04:09:06.435 21585 21585 I Zygote  : config file alreay parse:/system/etc/mumu-configs/device-prop-configs/yyb.config
07-14 04:09:06.435 21585 21585 I Zygote  : config file alreay parse:/data/system/etc/mumu-configs/device-prop-configs/xiaomi8_arm.config
07-14 04:09:06.435 21585 21585 I Zygote  : config file alreay parse:/data/system/etc/mumu-configs/device-prop-configs/coc.config
07-14 04:09:06.435 21585 21585 I Zygote  : config file alreay parse:/data/system/etc/mumu-configs/device-prop-configs/liapp.config
07-14 04:09:06.435 21585 21585 I Zygote  : config file alreay parse:/data/system/etc/mumu-configs/device-prop-configs/xiaomi8_arm.config
07-14 04:09:06.435 21585 21585 I Zygote  : config file alreay parse:/data/system/etc/mumu-configs/device-prop-configs/overseas_sim_info.config
07-14 04:09:06.435 21585 21585 I Zygote  : config file alreay parse:/data/system/etc/mumu-configs/device-prop-configs/liapp.config
07-14 04:09:06.435 21585 21585 I Zygote  : config file alreay parse:/data/system/etc/mumu-configs/device-prop-configs/liapp.config
07-14 04:09:06.435 21585 21585 I Zygote  : config file alreay parse:/data/system/etc/mumu-configs/device-prop-configs/xiaomi8_arm.config
07-14 04:09:06.435 21585 21585 I Zygote  : config file alreay parse:/data/system/etc/mumu-configs/device-prop-configs/xiaomi8_arm.config
07-14 04:09:06.436 21585 21585 I Zygote  : config file alreay parse:/data/system/etc/mumu-configs/device-prop-configs/xiaomi8_arm.config
07-14 04:09:06.436 21585 21585 I Zygote  : config file alreay parse:/data/system/etc/mumu-configs/device-prop-configs/arm64.config
07-14 04:09:06.436 21585 21585 I Zygote  : config file alreay parse:/data/system/etc/mumu-configs/device-prop-configs/xiaomi8_arm.config
07-14 04:09:06.436 21585 21585 I Zygote  : config file alreay parse:/data/system/etc/mumu-configs/device-prop-configs/samsungsms9080.config
07-14 04:09:06.436 21585 21585 I Zygote  : config file alreay parse:/data/system/etc/mumu-configs/device-prop-configs/xiaomi14pro.config
07-14 04:09:06.436 21585 21585 I Zygote  : config file alreay parse:/data/system/etc/mumu-configs/device-prop-configs/arm64.config
07-14 04:09:06.436 21585 21585 I Zygote  : config file alreay parse:/data/system/etc/mumu-configs/device-prop-configs/arm64.config
07-14 04:09:06.436 21585 21585 I Zygote  : config file alreay parse:/data/system/etc/mumu-configs/device-prop-configs/xiaomi8_arm.config
07-14 04:09:06.437 21585 21585 I Zygote  : config file alreay parse:/data/system/etc/mumu-configs/device-prop-configs/xiaomi8_arm.config
07-14 04:09:06.437 21585 21585 I Zygote  : config file alreay parse:/system/etc/mumu-configs/device-prop-configs/yyb.config
07-14 04:09:06.437 21585 21585 I Zygote  : config file alreay parse:/data/system/etc/mumu-configs/device-prop-configs/samsung_v2q.config
07-14 04:09:06.437 21585 21585 I Zygote  : config file alreay parse:/data/system/etc/mumu-configs/device-prop-configs/samsung_v2q.config
07-14 04:09:06.437 21585 21585 I Zygote  : config file alreay parse:/data/system/etc/mumu-configs/device-prop-configs/samsung_v2q.config
07-14 04:09:06.437 21585 21585 I Zygote  : config file alreay parse:/data/system/etc/mumu-configs/device-prop-configs/samsung_v2q.config
07-14 04:09:06.437 21585 21585 I Zygote  : config file alreay parse:/data/system/etc/mumu-configs/device-prop-configs/arm64.config
07-14 04:09:06.437 21585 21585 I Zygote  : config file alreay parse:/data/system/etc/mumu-configs/device-prop-configs/arm64.config
07-14 04:09:06.437 21585 21585 I Zygote  : config file alreay parse:/data/system/etc/mumu-configs/device-prop-configs/samsungsms9080.config
07-14 04:09:06.437 21585 21585 I Zygote  : config file alreay parse:/data/system/etc/mumu-configs/device-prop-configs/arm64.config
07-14 04:09:06.437 21585 21585 I Zygote  : config file alreay parse:/data/system/etc/mumu-configs/device-prop-configs/arm64.config
07-14 04:09:06.438 21585 21585 I Zygote  : config file alreay parse:/data/system/etc/mumu-configs/device-prop-configs/arm64.config
07-14 04:09:06.438 21585 21585 I Zygote  : config file alreay parse:/data/system/etc/mumu-configs/device-prop-configs/liapp.config
07-14 04:09:06.438 21585 21585 I Zygote  : config file alreay parse:/data/system/etc/mumu-configs/device-prop-configs/arm64.config
07-14 04:09:06.438 21585 21585 I Zygote  : config file alreay parse:/data/system/etc/mumu-configs/device-prop-configs/arm64.config
07-14 04:09:06.438 21585 21585 I Zygote  : config file alreay parse:/data/system/etc/mumu-configs/device-prop-configs/arm64.config
07-14 04:09:06.438 21585 21585 I Zygote  : config file alreay parse:/data/system/etc/mumu-configs/device-prop-configs/arm64.config
07-14 04:09:06.438 21585 21585 I Zygote  : config file alreay parse:/data/system/etc/mumu-configs/device-prop-configs/arm64.config
07-14 04:09:06.438 21585 21585 I Zygote  : config file alreay parse:/data/system/etc/mumu-configs/device-prop-configs/arm64.config
07-14 04:09:06.438 21585 21585 I Zygote  : config file alreay parse:/data/system/etc/mumu-configs/device-prop-configs/samsungsmg9910.config
07-14 04:09:06.438 21585 21585 I Zygote  : config file alreay parse:/data/system/etc/mumu-configs/device-prop-configs/arm64.config
07-14 04:09:06.438 21585 21585 I Zygote  : config file alreay parse:/data/system/etc/mumu-configs/device-prop-configs/yunos.config
07-14 04:09:06.438 21585 21585 I Zygote  : config file alreay parse:/data/system/etc/mumu-configs/device-prop-configs/yunos.config
07-14 04:09:06.438 21585 21585 I Zygote  : config file alreay parse:/data/system/etc/mumu-configs/device-prop-configs/yunos.config
07-14 04:09:06.438 21585 21585 I Zygote  : config file alreay parse:/data/system/etc/mumu-configs/device-prop-configs/arm64.config
07-14 04:09:06.438 21585 21585 I Zygote  : config file alreay parse:/system/etc/mumu-configs/device-prop-configs/yyb.config
07-14 04:09:06.438 21585 21585 I Zygote  : config file alreay parse:/data/system/etc/mumu-configs/device-prop-configs/yunos.config
07-14 04:09:06.439 21585 21585 I Zygote  : config file alreay parse:/data/system/etc/mumu-configs/device-prop-configs/samsung_s22_ultra.config
07-14 04:09:06.439 21585 21585 I Zygote  : config file alreay parse:/data/system/etc/mumu-configs/device-prop-configs/samsung_s22_ultra.config
07-14 04:09:06.439 21585 21585 I Zygote  : config file alreay parse:/data/system/etc/mumu-configs/device-prop-configs/arm64.config
07-14 04:09:06.439 21585 21585 I Zygote  : config file alreay parse:/data/system/etc/mumu-configs/device-prop-configs/arm64.config
07-14 04:09:06.439 21585 21585 I Zygote  : config file alreay parse:/data/system/etc/mumu-configs/device-prop-configs/arm64.config
07-14 04:09:06.439 21585 21585 I Zygote  : config file alreay parse:/data/system/etc/mumu-configs/device-prop-configs/arm64.config
07-14 04:09:06.439 21585 21585 I Zygote  : config file alreay parse:/data/system/etc/mumu-configs/device-prop-configs/samsung_s22_ultra.config
07-14 04:09:06.439 21585 21585 I Zygote  : config file alreay parse:/data/system/etc/mumu-configs/device-prop-configs/arm64.config
07-14 04:09:06.439 21585 21585 I Zygote  : config file alreay parse:/data/system/etc/mumu-configs/device-prop-configs/samsung_s22_ultra.config
07-14 04:09:06.439 21585 21585 I Zygote  : config file alreay parse:/data/system/etc/mumu-configs/device-prop-configs/arm64.config
07-14 04:09:06.439 21585 21585 I Zygote  : config file alreay parse:/data/system/etc/mumu-configs/device-prop-configs/arm64.config
07-14 04:09:06.439 21585 21585 I Zygote  : config file alreay parse:/data/system/etc/mumu-configs/device-prop-configs/samsung_s22_ultra.config
07-14 04:09:06.439 21585 21585 I Zygote  : config file alreay parse:/data/system/etc/mumu-configs/device-prop-configs/arm64.config
07-14 04:09:06.440 21585 21585 I Zygote  : config file alreay parse:/data/system/etc/mumu-configs/device-prop-configs/arm64.config
07-14 04:09:06.440 21585 21585 I Zygote  : config file alreay parse:/data/system/etc/mumu-configs/device-prop-configs/arm64.config
07-14 04:09:06.440 21585 21585 I Zygote  : config file alreay parse:/data/system/etc/mumu-configs/device-prop-configs/liapp.config
07-14 04:09:06.440 21585 21585 I Zygote  : config file alreay parse:/data/system/etc/mumu-configs/device-prop-configs/samsung_s22_ultra.config
07-14 04:09:06.441 21585 21585 D Zygote  : Apps device config data:{com\.vng\.codmvn={ro.product.model=JAD-AL50, ro.product.manufacturer=HUAWEI, ro.product.name=JAD-AL50, ro.product.board=JAD-AL50, ro.product.brand=HUAWEI, ro.product.device=JAD-AL50}, com\.zhiliaoapp\.musically={gsm.operator.iso-country=us, gsm.sim.operator.iso-country=us, gsm.sim.operator.numeric=31001, gsm.version.baseband=2.5.1.c1, gsm.operator.numeric=31001}, com\.leniu\.lfcs.*={dalvik.vm.isa.x86.variant=--, ro.dalvik.vm.isa.arm64=--, ro.odm.product.cpu.abilist64=arm64-v8a, ro.boottime.adbd=--, ro.system.product.cpu.abilist=arm64-v8a,armeabi-v7a,armeabi, ro.vendor.product.cpu.abilist64=arm64-v8a, ro.system.product.cpu.abilist32=armeabi-v7a,armeabi, init.svc.adbd=--, ro.product.cpu.abilist64=arm64-v8a, ro.dalvik.vm.isa.arm=--, dalvik.vm.isa.x86_64.features=--, ro.vendor.product.cpu.abilist=arm64-v8a,armeabi-v7a,armeabi, ro.dalvik.vm.native.bridge=--, dalvik.vm.isa.x86.features=--, ro.odm.product.cpu.abilist32=armeabi-v7a,armeabi, persist.adb.wifi.guid=--, ro.adb.secure=--, dalvik.vm.isa.x86_64.variant=--, ro.product.cpu.abi2=armeabi-v7a, adb_drop_privileges=--, ro.enable.native.bridge.exec64=--, service.adb.root=--, qemu.hw.mainkeys=--, ro.vendor.product.cpu.abilist32=armeabi-v7a,armeabi, gsm.version.baseband=2.5.1.c1, ro.product.cpu.abi=arm64-v8a, ro.enable.native.bridge.exec=--, ro.bionic.2nd_arch=armeabi-v7a, ro.system.product.cpu.abilist64=arm64-v8a, adb_root=--, init.svc_debug_pid.adbd=--, ro.product.cpu.abilist32=armeabi-v7a,armeabi, ro.odm.product.cpu.abilist=arm64-v8a,armeabi-v7a,armeabi, ro.product.cpu.abilist=arm64-v8a,armeabi-v7a,armeabi, ro.bionic.arch=arm64}, com\.who\.android={ro.build.version.all_codenames=REL, ro.product.manufacturer=Xiaomi, ro.boot.ramdump=disable, ro.vendor.build.date=Sun, ro.build.hardware.version=V1, ro.hardware=qcom, ro.build.version.codename=REL, ro.build.version.release=12.0.0, ro.bootimage.build.fingerprint=Xiaomi/dipper/dipper:12.0.0/OPM1.171019.026/V10.0.11.0.OEACNFH:user/release-keys, ro.build.date.utc=1541867668, ro.bootimage.build.date.utc=1541867668, ro.product.cuptsm=XIAOMI|ESE|02|01, ro.vendor.extension_library=libqti-perfd-client.so, ro.product.cpu.abilist64=arm64-v8a, ro.product.name=dipper, ro.boot.serialno=e20b6590, ro.product.locale=zh-CN, ro.board.platform=sdm845, qcom.bluetooth.soc=cherokee, ro.boot.hardware=qcom, ro.build.user=builder, ro.boot.hwc=CN, ro.bootimage.build.date=Sun, ro.product.cpu.abi=arm64-v8a, ro.build.product=dipper, ro.build.type=user, ro.build.description=dipper-user, ro.vendor.product.manufacturer=Xiaomi, ro.vendor.product.model=MI, ro.product.cpu.abilist32=armeabi-v7a,armeabi, ro.build.version.sdk=31, ro.product.board=sdm845, ro.boot.verifiedbootstate=green, ro.build.version.incremental=V10.0.11.0.QQqun|788202866, ro.build.version.security_patch=2018-10-01, ro.product.cpu.abilist=arm64-v8a,armeabi-v7a,armeabi, ro.boot.secureboot=1, ro.vendor.product.device=dipper, ro.boot.hwlevel=MP, ro.build.date=Sun, ro.build.host=c3-miui-ota-bd123.bj, ro.build.tags=release-keys, ro.boot.usbcontroller=a600000.dwc3, ro.vendor.build.fingerprint=Xiaomi/dipper/dipper:12.0.0/OPM1.171019.026/V10.0.11.0.OEACNFH:user/release-keys, ro.product.brand=Xiaomi, ro.boot.baseband=sdm, ro.boot.veritymode=enforcing, ro.build.software.version=Android12.0.0_10, ro.build.flavor=dipper-user, ro.build.characteristics=nosdcard, ro.vendor.build.date.utc=1541867668, ro.product.model=MI, ro.boot.keymaster=1, ro.vendor.product.name=dipper, ro.product.first_api_level=31, ro.boot.hwversion=3.3.0, ro.product.device=dipper, ro.baseband=sdm, ro.build.fingerprint=Xiaomi/dipper/dipper:12.0.0/OPM1.171019.026/V10.0.11.0.OEACNFH:user/release-keys, ro.vendor.product.brand=Xiaomi, ro.build.version.preview_sdk=0, ro.product.cert=M1803E1A}, com\.netease\.sdsbq={ro.product.model=23116PN5BC, ro.product.manufacturer=Xiaomi, ro.product.name=shennong, ro.product.board=shennong, ro.product.brand=Xiaomi, ro.product.device=shennong}, .*shangzhai\.yjfm.*={ro.product.system.name=v2qzc, ro.vendor.build.version.release_or_codename=12, ro.build.vers
07-14 04:09:06.441 21585 21585 D Zygote  : Apps device config player priority data: [.*com\.riotgames\.league\.wildrift.*, .*dts\.freefire.*]
07-14 04:09:06.441 21585 21585 E Zygote  : The " /pcgame/app-device-prop-overlay.config" property config file not exists!
07-14 04:09:06.443 21585 21585 D Zygote  : getAppDeviceChannelConfig pattern = .*\.mi
07-14 04:09:06.443 21585 21585 D Zygote  : getAppDeviceChannelConfig pattern = .*\.samsung
07-14 04:09:06.443 21585 21585 D Zygote  : getAppDeviceChannelConfig pattern = .*\.huawei
07-14 04:09:06.444 21585 21585 D Zygote  : Apps device channel config data:{.*\.samsung={ro.product.model=SM-G9910, ro.product.manufacturer=samsung, ro.product.name=SM-G9910, ro.product.board=SM-G9910, ro.product.brand=samsung, ro.product.device=SM-G9910}, .*\.huawei={ro.product.model=BLA-AL00, ro.product.manufacturer=HUAWEI, ro.product.name=BLA-AL00, ro.product.board=BLA-AL00, ro.product.brand=HUAWEI, ro.product.device=BLA-AL00}, .*\.mi={ro.product.model=M2102K1AC, ro.product.manufacturer=Xiaomi, ro.product.name=mars, ro.product.board=mars, ro.product.brand=Xiaomi, ro.product.device=mars}}
07-14 04:09:06.458 21585 21585 D ProcessState: Binder ioctl to enable oneway spam detection failed: Invalid argument
07-14 04:09:06.459 21585 21585 D AndroidRuntime: Calling main entry com.android.commands.uiautomator.Launcher
07-14 04:09:06.472  1275  1275 D BatterySaverPolicy: accessibility changed to true, updating policy.
07-14 04:09:07.471 21515 21515 I oozh.translator: type=1400 audit(0.0:145121): avc: denied { call } for scontext=u:r:untrusted_app:s0:c58,c256,c512,c768 tcontext=u:r:adbd:s0 tclass=binder permissive=1 app=com.poozh.translator
07-14 04:09:07.474 21585 21585 I uiautomator: type=1400 audit(0.0:145122): avc: denied { read } for name="u:object_r:qemu_sf_lcd_density_prop:s0" dev="tmpfs" ino=10441 scontext=u:r:adbd:s0 tcontext=u:object_r:qemu_sf_lcd_density_prop:s0 tclass=file permissive=1
07-14 04:09:07.474 21585 21585 I uiautomator: type=1400 audit(0.0:145123): avc: denied { open } for path="/dev/__properties__/u:object_r:qemu_sf_lcd_density_prop:s0" dev="tmpfs" ino=10441 scontext=u:r:adbd:s0 tcontext=u:object_r:qemu_sf_lcd_density_prop:s0 tclass=file permissive=1
07-14 04:09:07.474 21585 21585 I uiautomator: type=1400 audit(0.0:145124): avc: denied { getattr } for path="/dev/__properties__/u:object_r:qemu_sf_lcd_density_prop:s0" dev="tmpfs" ino=10441 scontext=u:r:adbd:s0 tcontext=u:object_r:qemu_sf_lcd_density_prop:s0 tclass=file permissive=1
07-14 04:09:07.474 21585 21585 I uiautomator: type=1400 audit(0.0:145125): avc: denied { map } for path="/dev/__properties__/u:object_r:qemu_sf_lcd_density_prop:s0" dev="tmpfs" ino=10441 scontext=u:r:adbd:s0 tcontext=u:object_r:qemu_sf_lcd_density_prop:s0 tclass=file permissive=1
07-14 04:09:07.489 21585 21585 W AccessibilityNodeInfoDumper: Fetch time: 11ms
07-14 04:09:07.491  1275  1275 D BatterySaverPolicy: accessibility changed to false, updating policy.
07-14 04:09:07.497 21585 21585 D hw-ProcessState: Binder ioctl to enable oneway spam detection failed: Invalid argument
07-14 04:09:07.497 21585 21585 D AndroidRuntime: Shutting down VM
07-14 04:09:10.931  1556  1556 I IpClient.wlan0: type=1400 audit(0.0:145127): avc: denied { call } for scontext=u:r:network_stack:s0 tcontext=u:r:init:s0 tclass=binder permissive=1
07-14 04:09:11.966  1275  1311 E system_server: Cannot read thread CPU times for PID 1275
07-14 04:09:11.984  1124  1124 I surfaceflinger: type=1400 audit(0.0:145128): avc: denied { call } for scontext=u:r:init:s0 tcontext=u:r:platform_app:s0:c512,c768 tclass=binder permissive=1
07-14 04:09:11.984  1124  1124 I surfaceflinger: type=1400 audit(0.0:145129): avc: denied { transfer } for scontext=u:r:init:s0 tcontext=u:r:platform_app:s0:c512,c768 tclass=binder permissive=1
07-14 04:09:12.871  1275  1275 I WifiHandlerThre: type=1400 audit(0.0:145130): avc: denied { call } for scontext=u:r:system_server:s0 tcontext=u:r:init:s0 tclass=binder permissive=1
07-14 04:09:12.871  1275  1275 I WifiHandlerThre: type=1400 audit(0.0:145131): avc: denied { sendto } for path="/dev/socket/statsdw" scontext=u:r:system_server:s0 tcontext=u:r:init:s0 tclass=unix_dgram_socket permissive=1
07-14 04:09:22.938  1040  1040 I compat_ram_d: type=1400 audit(0.0:145132): avc: denied { read } for name="io" dev="proc" ino=4026532062 scontext=u:r:init:s0 tcontext=u:object_r:proc_pressure_io:s0 tclass=file permissive=1
07-14 04:09:22.938  1040  1040 I compat_ram_d: type=1400 audit(0.0:145133): avc: denied { open } for path="/proc/pressure/io" dev="proc" ino=4026532062 scontext=u:r:init:s0 tcontext=u:object_r:proc_pressure_io:s0 tclass=file permissive=1
07-14 04:09:22.938  1040  1040 I compat_ram_d: type=1400 audit(0.0:145134): avc: denied { getattr } for path="/proc/pressure/io" dev="proc" ino=4026532062 scontext=u:r:init:s0 tcontext=u:object_r:proc_pressure_io:s0 tclass=file permissive=1
07-14 04:09:52.942  1040  1045 I NemuSysOpt: Start compat memory
07-14 04:09:52.938  1040  1040 I compat_ram_d: type=1400 audit(0.0:145135): avc: denied { write } for name="compact_memory" dev="proc" ino=4184493 scontext=u:r:init:s0 tcontext=u:object_r:proc:s0 tclass=file permissive=1
07-14 04:09:53.131  1040  1045 I NemuSysOpt: Compat memory done
07-14 04:10:18.280  1116  1116 E android.hardware.power.stats@1.0-service-mock: Failed to getEnergyData
07-14 04:10:30.371 15401 15401 I thread_report: type=1400 audit(0.0:145136): avc: denied { call } for scontext=u:r:untrusted_app:s0:c39,c256,c512,c768 tcontext=u:r:init:s0 tclass=binder permissive=1 app=com.bilibili.azurlane
07-14 04:10:34.938  1152  1152 I opengl-gc: type=1400 audit(0.0:145137): avc: denied { ioctl } for path="/dev/vaddress" dev="tmpfs" ino=11071 ioctlcmd=0x4c19 scontext=u:r:init:s0 tcontext=u:object_r:device:s0 tclass=chr_file permissive=1
07-14 04:11:00.004  1457  1457 I RenderThread: type=1400 audit(0.0:145138): avc: denied { ioctl } for path="/dev/vaddress" dev="tmpfs" ino=11071 ioctlcmd=0x4c19 scontext=u:r:platform_app:s0:c512,c768 tcontext=u:object_r:device:s0 tclass=chr_file permissive=1 app=com.android.systemui
07-14 04:11:11.965  1275  1311 E system_server: Cannot read thread CPU times for PID 1275
07-14 04:11:25.758  1103  1103 I netd    : type=1400 audit(0.0:145139): avc: denied { call } for scontext=u:r:init:s0 tcontext=u:r:network_stack:s0 tclass=binder permissive=1
07-14 04:11:25.758  1032  1032 I Binder:1032_2: type=1400 audit(0.0:145140): avc: denied { read } for scontext=u:r:init:s0 tcontext=u:r:init:s0 tclass=netlink_kobject_uevent_socket permissive=1
07-14 04:11:28.041  1275  1275 I WifiHandlerThre: type=1400 audit(0.0:145141): avc: denied { map_read } for scontext=u:r:system_server:s0 tcontext=u:r:init:s0 tclass=bpf permissive=1
07-14 04:11:46.531 21632 21632 D ProcessState: Binder ioctl to enable oneway spam detection failed: Invalid argument
07-14 04:11:46.533  1275  1433 W ActivityManager: Background start not allowed: service Intent { cmp=com.github.uiautomator/.Service } to com.github.uiautomator/.Service from pid=21632 uid=2000 pkg=com.android.shell startFg?=false
07-14 04:11:46.528 21632 21632 I cmd     : type=1400 audit(0.0:145142): avc: denied { write } for path="pipe:[4223820]" dev="pipefs" ino=4223820 scontext=u:r:system_server:s0 tcontext=u:r:adbd:s0 tclass=fifo_file permissive=1
07-14 04:12:00.233  1038  1052 I nemuinit: callHost __iconupdater_OooOoo 
07-14 04:12:00.234  1038  1052 I nemuinit: callHost __iconupdater_OOOOoo 
07-14 04:12:00.721  1038  1052 I nemuinit: callHost refresh_icons 
07-14 04:12:00.721  1038  1052 I nemuinit: callHost __iconupdater_OooOoo 
07-14 04:12:00.718  1038  1038 I tokio-runtime-w: type=1400 audit(0.0:145143): avc: denied { write } for name="dnsproxyd" dev="tmpfs" ino=11746 scontext=u:r:init:s0 tcontext=u:object_r:dnsproxyd_socket:s0 tclass=sock_file permissive=1
07-14 04:12:00.741  1038  1038 I Binder:1038_2: type=1400 audit(0.0:145144): avc: denied { create } for scontext=u:r:init:s0 tcontext=u:r:init:s0 tclass=tcp_socket permissive=1
07-14 04:12:00.741  1038  1038 I Binder:1038_2: type=1400 audit(0.0:145145): avc: denied { getopt } for scontext=u:r:init:s0 tcontext=u:r:init:s0 tclass=tcp_socket permissive=1
07-14 04:12:00.741  1038  1038 I Binder:1038_2: type=1400 audit(0.0:145146): avc: denied { write } for name="fwmarkd" dev="tmpfs" ino=11750 scontext=u:r:init:s0 tcontext=u:object_r:fwmarkd_socket:s0 tclass=sock_file permissive=1
07-14 04:12:00.741  1103  1103 I Binder:1103_2: type=1400 audit(0.0:145147): avc: denied { read write } for path="socket:[4224254]" dev="sockfs" ino=4224254 scontext=u:r:init:s0 tcontext=u:r:init:s0 tclass=tcp_socket permissive=1
07-14 04:12:00.741  1103  1103 I Binder:1103_2: type=1400 audit(0.0:145148): avc: denied { setopt } for scontext=u:r:init:s0 tcontext=u:r:init:s0 tclass=tcp_socket permissive=1
07-14 04:12:00.741  1038  1038 I Binder:1038_2: type=1400 audit(0.0:145149): avc: denied { connect } for scontext=u:r:init:s0 tcontext=u:r:init:s0 tclass=tcp_socket permissive=1
07-14 04:12:00.741  1038  1038 I Binder:1038_2: type=1400 audit(0.0:145150): avc: denied { name_connect } for dest=443 scontext=u:r:init:s0 tcontext=u:object_r:port:s0 tclass=tcp_socket permissive=1
07-14 04:12:00.831  1038  1038 I Binder:1038_2: type=1400 audit(0.0:145151): avc: denied { getattr } for laddr=10.0.2.15 lport=43092 faddr=124.160.141.122 fport=443 scontext=u:r:init:s0 tcontext=u:r:init:s0 tclass=tcp_socket permissive=1
07-14 04:12:09.353  1275  1289 D WifiNl80211Manager: Scan result ready event
07-14 04:12:09.353  1275  1289 D WifiNative: Scan result ready event
07-14 04:12:11.971  1275  1311 W BatteryExternalStatsWorker: error reading modem stats:ERROR_PHONE_NOT_AVAILABLE
07-14 04:12:11.972  1275  1311 E system_server: Cannot read thread CPU times for PID 1275
07-14 04:12:11.968  1041  1041 I Binder:1041_2: type=1400 audit(0.0:145153): avc: denied { read } for name="event_count" dev="sysfs" ino=10010 scontext=u:r:init:s0 tcontext=u:object_r:sysfs_wakeup:s0 tclass=file permissive=1
07-14 04:12:11.968  1041  1041 I Binder:1041_2: type=1400 audit(0.0:145154): avc: denied { open } for path="/sys/devices/virtual/wakeup/wakeup18/event_count" dev="sysfs" ino=10010 scontext=u:r:init:s0 tcontext=u:object_r:sysfs_wakeup:s0 tclass=file permissive=1
07-14 04:12:18.280  1116  1116 E android.hardware.power.stats@1.0-service-mock: Failed to getEnergyData
07-14 04:12:23.132  1040  1045 I NemuSysOpt: Start compat memory
07-14 04:12:23.134  1040  1045 I NemuSysOpt: Compat memory done
07-14 04:12:26.728  1038  1780 I nemuinit: callHost __iconupdater_OooOoo 
07-14 04:12:26.729  1038  1780 I nemuinit: callHost __iconupdater_OOOOoo 
07-14 04:12:26.724  1032  1032 I vold    : type=1400 audit(0.0:145155): avc: denied { transfer } for scontext=u:r:init:s0 tcontext=u:r:init:s0 tclass=binder permissive=1
07-14 04:12:26.738  1038 23615 I nemuinit: callHost __iconupdater_OooOoo 
07-14 04:12:26.734  1275  1275 I system_server: type=1400 audit(0.0:145156): avc: denied { transfer } for scontext=u:r:system_server:s0 tcontext=u:r:init:s0 tclass=binder permissive=1
07-14 04:12:26.963  1038  1780 I nemuinit: callHost refresh_icons 
07-14 04:12:26.963  1038 23615 I nemuinit: callHost __iconupdater_OOOOoo 
07-14 04:12:26.964  1038  1780 I nemuinit: callHost __iconupdater_OooOoo 
07-14 04:12:27.230  1038 28357 I nemuinit: callHost refresh_icons 
07-14 04:12:27.230  1038 28357 I nemuinit: callHost __iconupdater_OooOoo 
07-14 04:12:27.248  1103  1103 I Binder:1103_2: type=1400 audit(0.0:145157): avc: denied { use } for path="socket:[4223869]" dev="sockfs" ino=4223869 scontext=u:r:init:s0 tcontext=u:r:system_server:s0 tclass=fd permissive=1
07-14 04:12:27.248  1103  1103 I Binder:1103_2: type=1400 audit(0.0:145158): avc: denied { read write } for path="socket:[4223869]" dev="sockfs" ino=4223869 scontext=u:r:init:s0 tcontext=u:r:system_server:s0 tclass=tcp_socket permissive=1
07-14 04:12:27.248  1103  1103 I Binder:1103_2: type=1400 audit(0.0:145159): avc: denied { getopt } for scontext=u:r:init:s0 tcontext=u:r:system_server:s0 tclass=tcp_socket permissive=1
07-14 04:12:27.248  1103  1103 I Binder:1103_2: type=1400 audit(0.0:145160): avc: denied { setopt } for scontext=u:r:init:s0 tcontext=u:r:system_server:s0 tclass=tcp_socket permissive=1
07-14 04:13:11.966  1275  1311 E system_server: Cannot read thread CPU times for PID 1275
07-14 04:14:06.222  1275  1311 W BatteryExternalStatsWorker: error reading modem stats:ERROR_PHONE_NOT_AVAILABLE
07-14 04:14:06.223  1275  1311 E system_server: Cannot read thread CPU times for PID 1275
07-14 04:14:17.700  1275  1294 I EntropyMixer: Writing entropy...
07-14 04:14:18.280  1116  1116 E android.hardware.power.stats@1.0-service-mock: Failed to getEnergyData
07-14 04:14:53.135  1040  1045 I NemuSysOpt: Start compat memory
07-14 04:14:53.156  1040  1045 I NemuSysOpt: Compat memory done
07-14 04:15:11.966  1275  1311 E system_server: Cannot read thread CPU times for PID 1275
07-14 04:15:55.388  1141  1141 I storaged: type=1400 audit(0.0:145161): avc: denied { rename } for name="storaged.proto_tmp" dev="sdc3" ino=8257564 scontext=u:r:init:s0 tcontext=u:object_r:storaged_data_file:s0 tclass=file permissive=1
07-14 04:16:18.281  1116  1116 E android.hardware.power.stats@1.0-service-mock: Failed to getEnergyData
07-14 04:16:20.377  1275  1303 I UsageStatsService: User[0] Flushing usage stats to disk
07-14 04:16:46.554 21666 21666 D ProcessState: Binder ioctl to enable oneway spam detection failed: Invalid argument
07-14 04:16:46.555  1275  1451 W ActivityManager: Background start not allowed: service Intent { cmp=com.github.uiautomator/.Service } to com.github.uiautomator/.Service from pid=21666 uid=2000 pkg=com.android.shell startFg?=false
07-14 04:16:46.551 21666 21666 I cmd     : type=1400 audit(0.0:145162): avc: denied { write } for path="pipe:[4224334]" dev="pipefs" ino=4224334 scontext=u:r:system_server:s0 tcontext=u:r:adbd:s0 tclass=fifo_file permissive=1
07-14 04:16:49.356  1275  1451 D WifiNl80211Manager: Scan result ready event
07-14 04:16:49.356  1275  1451 D WifiNative: Scan result ready event
07-14 04:16:49.368  1275  1373 W BestClock: java.time.DateTimeException: Missing NTP fix
07-14 04:16:49.354 28488 28488 I viders.calendar: type=1400 audit(0.0:145163): avc: denied { getattr } for path="/system/framework/framework-res.apk" dev="sda6" ino=2324 scontext=u:r:priv_app:s0:c512,c768 tcontext=u:object_r:unlabeled:s0 tclass=file permissive=1
07-14 04:16:49.391  1275  1373 W BestClock: java.time.DateTimeException: Missing NTP fix
07-14 04:16:49.381  1275  1275 I NetworkStats: type=1400 audit(0.0:145164): avc: denied { map_write } for scontext=u:r:system_server:s0 tcontext=u:r:init:s0 tclass=bpf permissive=1
07-14 04:16:49.396  1275  1374 W BestClock: java.time.DateTimeException: Missing NTP fix
07-14 04:16:49.396  1275  1374 W BestClock: java.time.DateTimeException: Missing NTP fix
07-14 04:16:49.407 28488 28496 W viders.calenda: Reducing the number of considered missed Gc histogram windows from 4334 to 100
07-14 04:16:49.404 28488 28488 I HeapTaskDaemon: type=1400 audit(0.0:145165): avc: denied { sendto } for path="/dev/socket/logdw" scontext=u:r:priv_app:s0:c512,c768 tcontext=u:r:init:s0 tclass=unix_dgram_socket permissive=1
07-14 04:17:11.966  1275  1311 E system_server: Cannot read thread CPU times for PID 1275
07-14 04:17:23.157  1040  1045 I NemuSysOpt: Start compat memory
07-14 04:17:23.184  1040  1045 I NemuSysOpt: Compat memory done
07-14 04:18:18.281  1116  1116 E android.hardware.power.stats@1.0-service-mock: Failed to getEnergyData
07-14 04:19:11.966  1275  1311 E system_server: Cannot read thread CPU times for PID 1275
07-14 04:19:45.442 15183 21680 I Unity   : 2026/7/14 4:19:45 Connection was closed by server.
07-14 04:19:45.442 15183 21680 I Unity   : Connection:OnReceive(Object, SocketAsyncEventArgs)
07-14 04:19:45.442 15183 21680 I Unity   : System.Net.Sockets.<>c:<.cctor>b__367_10(IAsyncResult)
07-14 04:19:45.442 15183 21680 I Unity   : System.Threading.ThreadPoolWorkQueue:Dispatch()
07-14 04:19:45.442 15183 21680 I Unity   : 
07-14 04:19:53.184  1040  1045 I NemuSysOpt: Start compat memory
07-14 04:19:53.208  1040  1045 I NemuSysOpt: Compat memory done
07-14 04:20:11.965  1275  1311 W BatteryExternalStatsWorker: error reading modem stats:ERROR_PHONE_NOT_AVAILABLE
07-14 04:20:11.966  1275  1311 E system_server: Cannot read thread CPU times for PID 1275
07-14 04:20:18.281  1116  1116 E android.hardware.power.stats@1.0-service-mock: Failed to getEnergyData
07-14 04:21:11.966  1275  1311 E system_server: Cannot read thread CPU times for PID 1275
07-14 04:21:29.356  1275  1289 D WifiNl80211Manager: Scan result ready event
07-14 04:21:29.356  1275  1289 D WifiNative: Scan result ready event
07-14 04:21:46.576 21690 21690 D ProcessState: Binder ioctl to enable oneway spam detection failed: Invalid argument
07-14 04:21:46.578  1275  1451 W ActivityManager: Background start not allowed: service Intent { cmp=com.github.uiautomator/.Service } to com.github.uiautomator/.Service from pid=21690 uid=2000 pkg=com.android.shell startFg?=false
07-14 04:21:46.574  1022  1022 I servicemanager: type=1400 audit(0.0:145166): avc: denied { transfer } for scontext=u:r:init:s0 tcontext=u:r:adbd:s0 tclass=binder permissive=1
07-14 04:22:01.039  1038  1052 I nemuinit: callHost __iconupdater_OooOoo 
07-14 04:22:01.040  1038  1052 I nemuinit: callHost __iconupdater_OOOOoo 
07-14 04:22:01.476  1038  1052 I nemuinit: callHost refresh_icons 
07-14 04:22:01.477  1038  1052 I nemuinit: callHost __iconupdater_OooOoo 
07-14 04:22:18.281  1116  1116 E android.hardware.power.stats@1.0-service-mock: Failed to getEnergyData
07-14 04:22:23.208  1040  1045 I NemuSysOpt: Start compat memory
07-14 04:22:23.214  1040  1045 I NemuSysOpt: Compat memory done
07-14 04:22:27.523  1038 28357 I nemuinit: callHost __iconupdater_OooOoo 
07-14 04:22:27.524  1038 28357 I nemuinit: callHost __iconupdater_OOOOoo 
07-14 04:22:27.544  1038  1780 I nemuinit: callHost __iconupdater_OooOoo 
07-14 04:22:27.760  1038 28357 I nemuinit: callHost refresh_icons 
07-14 04:22:27.760  1038 23615 I nemuinit: callHost __iconupdater_OOOOoo 
07-14 04:22:27.761  1038 28357 I nemuinit: callHost __iconupdater_OooOoo 
07-14 04:22:28.131  1038 23615 I nemuinit: callHost refresh_icons 
07-14 04:22:28.132  1038 23615 I nemuinit: callHost __iconupdater_OooOoo 
07-14 04:22:28.930  1275  1286 W System  : A resource failed to call release. 
07-14 04:23:11.965  1275  1311 E system_server: Cannot read thread CPU times for PID 1275
07-14 04:24:18.281  1116  1116 E android.hardware.power.stats@1.0-service-mock: Failed to getEnergyData
07-14 04:24:32.492 21707 21707 D ProcessState: Binder ioctl to enable oneway spam detection failed: Invalid argument
07-14 04:24:32.501  1275  1317 V DisplayPowerController[0]: Brightness [0.39763778] reason changing to: 'manual', previous reason: 'manual [ dim ]'.
07-14 04:24:32.494 21515 21515 I oozh.translator: type=1400 audit(0.0:145167): avc: denied { call } for scontext=u:r:untrusted_app:s0:c58,c256,c512,c768 tcontext=u:r:init:s0 tclass=binder permissive=1 app=com.poozh.translator
07-14 04:24:32.511  1275  1430 E DisplayDeviceConfig: requesting nits when no mapping exists.
07-14 04:24:32.512  1275  1430 E DisplayDeviceConfig: requesting nits when no mapping exists.
07-14 04:24:32.513  1275  1304 I DropBoxManagerService: add tag=system_server_wtf isTagEnabled=true flags=0x2
07-14 04:24:32.516  1124  1183 E HWComposer: operator(): operator() failed for display 4619827820427265280: Unsupported (8)
07-14 04:24:32.494 21515 21515 I oozh.translator: type=1400 audit(0.0:145168): avc: denied { read } for scontext=u:r:untrusted_app:s0:c58,c256,c512,c768 tcontext=u:r:init:s0 tclass=unix_stream_socket permissive=1 app=com.poozh.translator
07-14 04:24:32.521  1275  1430 E SurfaceFlinger: setDisplayBrightness: failed to transact: -38
07-14 04:24:32.522  1275  1430 E DisplayDeviceConfig: requesting nits when no mapping exists.
07-14 04:24:32.522  1275  1430 E DisplayDeviceConfig: requesting nits when no mapping exists.
07-14 04:24:32.522  1124  1183 E HWComposer: operator(): operator() failed for display 4619827820427265280: Unsupported (8)
07-14 04:24:32.523  1275  1430 E SurfaceFlinger: setDisplayBrightness: failed to transact: -38
07-14 04:24:32.524  1275  1304 I DropBoxManagerService: add tag=system_server_wtf isTagEnabled=true flags=0x2
07-14 04:24:32.525  1275  1304 I DropBoxManagerService: add tag=system_server_wtf isTagEnabled=true flags=0x2
07-14 04:24:32.525  1275  1304 I DropBoxManagerService: add tag=system_server_wtf isTagEnabled=true flags=0x2
07-14 04:24:32.521 21515 21515 I oozh.translator: type=1400 audit(0.0:145169): avc: denied { sendto } for path="/dev/socket/statsdw" scontext=u:r:untrusted_app:s0:c58,c256,c512,c768 tcontext=u:r:init:s0 tclass=unix_dgram_socket permissive=1 app=com.poozh.translator
07-14 04:24:32.548  1275  1430 E DisplayDeviceConfig: requesting nits when no mapping exists.
07-14 04:24:32.521 21515 21515 I RenderThread: type=1400 audit(0.0:145170): avc: denied { ioctl } for path="/dev/vaddress" dev="tmpfs" ino=11071 ioctlcmd=0x4c19 scontext=u:r:untrusted_app:s0:c58,c256,c512,c768 tcontext=u:object_r:device:s0 tclass=chr_file permissive=1 app=com.poozh.translator
07-14 04:24:32.548  1275  1433 D CompatibilityChangeReporter: Compat change id reported: 168419799; UID 10058; state: DISABLED
07-14 04:24:32.549  1275  1430 E DisplayDeviceConfig: requesting nits when no mapping exists.
07-14 04:24:32.552 21515 21515 D CompatibilityChangeReporter: Compat change id reported: 147798919; UID 10058; state: ENABLED
07-14 04:24:32.561  1124  1183 E HWComposer: operator(): operator() failed for display 4619827820427265280: Unsupported (8)
07-14 04:24:32.562  1275  1430 E SurfaceFlinger: setDisplayBrightness: failed to transact: -38
07-14 04:24:32.562  1275  1430 E DisplayDeviceConfig: requesting nits when no mapping exists.
07-14 04:24:32.562  1275  1304 I DropBoxManagerService: add tag=system_server_wtf isTagEnabled=true flags=0x2
07-14 04:24:32.562  1275  1430 E DisplayDeviceConfig: requesting nits when no mapping exists.
07-14 04:24:32.562  1124  1183 E HWComposer: operator(): operator() failed for display 4619827820427265280: Unsupported (8)
07-14 04:24:32.562  1275  1430 E SurfaceFlinger: setDisplayBrightness: failed to transact: -38
07-14 04:24:32.524 21515 21515 I RenderThread: type=1400 audit(0.0:145171): avc: denied { map } for path="/dev/vaddress" dev="tmpfs" ino=11071 scontext=u:r:untrusted_app:s0:c58,c256,c512,c768 tcontext=u:object_r:device:s0 tclass=chr_file permissive=1 app=com.poozh.translator
07-14 04:24:32.524 21515 21515 I RenderThread: type=1400 audit(0.0:145172): avc: denied { read write } for path="/dev/vaddress" dev="tmpfs" ino=11071 scontext=u:r:untrusted_app:s0:c58,c256,c512,c768 tcontext=u:object_r:device:s0 tclass=chr_file permissive=1 app=com.poozh.translator
07-14 04:24:32.577  1275  1430 E DisplayDeviceConfig: requesting nits when no mapping exists.
07-14 04:24:32.577  1275  1430 E DisplayDeviceConfig: requesting nits when no mapping exists.
07-14 04:24:32.577  1124  1321 E HWComposer: operator(): operator() failed for display 4619827820427265280: Unsupported (8)
07-14 04:24:32.578  1275  1430 E SurfaceFlinger: setDisplayBrightness: failed to transact: -38
07-14 04:24:32.589  1275  1430 E DisplayDeviceConfig: requesting nits when no mapping exists.
07-14 04:24:32.589  1275  1430 E DisplayDeviceConfig: requesting nits when no mapping exists.
07-14 04:24:32.589  1457  1457 W ziparchive: Unable to open '/data/app/~~qWa-PXc4ZK4xleU6q_PLnQ==/com.poozh.translator-1sQCn6qYHKOjJKsUTM5KNw==/base.apk': No such file or directory
07-14 04:24:32.590  1457  1457 E ndroid.systemu: Failed to open APK '/data/app/~~qWa-PXc4ZK4xleU6q_PLnQ==/com.poozh.translator-1sQCn6qYHKOjJKsUTM5KNw==/base.apk': I/O error
07-14 04:24:32.591  1124  2998 E HWComposer: operator(): operator() failed for display 4619827820427265280: Unsupported (8)
07-14 04:24:32.591  1275  1430 E SurfaceFlinger: setDisplayBrightness: failed to transact: -38
07-14 04:24:32.594  1457  1457 W ResourcesManager: failed to preload asset path '/data/app/~~qWa-PXc4ZK4xleU6q_PLnQ==/com.poozh.translator-1sQCn6qYHKOjJKsUTM5KNw==/base.apk'
07-14 04:24:32.594  1457  1457 W ResourcesManager: java.io.IOException: Failed to load asset path /data/app/~~qWa-PXc4ZK4xleU6q_PLnQ==/com.poozh.translator-1sQCn6qYHKOjJKsUTM5KNw==/base.apk
07-14 04:24:32.594  1457  1457 W ResourcesManager: 	at android.content.res.ApkAssets.nativeLoad(Native Method)
07-14 04:24:32.594  1457  1457 W ResourcesManager: 	at android.content.res.ApkAssets.<init>(ApkAssets.java:295)
07-14 04:24:32.594  1457  1457 W ResourcesManager: 	at android.content.res.ApkAssets.loadFromPath(ApkAssets.java:144)
07-14 04:24:32.594  1457  1457 W ResourcesManager: 	at android.app.ResourcesManager.loadApkAssets(ResourcesManager.java:469)
07-14 04:24:32.594  1457  1457 W ResourcesManager: 	at android.app.ResourcesManager.access$000(ResourcesManager.java:72)
07-14 04:24:32.594  1457  1457 W ResourcesManager: 	at android.app.ResourcesManager$ApkAssetsSupplier.load(ResourcesManager.java:183)
07-14 04:24:32.594  1457  1457 W ResourcesManager: 	at android.app.ResourcesManager.createApkAssetsSupplierNotLocked(ResourcesManager.java:1007)
07-14 04:24:32.594  1457  1457 W ResourcesManager: 	at android.app.ResourcesManager.getResources(ResourcesManager.java:1128)
07-14 04:24:32.594  1457  1457 W ResourcesManager: 	at android.app.ActivityThread.getTopLevelResources(ActivityThread.java:2471)
07-14 04:24:32.594  1457  1457 W ResourcesManager: 	at android.app.ApplicationPackageManager.getResourcesForApplication(ApplicationPackageManager.java:1758)
07-14 04:24:32.594  1457  1457 W ResourcesManager: 	at android.app.ApplicationPackageManager.getResourcesForApplication(ApplicationPackageManager.java:1744)
07-14 04:24:32.594  1457  1457 W ResourcesManager: 	at android.app.ApplicationPackageManager.getDrawable(ApplicationPackageManager.java:1510)
07-14 04:24:32.594  1457  1457 W ResourcesManager: 	at android.app.ApplicationPackageManager.loadUnbadgedItemIcon(ApplicationPackageManager.java:3040)
07-14 04:24:32.594  1457  1457 W ResourcesManager: 	at android.content.pm.PackageItemInfo.loadUnbadgedIcon(PackageItemInfo.java:326)
07-14 04:24:32.594  1457  1457 W ResourcesManager: 	at com.android.systemui.toast.SystemUIToast.getBadgedIcon(SystemUIToast.java:286)
07-14 04:24:32.594  1457  1457 W ResourcesManager: 	at com.android.systemui.toast.SystemUIToast.inflateToastView(SystemUIToast.java:198)
07-14 04:24:32.594  1457  1457 W ResourcesManager: 	at com.android.systemui.toast.SystemUIToast.<init>(SystemUIToast.java:90)
07-14 04:24:32.594  1457  1457 W ResourcesManager: 	at com.android.systemui.toast.SystemUIToast.<init>(SystemUIToast.java:77)
07-14 04:24:32.594  1457  1457 W ResourcesManager: 	at com.android.systemui.toast.ToastFactory.createToast(ToastFactory.java:78)
07-14 04:24:32.594  1457  1457 W ResourcesManager: 	at com.android.systemui.toast.ToastUI.lambda$showToast$0(ToastUI.java:113)
07-14 04:24:32.594  1457  1457 W ResourcesManager: 	at com.android.systemui.toast.ToastUI.$r8$lambda$w_gPCh3F8Xxn1jN4lkQZoUci71c(Unknown Source:0)
07-14 04:24:32.594  1457  1457 W ResourcesManager: 	at com.android.systemui.toast.ToastUI$$ExternalSyntheticLambda0.run(Unknown Source:16)
07-14 04:24:32.594  1457  1457 W ResourcesManager: 	at com.android.systemui.toast.ToastUI.showToast(ToastUI.java:140)
07-14 04:24:32.594  1457  1457 W ResourcesManager: 	at com.android.systemui.statusbar.CommandQueue$H.handleMessage(CommandQueue.java:1451)
07-14 04:24:32.594  1457  1457 W ResourcesManager: 	at android.os.Handler.dispatchMessage(Handler.java:106)
07-14 04:24:32.594  1457  1457 W ResourcesManager: 	at android.os.Looper.loopOnce(Looper.java:201)
