--------- beginning of main
07-14 04:08:27.618  1567  1689 D BaseIconFactory: icon scale is 1.4512156
07-14 04:08:27.640  1427  2065 D Watchdog: upload event: {"architecture":"x86_64","channel":"gw-win","country":"zh-CN","engine":"NEMUX","fchannel":"gw-win","language":"zh-Hans","mpid":"0","package":"mumu","product":"MuMu5.0","product_version":"5.22.3.3171","usage":"0","uuid":"ce158732-4752-4d28-9885-ead31b9cff1d","version":"5.22.3.3171","x":{"apk_path":"socket:[4223359]","app_name":"屏幕翻译","app_package":"com.poozh.translator","app_version_code":18,"app_version_name":"0.5.4","error":{"code":0,"msg":"ok"},"extra":{"SupportArchitecture":"x86_64,x86,armeabi-v7a,arm64-v8a","amp_name":"屏幕翻译","ampid":0,"is_remote_control":0},"has_installed":1,"token":"bb41e5c9-7b01-41cd-a185-3adb45c54b85"}}	type: InstallAPP	sign: WXsXBWr6oejNj4pn23sI+W/8p5Y=	uid: 1000	json:{"apk_path":"socket:[4223359]","app_name":"屏幕翻译","app_package":"com.poozh.translator","app_version_code":18,"app_version_name":"0.5.4","error":{"code":0,"msg":"ok"},"extra":{"SupportArchitecture":"x86_64,x86,armeabi-v7a,arm64-v8a","amp_name":"屏幕翻译","ampid":0,"is_remote_control":0},"has_installed":1,"token":"bb41e5c9-7b01-41cd-a185-3adb45c54b85"}
07-14 04:08:27.734 26968 27017 W System.err: com.mumu.store.data.remote.ApiError: 请校准本地系统时间
07-14 04:08:27.734 26968 27017 W System.err: 	at com.mumu.store.data.remote.d.c(Proguard:50)
07-14 04:08:27.735 26968 27017 W System.err: 	at com.mumu.store.data.remote.d.a(Proguard:3)
07-14 04:08:27.735 26968 27017 W System.err: 	at retrofit2.x.f(Proguard:59)
07-14 04:08:27.735 26968 27017 W System.err: 	at retrofit2.x.execute(Proguard:25)
07-14 04:08:27.735 26968 27017 W System.err: 	at d3.c.E(Proguard:24)
07-14 04:08:27.735 26968 27017 W System.err: 	at C1.h.c(Proguard:15)
07-14 04:08:27.735 26968 27017 W System.err: 	at d3.a.E(Proguard:8)
07-14 04:08:27.735 26968 27017 W System.err: 	at C1.h.c(Proguard:15)
07-14 04:08:27.735 26968 27017 W System.err: 	at io.reactivex.internal.operators.observable.x$b.run(Proguard:7)
07-14 04:08:27.735 26968 27017 W System.err: 	at C1.n$a.run(Proguard:10)
07-14 04:08:27.735 26968 27017 W System.err: 	at io.reactivex.internal.schedulers.h.run(Proguard:14)
07-14 04:08:27.735 26968 27017 W System.err: 	at io.reactivex.internal.schedulers.h.call(Proguard:1)
07-14 04:08:27.735 26968 27017 W System.err: 	at java.util.concurrent.FutureTask.run(FutureTask.java:266)
07-14 04:08:27.735 26968 27017 W System.err: 	at java.util.concurrent.ScheduledThreadPoolExecutor$ScheduledFutureTask.run(ScheduledThreadPoolExecutor.java:301)
07-14 04:08:27.735 26968 27017 W System.err: 	at java.util.concurrent.ThreadPoolExecutor.runWorker(ThreadPoolExecutor.java:1167)
07-14 04:08:27.735 26968 27017 W System.err: 	at java.util.concurrent.ThreadPoolExecutor$Worker.run(ThreadPoolExecutor.java:641)
07-14 04:08:27.735 26968 27017 W System.err: 	at java.lang.Thread.run(Thread.java:920)
07-14 04:08:27.756  2018  2028 I com.mumu.acc: Background concurrent copying GC freed 67110(3389KB) AllocSpace objects, 49(980KB) LOS objects, 49% free, 3577KB/7154KB, paused 397us,71us total 948.702ms
07-14 04:08:27.756  2018  2028 W com.mumu.acc: Reducing the number of considered missed Gc histogram windows from 6663 to 100
07-14 04:08:27.774  2018 21474 W AccRequestManager: getValidAccPkgDatasAfterRequests: hasMuMuRequestFinished = true, hasUuRequestFinished = false
07-14 04:08:27.777 26968 26968 W System.err: com.mumu.store.data.remote.ApiError: 请校准本地系统时间
07-14 04:08:27.777 26968 26968 W System.err: 	at com.mumu.store.data.remote.d.c(Proguard:50)
07-14 04:08:27.777 26968 26968 W System.err: 	at com.mumu.store.data.remote.d.a(Proguard:3)
07-14 04:08:27.777 26968 26968 W System.err: 	at retrofit2.x.f(Proguard:59)
07-14 04:08:27.777 26968 26968 W System.err: 	at retrofit2.x.execute(Proguard:25)
07-14 04:08:27.777 26968 26968 W System.err: 	at d3.c.E(Proguard:24)
07-14 04:08:27.777 26968 26968 W System.err: 	at C1.h.c(Proguard:15)
07-14 04:08:27.777 26968 26968 W System.err: 	at d3.a.E(Proguard:8)
07-14 04:08:27.777 26968 26968 W System.err: 	at C1.h.c(Proguard:15)
07-14 04:08:27.777 26968 26968 W System.err: 	at io.reactivex.internal.operators.observable.x$b.run(Proguard:7)
07-14 04:08:27.777 26968 26968 W System.err: 	at C1.n$a.run(Proguard:10)
07-14 04:08:27.777 26968 26968 W System.err: 	at io.reactivex.internal.schedulers.h.run(Proguard:14)
07-14 04:08:27.777 26968 26968 W System.err: 	at io.reactivex.internal.schedulers.h.call(Proguard:1)
07-14 04:08:27.777 26968 26968 W System.err: 	at java.util.concurrent.FutureTask.run(FutureTask.java:266)
07-14 04:08:27.777 26968 26968 W System.err: 	at java.util.concurrent.ScheduledThreadPoolExecutor$ScheduledFutureTask.run(ScheduledThreadPoolExecutor.java:301)
07-14 04:08:27.777 26968 26968 W System.err: 	at java.util.concurrent.ThreadPoolExecutor.runWorker(ThreadPoolExecutor.java:1167)
07-14 04:08:27.777 26968 26968 W System.err: 	at java.util.concurrent.ThreadPoolExecutor$Worker.run(ThreadPoolExecutor.java:641)
07-14 04:08:27.777 26968 26968 W System.err: 	at java.lang.Thread.run(Thread.java:920)
07-14 04:08:27.826  1567  1588 I app.lawnchair: Background concurrent copying GC freed 322475(13MB) AllocSpace objects, 130(2600KB) LOS objects, 49% free, 21MB/42MB, paused 4.452ms,261us total 1.084s
07-14 04:08:27.826  1567  1588 W app.lawnchair: Reducing the number of considered missed Gc histogram windows from 1491 to 100
07-14 04:08:27.864  1427  1441 I pi_android.nem: Background concurrent copying GC freed 37480(1718KB) AllocSpace objects, 20(400KB) LOS objects, 49% free, 2482KB/4965KB, paused 186us,77us total 1.041s
07-14 04:08:27.864  1427  1441 W pi_android.nem: Reducing the number of considered missed Gc histogram windows from 4699 to 100
07-14 04:08:27.921  2018  2018 W AccRequestManager: getValidAccPkgDatasAfterRequests: hasMuMuRequestFinished = true, hasUuRequestFinished = true
07-14 04:08:27.926  1427  2065 D Watchdog: upload server response: {"errcode": 100, "errmsg": "ok"}
07-14 04:08:27.926  1427  2065 D Watchdog: upload result: true
07-14 04:08:27.946 26968 26974 W com.mumu.store: Reducing the number of considered missed Gc histogram windows from 343 to 100
07-14 04:08:27.947 21510 21510 D ProcessState: Binder ioctl to enable oneway spam detection failed: Invalid argument
--------- beginning of system
07-14 04:08:27.950  1275  1451 I ActivityTaskManager: START u0 {flg=0x10000000 cmp=com.poozh.translator/.MainActivity} from uid 2000, pid 21510
07-14 04:08:27.961  1275  1451 I ActivityTaskManager: [KeepAlive] disabled for com.poozh.translator
07-14 04:08:27.962  1275  1451 W ActivityTaskManager: Can't find TaskDisplayArea to determine support for multi window. Task id=1032 attached=false
07-14 04:08:27.964  1275  1451 D CompatibilityChangeReporter: Compat change id reported: 174042980; UID 10058; state: DISABLED
07-14 04:08:27.964  1275  1451 D CompatibilityChangeReporter: Compat change id reported: 184838306; UID 10058; state: DISABLED
07-14 04:08:27.965  1275  1451 D CompatibilityChangeReporter: Compat change id reported: 185004937; UID 10058; state: DISABLED
07-14 04:08:27.965  1275  1451 D CompatibilityChangeReporter: Compat change id reported: 181136395; UID 10058; state: DISABLED
07-14 04:08:27.965  1275  1451 D CompatibilityChangeReporter: Compat change id reported: 174042936; UID 10058; state: DISABLED
07-14 04:08:27.965  1275  1451 D CompatibilityChangeReporter: Compat change id reported: 197654537; UID 10058; state: ENABLED
07-14 04:08:27.981  1275  1295 D CompatibilityChangeReporter: Compat change id reported: 135634846; UID 10058; state: DISABLED
07-14 04:08:27.990  1275  1305 D CompatibilityChangeReporter: Compat change id reported: 143937733; UID 10058; state: ENABLED
07-14 04:08:28.026  1457  1457 D StatusBar: Received new disable state. Old: enaihbcrso.qingr | New: enaihbcrso.qingr
07-14 04:08:28.034  1457  1457 D StatusBar: Received new disable state. Old: enaihbcrso.qingr | New: enaihbcrso.qingr
07-14 04:08:28.040  1457  1611 D gralloc_x86: gralloc_alloc: Creating ashmem region of size 3690496
07-14 04:08:28.076  1457 21514 D ndroid.systemu: Features: 0 0 0
07-14 04:08:28.076  1457 21514 E ndroid.systemu: vulkan version is 4211017
07-14 04:08:28.077  1457 21514 D gralloc_x86: gralloc_alloc: Creating ashmem region of size 3690496
07-14 04:08:28.079  1457 21514 D gralloc_x86: gralloc_alloc: Creating ashmem region of size 3690496
07-14 04:08:28.094  1124  2998 D gralloc_x86: gralloc_alloc: Creating ashmem region of size 3690496
07-14 04:08:28.126  1104  1104 D Zygote  : Forked child process 21515
07-14 04:08:28.126  1275  1305 W ActivityManager: Slow operation: 152ms so far, now at startProcess: returned from zygote!
07-14 04:08:28.127  1275  1305 W ActivityManager: Slow operation: 153ms so far, now at startProcess: done updating battery stats
07-14 04:08:28.127  1275  1305 W ActivityManager: Slow operation: 153ms so far, now at startProcess: building log message
07-14 04:08:28.127  1275  1305 I ActivityManager: Start proc 21515:com.poozh.translator/u0a58 for pre-top-activity {com.poozh.translator/com.poozh.translator.MainActivity}
07-14 04:08:28.127  1275  1305 W ActivityManager: Slow operation: 153ms so far, now at startProcess: starting to update pids map
07-14 04:08:28.127  1275  1305 W ActivityManager: Slow operation: 153ms so far, now at startProcess: done updating pids map
07-14 04:08:28.131 21515 21515 I Zygote  : fakeProductInfoIfNeed callded! com.poozh.translator
07-14 04:08:28.136 21515 21515 I Zygote  : fake Product info com.poozh.translator not matched any pattern
07-14 04:08:28.136 21515 21515 I Zygote  : fakeProductInfoFromProperties callded! com.poozh.translator
07-14 04:08:28.149 21515 21515 E NemuAppNameUtil: save data success
07-14 04:08:28.154 15183 15218 I Unity   : 04:08:28.150-491: OnApplicationPause: true
07-14 04:08:28.154 15183 15218 I Unity   : LuaInterface.Debugger:Log(String)
07-14 04:08:28.154 15183 15218 I Unity   : LuaInterface.ToLua:Print(IntPtr)
07-14 04:08:28.154 15183 15218 I Unity   : LuaInterface.LuaDLL:lua_pcall(IntPtr, Int32, Int32, Int32)
07-14 04:08:28.154 15183 15218 I Unity   : LuaInterface.LuaState:PCall(Int32, Int32)
07-14 04:08:28.154 15183 15218 I Unity   : LuaInterface.LuaFunction:PCall()
07-14 04:08:28.154 15183 15218 I Unity   : LuaInterface.LuaFunction:Call(T1)
07-14 04:08:28.154 15183 15218 I Unity   : LuaScriptMgr:CallFunction(String, Object[])
07-14 04:08:28.154 15183 15218 I Unity   : GameMain:OnApplicationPause(Boolean)
07-14 04:08:28.154 15183 15218 I Unity   : 
07-14 04:08:28.155 15183 15218 I Unity   : 04:08:28.155-491: 取消通知
07-14 04:08:28.155 15183 15218 I Unity   : LuaInterface.Debugger:Log(String)
07-14 04:08:28.155 15183 15218 I Unity   : LuaInterface.ToLua:Print(IntPtr)
07-14 04:08:28.155 15183 15218 I Unity   : LuaInterface.LuaDLL:lua_pcall(IntPtr, Int32, Int32, Int32)
07-14 04:08:28.155 15183 15218 I Unity   : LuaInterface.LuaState:PCall(Int32, Int32)
07-14 04:08:28.155 15183 15218 I Unity   : LuaInterface.LuaFunction:PCall()
07-14 04:08:28.155 15183 15218 I Unity   : LuaInterface.LuaFunction:Call(T1)
07-14 04:08:28.155 15183 15218 I Unity   : LuaScriptMgr:CallFunction(String, Object[])
07-14 04:08:28.155 15183 15218 I Unity   : GameMain:OnApplicationPause(Boolean)
07-14 04:08:28.155 15183 15218 I Unity   : 
07-14 04:08:28.157 15183 15218 D UtilApi : cancelAllNotification
07-14 04:08:28.170 15183 15218 I Unity   : 04:08:28.169-491: 20260714133506 - 回收石油喵  -  海军食堂的石油已经满了喵，再不回来我就拿走了喵！  -  33998.5 s后推送
07-14 04:08:28.170 15183 15218 I Unity   : LuaInterface.Debugger:Log(String)
07-14 04:08:28.170 15183 15218 I Unity   : LuaInterface.ToLua:Print(IntPtr)
07-14 04:08:28.170 15183 15218 I Unity   : LuaInterface.LuaDLL:lua_pcall(IntPtr, Int32, Int32, Int32)
07-14 04:08:28.170 15183 15218 I Unity   : LuaInterface.LuaState:PCall(Int32, Int32)
07-14 04:08:28.170 15183 15218 I Unity   : LuaInterface.LuaFunction:PCall()
07-14 04:08:28.170 15183 15218 I Unity   : LuaInterface.LuaFunction:Call(T1)
07-14 04:08:28.170 15183 15218 I Unity   : LuaScriptMgr:CallFunction(String, Object[])
07-14 04:08:28.170 15183 15218 I Unity   : GameMain:OnApplicationPause(Boolean)
07-14 04:08:28.170 15183 15218 I Unity   : 
07-14 04:08:28.170 15183 15218 I Unity   : 04:08:28.170-491: 20260714042835 - 弹尽粮绝喵  -  指挥官～家里已经没东西吃了喵～大家都饿趴下了喵…  -  1207 s后推送
07-14 04:08:28.170 15183 15218 I Unity   : LuaInterface.Debugger:Log(String)
07-14 04:08:28.170 15183 15218 I Unity   : LuaInterface.ToLua:Print(IntPtr)
07-14 04:08:28.170 15183 15218 I Unity   : LuaInterface.LuaDLL:lua_pcall(IntPtr, Int32, Int32, Int32)
07-14 04:08:28.170 15183 15218 I Unity   : LuaInterface.LuaState:PCall(Int32, Int32)
07-14 04:08:28.170 15183 15218 I Unity   : LuaInterface.LuaFunction:PCall()
07-14 04:08:28.170 15183 15218 I Unity   : LuaInterface.LuaFunction:Call(T1)
07-14 04:08:28.170 15183 15218 I Unity   : LuaScriptMgr:CallFunction(String, Object[])
07-14 04:08:28.170 15183 15218 I Unity   : GameMain:OnApplicationPause(Boolean)
07-14 04:08:28.170 15183 15218 I Unity   : 
07-14 04:08:28.189 15183 15218 I Unity   : 04:08:28.188-491: 20260714065839 - 新进展喵  -  研究中的瓦尔帕莱索有新的进展了喵！快来开发船坞中确认一下喵！  -  10211 s后推送
07-14 04:08:28.189 15183 15218 I Unity   : LuaInterface.Debugger:Log(String)
07-14 04:08:28.189 15183 15218 I Unity   : LuaInterface.ToLua:Print(IntPtr)
07-14 04:08:28.189 15183 15218 I Unity   : LuaInterface.LuaDLL:lua_pcall(IntPtr, Int32, Int32, Int32)
07-14 04:08:28.189 15183 15218 I Unity   : LuaInterface.LuaState:PCall(Int32, Int32)
07-14 04:08:28.189 15183 15218 I Unity   : LuaInterface.LuaFunction:PCall()
07-14 04:08:28.189 15183 15218 I Unity   : LuaInterface.LuaFunction:Call(T1)
07-14 04:08:28.189 15183 15218 I Unity   : LuaScriptMgr:CallFunction(String, Object[])
07-14 04:08:28.189 15183 15218 I Unity   : GameMain:OnApplicationPause(Boolean)
07-14 04:08:28.189 15183 15218 I Unity   : 
07-14 04:08:28.189 15183 15218 I Unity   : 04:08:28.189-491: 20260715065839 - 新进展喵  -  研究中的瓦尔帕莱索有新的进展了喵！快来开发船坞中确认一下喵！  -  96611 s后推送
07-14 04:08:28.189 15183 15218 I Unity   : LuaInterface.Debugger:Log(String)
07-14 04:08:28.189 15183 15218 I Unity   : LuaInterface.ToLua:Print(IntPtr)
07-14 04:08:28.189 15183 15218 I Unity   : LuaInterface.LuaDLL:lua_pcall(IntPtr, Int32, Int32, Int32)
07-14 04:08:28.189 15183 15218 I Unity   : LuaInterface.LuaState:PCall(Int32, Int32)
07-14 04:08:28.189 15183 15218 I Unity   : LuaInterface.LuaFunction:PCall()
07-14 04:08:28.189 15183 15218 I Unity   : LuaInterface.LuaFunction:Call(T1)
07-14 04:08:28.189 15183 15218 I Unity   : LuaScriptMgr:CallFunction(String, Object[])
07-14 04:08:28.189 15183 15218 I Unity   : GameMain:OnApplicationPause(Boolean)
07-14 04:08:28.189 15183 15218 I Unity   : 
07-14 04:08:28.189 15183 15218 I Unity   : 04:08:28.189-491: 20260715065839 - 新进展喵  -  研究中的瓦尔帕莱索有新的进展了喵！快来开发船坞中确认一下喵！  -  96611 s后推送
07-14 04:08:28.189 15183 15218 I Unity   : LuaInterface.Debugger:Log(String)
07-14 04:08:28.189 15183 15218 I Unity   : LuaInterface.ToLua:Print(IntPtr)
07-14 04:08:28.189 15183 15218 I Unity   : LuaInterface.LuaDLL:lua_pcall(IntPtr, Int32, Int32, Int32)
07-14 04:08:28.189 15183 15218 I Unity   : LuaInterface.LuaState:PCall(Int32, Int32)
07-14 04:08:28.189 15183 15218 I Unity   : LuaInterface.LuaFunction:PCall()
07-14 04:08:28.189 15183 15218 I Unity   : LuaInterface.LuaFunction:Call(T1)
07-14 04:08:28.189 15183 15218 I Unity   : LuaScriptMgr:CallFunction(String, Object[])
07-14 04:08:28.189 15183 15218 I Unity   : GameMain:OnApplicationPause(Boolean)
07-14 04:08:28.189 15183 15218 I Unity   : 
07-14 04:08:28.193 15183 15218 D UtilApi : scheduleNotification: 1   海军食堂的石油已经满了喵，再不回来我就拿走了喵！    33998500
07-14 04:08:28.198 21515 21515 E linker  : do_dlopen failed
07-14 04:08:28.198 21515 21515 E linker  : load selected hp /system/etc/mumu-configs/shared_libs/libhp12_x86_64.so failed
07-14 04:08:28.198 21515 21515 E linker  : library "/system/etc/mumu-configs/shared_libs/libhp12_x86_64.so" ("/system/etc/mumu-configs/shared_libs/libhp12_x86_64.so") needed or dlopened by "/apex/com.android.art/lib64/libnativebridge.so" is not accessible for the namespace: [name="com_android_art", ld_library_paths="", default_library_paths="/apex/com.android.art/lib64", permitted_paths="/apex/com.android.art/lib64:/system/lib64:/data:/apex/com.android.art/javalib"]
07-14 04:08:28.198 21515 21515 E linker  : do_dlopen failed
07-14 04:08:28.198 21515 21515 E linker  : load origin hp /system/etc/mumu-configs/shared_libs/libhp12_x86_64.so failed
07-14 04:08:28.211 15183 15218 D UtilApi : scheduleNotification: 2   指挥官～家里已经没东西吃了喵～大家都饿趴下了喵…    1207000
07-14 04:08:28.213 15183 15218 D UtilApi : scheduleNotification: 3   研究中的瓦尔帕莱索有新的进展了喵！快来开发船坞中确认一下喵！    10211000
07-14 04:08:28.214 15183 15218 D UtilApi : scheduleNotification: 4   研究中的瓦尔帕莱索有新的进展了喵！快来开发船坞中确认一下喵！    96611000
07-14 04:08:28.214 15183 15218 D UtilApi : scheduleNotification: 5   研究中的瓦尔帕莱索有新的进展了喵！快来开发船坞中确认一下喵！    96611000
07-14 04:08:28.215 15183 15218 E Main    : onPause onPause onPause
07-14 04:08:28.230 21515 21515 E linker  : hp entrace has not been loaded, ignored
07-14 04:08:28.240 21515 21515 W nativebridge: LLLog DoRedirectTranslator not is_gte
07-14 04:08:28.243 21515 21515 W nativebridge: Failed to bind-mount /system/etc/cpuinfo.x86_64.txt as /proc/cpuinfo: No such file or directory
07-14 04:08:28.244 21515 21515 W nativebridge: Failed to bind-mount /system/lib64/x86_64/cpuinfo as /proc/cpuinfo: No such file or directory
07-14 04:08:28.244 21515 21515 I Zygote  : seccomp disabled by setenforce 0
07-14 04:08:28.259 15183 15507 D libili.azurlan: PlayerBase::stop() from IPlayer
07-14 04:08:28.259 15183 15507 D AudioTrack: stop(359): called with 1787773440 frames delivered
07-14 04:08:28.270 21515 21515 W oozh.translato: Unexpected CPU variant for X86 using defaults: x86_64
07-14 04:08:28.271 21515 21515 V libnb   : enter native_bridge2_initialize /data/user/0/com.poozh.translator/code_cache arm64
07-14 04:08:28.271 21515 21515 E libnb   : The translator implementation library has not been set.
07-14 04:08:28.297 21515 21515 E libnb   : get_callbacks native_handle 0xa0bafc784f408101: 1 libnb:/system/lib64/libhoudini.so
07-14 04:08:28.297 21515 21515 I libnb   : Found /system/lib64/libhoudini.so version 6
07-14 04:08:28.298 21515 21515 D HP      : no libmumuhooker.so
07-14 04:08:28.307 21515 21515 D houdini : [21515] Intel Bridge Technology for Netease internal evaluation only, Copyright(C) Intel Corp. 2012-2025.
07-14 04:08:28.307 21515 21515 D houdini : [21515] Use permitted only under a valid evaluation software license agreement - all other rights reserved.
07-14 04:08:28.308 21515 21515 D houdini : [21515] Initialize library(version: 12.0.1_z.Netease_ev4 RELEASE)... successfully.
07-14 04:08:28.308 21515 21515 W HP      : x_initialize private_dir:/data/user/0/com.poozh.translator/code_cache instruction_set:arm64 getMethodShorty:0x7ab96ab3c340 ret:1
07-14 04:08:28.319 21515 21515 E oozh.translato: Not starting debugger since process cannot load the jdwp agent.
07-14 04:08:28.336 21515 21515 D ProcessState: Binder ioctl to enable oneway spam detection failed: Invalid argument
07-14 04:08:28.363 15183 15183 E Surface : freeAllBuffers: 1 buffers were freed while being dequeued!
07-14 04:08:28.372 15183 15183 E BLASTBufferQueue: [ViewRootImpl[MainActivity]#0](f:0,a:1) Applying pending transactions on dtor 4
07-14 04:08:28.381 15183 15183 I GSCPubCommon: aOfl
07-14 04:08:28.406  1275  1451 W OomAdjuster: Fallback pre-set sched group to default: not expected top priority
07-14 04:08:28.422  1275  1451 D RecentTaskMonitor: onTaskFocusChanged [FALSE] 1031
07-14 04:08:28.425  1275  1451 D RecentTaskMonitor: onTaskFocusChanged [TRUE] 1032 ignoreTFC false
07-14 04:08:28.428 21515 21525 E ashmem  : memfd: ro.vndk.version not defined or invalid (), this is mandated since P.
07-14 04:08:28.446 21515 21515 D CompatibilityChangeReporter: Compat change id reported: 171979766; UID 10058; state: ENABLED
07-14 04:08:28.520 21515 21515 D NemuJavaHotPatchHelper: onHandleBindApplication reportedPackageName:com.poozh.translator isMatchJavaPatch:false
07-14 04:08:28.518  1427  1427 I pool-3-thread-1: type=1400 audit(0.0:144982): avc: denied { search } for name="/" dev="mumuvmmsf" ino=1 scontext=u:r:system_app:s0 tcontext=u:object_r:unlabeled:s0 tclass=dir permissive=1
07-14 04:08:28.531  1427  1427 I pool-3-thread-1: type=1400 audit(0.0:144983): avc: denied { write } for name="com.poozh.translator.png" dev="mumuvmmsf" ino=238 scontext=u:r:system_app:s0 tcontext=u:object_r:unlabeled:s0 tclass=file permissive=1
07-14 04:08:28.531  1427  1427 I pool-3-thread-1: type=1400 audit(0.0:144984): avc: denied { open } for path="/mnt/shared/keymap_config/AppIcon/com.poozh.translator.png" dev="mumuvmmsf" ino=238 scontext=u:r:system_app:s0 tcontext=u:object_r:unlabeled:s0 tclass=file permissive=1
07-14 04:08:28.541  1427  1427 I pool-3-thread-1: type=1400 audit(0.0:144985): avc: denied { getattr } for path="/mnt/shared/keymap_config/AppIcon/com.poozh.translator.png" dev="mumuvmmsf" ino=238 scontext=u:r:system_app:s0 tcontext=u:object_r:unlabeled:s0 tclass=file permissive=1
07-14 04:08:28.656  1275  1295 D RecentTaskMonitor: task null or not sub display in notifyDisplayOpened
07-14 04:08:28.657  1275  1295 D RecentTaskMonitor: VAddressShellNotifier#notifyOpenTab :{"uri":"player\/tab","need_response":false,"params":{"id":"task:1032","displayId":0,"userId":0,"name":"屏幕翻译","originName":"屏幕翻译","packageName":"com.poozh.translator","launcher":false,"newTask":true,"icon":"iVBORw0KGgoAAAANSUhEUgAAABgAAAAYCAYAAADgdz34AAAAAXNSR0IArs4c6QAAAARzQklUCAgICHwIZIgAAAOjSURBVEiJtZVbaFxVFIa\/teeSzmSSSZrU3ExtLq0VQ6ooEQpFfEgRifStUhRfFBQUfVERL6AvolAQnwSlDyJSaUGIFXxpQVApJd6SapOxiZmkE9KJMUnnkjlnZs5ePkwbc5mjjegPB85Za6\/1n\/XvvdYWVb3PWnsK2M1\/CBG5JtY+aqy1w37Jfy87xMdOk3Lz2yZQ1bgVOWmAFr9FI7lF8qqMFBa3TQAgEAsCfLB4mQk3WzEBiADCtJMDMXy0PMfX+cyaHRFQGIg28Ei8DRGpXoUI4pXL2nvpc6bLhQ3BFTIDYq6\/C0gAofKtwIO1zZzpuhfjQyAiKp7naclaFj3Xv9DreGF+gk9X0nzTM8CecJT6QIBaE\/SXSESDACFjaDMRANIlh+8KGR6qv4X1\/6WqjLsO7cEI\/ZF6ak3AN\/G6IMxm2xOpixxJ\/sCp5fkN9gurGcacAvfHmonKljC\/ErYSvN\/RR9QEefnqJHnrATDlFhicHqVWQrzT2rO2qZecVY7NjnMut+zLsYWgMxzhzZZerpRc+ibOkyo6PDs3yaoV3m3rpSNcU6keeC2d5HRmiaGZBFZ1a3ZVxPO8Kh54anacEytpVAyoYZcJc7VvYM2\/WCrRmvieGyfsmZ27eK+9a5NCor5ivtHaTVRCCCGCJsTZ3r4N\/tcXUkCATzp6iJoQ3xZcXGv\/WSKA5XKZl+aT5FXYG4pgEe6a\/IW3FuZJuA6qynAmS3c4ysPxnRyubeCiUyThbj3qVSW6M\/ETE0WX3cEaErf3cyGfZTA5RalSNrcGQ6Q8y+MNjZzo6OSrXJbBmVm6a2r4tbfXX6IfCzn2J0aZKJYYijWS2N9P2BgO1cVZ7bubk51dHInFSZUVwfBKc6VXHojV0REM85vrMVpw\/kqoylobfpldYSiZQDC82NTK2+2dG7UU4WhDI02BEF\/kZgkbw4fLN+YTHIjEmMvlOZNd5UBkRyX\/eokCF0cIE+Rc114OxmLVtgaAozNzfJbNgQiqgoigYhCtzLEAgnPHbYism0UAw5kVOoIh7olEfafjTLHEvsszlBWS+\/YQ2LTs1fQ1Ps64HG+J83xTLUZE8TxPb\/Z5+sqCMjqlx9NLVf1LxZJGfp7Xg5N\/qFMuq7XW3uRQqWDc9WgMhHmysa6qPx4wHIru4PyqJW8rh9O3k6vhbM6hrHA4VuN7B4w5ZUYdj2PxMCFjdFsE24WIqBGRlf+LQFWLxlr7mIj8u1v9byDgAM\/9CRk8wk0mjd3+AAAAAElFTkSuQmCC","canChangeAppOrientation":false,"canReceiveFile":false,"pid":21515,"uid":10058,"action":"open"}}
07-14 04:08:28.661  1038  1050 D nemuinit: start name: vapi, operation: {"uri":"/tools/cmd","method":"POST","params":{"action":"switch_fps_mode","packageName":""}}, id: 4936
07-14 04:08:28.665  1038 21535 D nemuinit: Proxy: use callback: 1427, handleNemuInitMessage, name: vapi, params: {"uri":"/tools/cmd","method":"POST","params":{"action":"switch_fps_mode","packageName":""}}, res: {"errcode":0,"message":"OK"}
07-14 04:08:28.665  1038 21535 D nemuinit: Proxy: finish handleNemuInitMessage
07-14 04:08:28.661  1038  1038 I nemuinit: type=1400 audit(0.0:144986): avc: denied { call } for scontext=u:r:init:s0 tcontext=u:r:system_app:s0 tclass=binder permissive=1
07-14 04:08:28.806  1038  1050 D nemuinit: start name: vapi, operation: {"uri":"/tools/inputdevice","method":"POST","params":{"action":"set_input_device_list","device":12,"packageName":"com.poozh.translator","pid":21515,"uid":10058}}, id: 4937
07-14 04:08:28.807  1038  1050 D nemuinit: start name: vapi, operation: {"uri":"/tools/cmd","method":"POST","params":{"action":"switch_fps_mode","packageName":""}}, id: 4938
07-14 04:08:28.808  1038 21536 D nemuinit: Proxy: use callback: 1427, handleNemuInitMessage, name: vapi, params: {"uri":"/tools/inputdevice","method":"POST","params":{"action":"set_input_device_list","device":12,"packageName":"com.poozh.translator","pid":21515,"uid":10058}}, res: {"errcode":0,"message":"OK"}
07-14 04:08:28.808  1038 21536 D nemuinit: Proxy: finish handleNemuInitMessage
07-14 04:08:28.808  1038 21537 D nemuinit: Proxy: use callback: 1427, handleNemuInitMessage, name: vapi, params: {"uri":"/tools/cmd","method":"POST","params":{"action":"switch_fps_mode","packageName":""}}, res: {"errcode":0,"message":"OK"}
07-14 04:08:28.808  1038 21537 D nemuinit: Proxy: finish handleNemuInitMessage
07-14 04:08:28.809  1038  1050 D nemuinit: start name: vapi, operation: {"uri":"/tools/inputdevice","method":"POST","params":{"action":"set_input_device_list","device":12,"packageName":"com.poozh.translator","pid":21515,"uid":10058}}, id: 4939
07-14 04:08:28.809  1038 21538 D nemuinit: Proxy: use callback: 1427, handleNemuInitMessage, name: vapi, params: {"uri":"/tools/inputdevice","method":"POST","params":{"action":"set_input_device_list","device":12,"packageName":"com.poozh.translator","pid":21515,"uid":10058}}, res: {"errcode":0,"message":"OK"}
07-14 04:08:28.809  1038 21538 D nemuinit: Proxy: finish handleNemuInitMessage
07-14 04:08:28.810  1038  1050 D nemuinit: start name: vapi, operation: {"uri":"/tools/inputdevice","method":"POST","params":{"action":"set_input_device_list","device":12,"packageName":"com.poozh.translator","pid":21515,"uid":10058}}, id: 4940
07-14 04:08:28.810  1038  1050 D nemuinit: start name: vapi, operation: {"uri":"/tools/cmd","method":"POST","params":{"action":"switch_fps_mode","packageName":""}}, id: 4941
07-14 04:08:28.810  1038 21539 D nemuinit: Proxy: use callback: 1427, handleNemuInitMessage, name: vapi, params: {"uri":"/tools/inputdevice","method":"POST","params":{"action":"set_input_device_list","device":12,"packageName":"com.poozh.translator","pid":21515,"uid":10058}}, res: {"errcode":0,"message":"OK"}
07-14 04:08:28.810  1038 21539 D nemuinit: Proxy: finish handleNemuInitMessage
07-14 04:08:28.811  1038 21540 D nemuinit: Proxy: use callback: 1427, handleNemuInitMessage, name: vapi, params: {"uri":"/tools/cmd","method":"POST","params":{"action":"switch_fps_mode","packageName":""}}, res: {"errcode":0,"message":"OK"}
07-14 04:08:28.811  1038 21540 D nemuinit: Proxy: finish handleNemuInitMessage
07-14 04:08:28.813  1038  1050 D nemuinit: start name: vapi, operation: {"uri":"/tools/inputdevice","method":"POST","params":{"action":"set_input_device_list","device":12,"packageName":"com.poozh.translator","pid":21515,"uid":10058}}, id: 4942
07-14 04:08:28.813  1038 21541 D nemuinit: Proxy: use callback: 1427, handleNemuInitMessage, name: vapi, params: {"uri":"/tools/inputdevice","method":"POST","params":{"action":"set_input_device_list","device":12,"packageName":"com.poozh.translator","pid":21515,"uid":10058}}, res: {"errcode":0,"message":"OK"}
07-14 04:08:28.813  1038 21541 D nemuinit: Proxy: finish handleNemuInitMessage
07-14 04:08:28.820  1038  1050 D nemuinit: start name: vapi, operation: {"uri":"/tools/inputdevice","method":"POST","params":{"action":"set_gamepad_guid","guid":"2d3607d1000000000000504944564944","name":"Wireless Link-KM","type":"Dinput"}}, id: 4943
07-14 04:08:28.820  1038  1050 D nemuinit: start name: vapi, operation: {"uri":"/tools/inputdevice","method":"POST","params":{"action":"set_input_device_list","device":12,"packageName":"com.poozh.translator","pid":21515,"uid":10058}}, id: 4944
07-14 04:08:28.820  1038  1050 D nemuinit: start name: vapi, operation: {"uri":"/tools/inputdevice","method":"POST","params":{"action":"set_gamepad_guid","guid":"2d3607d1000000000000504944564944","name":"Wireless Link-KM","type":"Dinput"}}, id: 4945
07-14 04:08:28.821  1038 21542 D nemuinit: Proxy: use callback: 1427, handleNemuInitMessage, name: vapi, params: {"uri":"/tools/inputdevice","method":"POST","params":{"action":"set_gamepad_guid","guid":"2d3607d1000000000000504944564944","name":"Wireless Link-KM","type":"Dinput"}}, res: {"errcode":0,"message":"OK"}
07-14 04:08:28.821  1038 21542 D nemuinit: Proxy: finish handleNemuInitMessage
07-14 04:08:28.821  1038  1050 D nemuinit: start name: vapi, operation: {"uri":"/tools/inputdevice","method":"POST","params":{"action":"set_input_device_list","device":12,"packageName":"com.poozh.translator","pid":21515,"uid":10058}}, id: 4946
07-14 04:08:28.822  1038 21543 D nemuinit: Proxy: use callback: 1427, handleNemuInitMessage, name: vapi, params: {"uri":"/tools/inputdevice","method":"POST","params":{"action":"set_input_device_list","device":12,"packageName":"com.poozh.translator","pid":21515,"uid":10058}}, res: {"errcode":0,"message":"OK"}
07-14 04:08:28.822  1038 21543 D nemuinit: Proxy: finish handleNemuInitMessage
07-14 04:08:28.822  1038 21544 D nemuinit: Proxy: use callback: 1427, handleNemuInitMessage, name: vapi, params: {"uri":"/tools/inputdevice","method":"POST","params":{"action":"set_gamepad_guid","guid":"2d3607d1000000000000504944564944","name":"Wireless Link-KM","type":"Dinput"}}, res: {"errcode":0,"message":"OK"}
07-14 04:08:28.822  1038 21544 D nemuinit: Proxy: finish handleNemuInitMessage
07-14 04:08:28.822  1038 21545 D nemuinit: Proxy: use callback: 1427, handleNemuInitMessage, name: vapi, params: {"uri":"/tools/inputdevice","method":"POST","params":{"action":"set_input_device_list","device":12,"packageName":"com.poozh.translator","pid":21515,"uid":10058}}, res: {"errcode":0,"message":"OK"}
07-14 04:08:28.822  1038 21545 D nemuinit: Proxy: finish handleNemuInitMessage
07-14 04:08:28.897 21515 21515 I Typeface: Preloading /system/fonts/Roboto-Regular.ttf
07-14 04:08:28.991 21515 21515 I oozh.translato: Waiting for a blocking GC ClassLinker
07-14 04:08:29.236 21515 21515 I oozh.translato: WaitForGcToComplete blocked ClassLinker on Background for 245.698ms
07-14 04:08:29.246 21515 21515 V GraphicsEnvironment: ANGLE Developer option for 'com.poozh.translator' set to: 'default'
07-14 04:08:29.247 21515 21515 V GraphicsEnvironment: ANGLE GameManagerService for com.poozh.translator: false
07-14 04:08:29.247 21515 21515 V GraphicsEnvironment: Neither updatable production driver nor prerelease driver is supported.
07-14 04:08:29.250 21515 21515 D NetworkSecurityConfig: No Network Security Config specified, using platform default
07-14 04:08:29.250 21515 21515 D NetworkSecurityConfig: No Network Security Config specified, using platform default
07-14 04:08:29.302 21515 21549 D libEGL  : loaded /system/lib64/egl/libEGL_emulation.so
07-14 04:08:29.316 21515 21549 D oozh.translato: Features: 0 0 0
07-14 04:08:29.316 21515 21549 E oozh.translato: vulkan version is 4211017
07-14 04:08:29.319 21515 21549 D libEGL  : loaded /system/lib64/egl/libGLESv1_CM_emulation.so
07-14 04:08:29.320 21515 21549 D libEGL  : loaded /system/lib64/egl/libGLESv2_emulation.so
07-14 04:08:29.338 21515 21515 D CompatibilityChangeReporter: Compat change id reported: 171228096; UID 10058; state: ENABLED
07-14 04:08:29.377 21515 21549 E GraphicsEnv: Failed to get gpu service
07-14 04:08:29.559  1427  1427 D TabManager: setFocusTaskProp 1032
07-14 04:08:29.562  1275  1451 I RecentTaskMonitor: broadcast tab opened in android as it's new task1 1032
07-14 04:08:29.568  2018  2018 W AccMsgReceiver: AccMsgReceiver: onReceive action = nemu.intent.action.NEW_TASK
07-14 04:08:29.571  1427  1833 W ContextImpl: Calling a method in the system process without a qualified user: android.app.ContextImpl.sendBroadcast:1181 android.content.ContextWrapper.sendBroadcast:479 com.netease.nemu_vapi_android.thread.NewFileUpdater.notifyFocusedTabChanged:499 com.netease.nemu_vapi_android.thread.NewFileUpdater.onOpenNewTask:421 com.netease.nemu_vapi_android.worker.LocalAppManager.updateOnNewTask:259 
07-14 04:08:29.572  1427  1833 W ContextImpl: Calling a method in the system process without a qualified user: android.app.ContextImpl.sendBroadcast:1181 android.content.ContextWrapper.sendBroadcast:479 com.netease.nemu_vapi_android.thread.NewFileUpdater.notifyFocusedTabChanged:504 com.netease.nemu_vapi_android.thread.NewFileUpdater.onOpenNewTask:421 com.netease.nemu_vapi_android.worker.LocalAppManager.updateOnNewTask:259 
07-14 04:08:29.554  1427  1427 I pi_android.nemu: type=1400 audit(0.0:144998): avc: denied { sendto } for path="/dev/socket/logdw" scontext=u:r:system_app:s0 tcontext=u:r:init:s0 tclass=unix_dgram_socket permissive=1
07-14 04:08:29.572  1427  1833 D NewFileUpdater: onOpenNewTask focusPkgName set to com.poozh.translator
07-14 04:08:29.573  1427  1833 D Watchdog: ignore events AppLaunch: {"app_name":"屏幕翻译","app_package":"com.poozh.translator","event_duration":0,"failure_reason":"","status_code":0}
07-14 04:08:29.574  1427  2065 D Watchdog: upload event: {"architecture":"x86_64","channel":"gw-win","country":"zh-CN","engine":"NEMUX","fchannel":"gw-win","language":"zh-Hans","mpid":"0","package":"mumu","product":"MuMu5.0","product_version":"5.22.3.3171","usage":"0","uuid":"ce158732-4752-4d28-9885-ead31b9cff1d","version":"5.22.3.3171","x":{"app_name":"屏幕翻译","app_package":"com.poozh.translator","app_version_code":18,"app_version_name":"0.5.4","error":{"code":0,"msg":"ok"},"extra":{"NB":"{\"NB_MD5\":\"72CB84348C02A65BC980B18257B7699A\",\"NB_NAME\":\"libhoudini.so\",\"NB_64BIT\":\"true\",\"RunningArchitecture\":\"x86_64\"}","amp_name":"屏幕翻译","ampid":0,"is_remote_control":0},"token":"bb41e5c9-7b01-41cd-a185-3adb45c54b85"}}	type: LaunchAPP	sign: bTcdSdDwqHzSgmwKfAhkhBl7ghs=	uid: 1000	json:{"app_name":"屏幕翻译","app_package":"com.poozh.translator","app_version_code":18,"app_version_name":"0.5.4","error":{"code":0,"msg":"ok"},"extra":{"NB":"{\"NB_MD5\":\"72CB84348C02A65BC980B18257B7699A\",\"NB_NAME\":\"libhoudini.so\",\"NB_64BIT\":\"true\",\"RunningArchitecture\":\"x86_64\"}","amp_name":"屏幕翻译","ampid":0,"is_remote_control":0},"token":"bb41e5c9-7b01-41cd-a185-3adb45c54b85"}
07-14 04:08:29.575  1275  1451 W ActivityManager: Foreground service started from background can not have location/camera/microphone access: service com.mumu.acc/.AccService
07-14 04:08:29.576  1275  1304 V ActivityManager: Attempted to start a foreground service (com.mumu.acc/.AccService) with a broken notification (no icon: Notification(channel=acc-service shortcut=null contentView=null vibrate=null sound=null defaults=0x0 flags=0x40 color=0x00000000 vis=PRIVATE))
07-14 04:08:29.577  2018  2964 W AccServiceManager: onAppLaunch: packageName = com.poozh.translator
07-14 04:08:29.577  2018  2018 W AccMsgReceiver: AccMsgReceiver: onReceive action = com.mumu.launcher.ACTION_FOCUSED_TAB_CHANGED
07-14 04:08:29.578  1103  1103 I Binder:1103_2: type=1400 audit(0.0:144999): avc: denied { use } for path="socket:[4223639]" dev="sockfs" ino=4223639 scontext=u:r:init:s0 tcontext=u:r:system_app:s0 tclass=fd permissive=1
07-14 04:08:29.578  1103  1103 I Binder:1103_2: type=1400 audit(0.0:145000): avc: denied { read write } for path="socket:[4223639]" dev="sockfs" ino=4223639 scontext=u:r:init:s0 tcontext=u:r:system_app:s0 tclass=tcp_socket permissive=1
07-14 04:08:29.578  1103  1103 I Binder:1103_2: type=1400 audit(0.0:145001): avc: denied { getopt } for scontext=u:r:init:s0 tcontext=u:r:system_app:s0 tclass=tcp_socket permissive=1
07-14 04:08:29.617  1427  2065 D Watchdog: upload server response: {"errcode": 100, "errmsg": "ok"}
07-14 04:08:29.617  1427  2065 D Watchdog: upload result: true
07-14 04:08:29.578  1103  1103 I Binder:1103_2: type=1400 audit(0.0:145002): avc: denied { setopt } for scontext=u:r:init:s0 tcontext=u:r:system_app:s0 tclass=tcp_socket permissive=1
07-14 04:08:29.658 21515 21547 D oozh.translato: Features: 0 0 0
07-14 04:08:29.658 21515 21547 E oozh.translato: vulkan version is 4211017
07-14 04:08:29.663 21515 21547 D hw-ProcessState: Binder ioctl to enable oneway spam detection failed: Invalid argument
07-14 04:08:29.666 21515 21547 E HidlServiceManagement: getService: Potential race detected, descriptor: android.hardware.configstore@1.0::ISurfaceFlingerConfigs instance: default
07-14 04:08:29.671 21515 21547 W OpenGLRenderer: Failed to choose config with EGL_SWAP_BEHAVIOR_PRESERVED, retrying without...
07-14 04:08:29.697  1124  1182 E HWComposer: getSupportedContentTypes: getSupportedContentTypes failed for display 4619827820427265280: Unsupported (8)
07-14 04:08:29.698  1024  1024 I hwservicemanager: getTransport: Cannot find entry android.hardware.graphics.mapper@4.0::IMapper/default in either framework or device VINTF manifest.
07-14 04:08:29.699 21515 21547 E HidlServiceManagement: getService: Potential race detected, descriptor: android.hardware.graphics.mapper@4.0::IMapper instance: default
07-14 04:08:29.699  1024  1024 I hwservicemanager: Since android.hardware.graphics.mapper@4.0::IMapper/default is not registered, trying to start it as a lazy HAL.
07-14 04:08:29.701 21515 21547 I Gralloc4: mapper 4.x is not supported
07-14 04:08:29.710  1024  1024 I hwservicemanager: getTransport: Cannot find entry android.hardware.graphics.mapper@3.0::IMapper/default in either framework or device VINTF manifest.
07-14 04:08:29.710 21515 21547 E HidlServiceManagement: getService: Potential race detected, descriptor: android.hardware.graphics.mapper@3.0::IMapper instance: default
07-14 04:08:29.711  1024  1024 I hwservicemanager: Since android.hardware.graphics.mapper@3.0::IMapper/default is not registered, trying to start it as a lazy HAL.
07-14 04:08:29.711  1024 21558 W libc    : Unable to set property "ctl.interface_start" to "android.hardware.graphics.mapper@4.0::IMapper/default": error code: 0x20
07-14 04:08:29.711  1024 21558 I hwservicemanager: Tried to start android.hardware.graphics.mapper@4.0::IMapper/default as a lazy service, but was unable to. Usually this happens when a service is not installed, but if the service is intended to be used as a lazy service, then it may be configured incorrectly.
07-14 04:08:29.711 21515 21547 W Gralloc3: mapper 3.x is not supported
07-14 04:08:29.711 21515 21547 E HidlServiceManagement: getService: Potential race detected, descriptor: android.hardware.graphics.mapper@2.0::IMapper instance: default
07-14 04:08:29.718  1024 21559 W libc    : Unable to set property "ctl.interface_start" to "android.hardware.graphics.mapper@3.0::IMapper/default": error code: 0x20
07-14 04:08:29.718  1024 21559 I hwservicemanager: Tried to start android.hardware.graphics.mapper@3.0::IMapper/default as a lazy service, but was unable to. Usually this happens when a service is not installed, but if the service is intended to be used as a lazy service, then it may be configured incorrectly.
07-14 04:08:29.719  1024  1024 I hwservicemanager: getTransport: Cannot find entry android.hardware.graphics.allocator@4.0::IAllocator/default in either framework or device VINTF manifest.
07-14 04:08:29.720 21515 21547 E HidlServiceManagement: getService: Potential race detected, descriptor: android.hardware.graphics.allocator@4.0::IAllocator instance: default
07-14 04:08:29.720  1024  1024 I hwservicemanager: Since android.hardware.graphics.allocator@4.0::IAllocator/default is not registered, trying to start it as a lazy HAL.
07-14 04:08:29.720 21515 21547 W Gralloc4: allocator 4.x is not supported
07-14 04:08:29.720  1024  1024 I hwservicemanager: getTransport: Cannot find entry android.hardware.graphics.allocator@3.0::IAllocator/default in either framework or device VINTF manifest.
07-14 04:08:29.720 21515 21547 E HidlServiceManagement: getService: Potential race detected, descriptor: android.hardware.graphics.allocator@3.0::IAllocator instance: default
07-14 04:08:29.720  1024  1024 I hwservicemanager: Since android.hardware.graphics.allocator@3.0::IAllocator/default is not registered, trying to start it as a lazy HAL.
07-14 04:08:29.720 21515 21547 W Gralloc3: allocator 3.x is not supported
07-14 04:08:29.721 21515 21547 E HidlServiceManagement: getService: Potential race detected, descriptor: android.hardware.graphics.allocator@2.0::IAllocator instance: default
07-14 04:08:29.722  1427  1787 W NewFileUpdater: MSG_GET_PACKAGE_TAG_INFO, no available new tag for: com.poozh.translator, workingTag: 12.2069
07-14 04:08:29.730  1024 21560 W libc    : Unable to set property "ctl.interface_start" to "android.hardware.graphics.allocator@4.0::IAllocator/default": error code: 0x20
07-14 04:08:29.730  1024 21560 I hwservicemanager: Tried to start android.hardware.graphics.allocator@4.0::IAllocator/default as a lazy service, but was unable to. Usually this happens when a service is not installed, but if the service is intended to be used as a lazy service, then it may be configured incorrectly.
07-14 04:08:29.737 21515 21547 D gralloc_x86: gralloc_alloc: Creating ashmem region of size 3690496
07-14 04:08:29.737  1024 21561 W libc    : Unable to set property "ctl.interface_start" to "android.hardware.graphics.allocator@3.0::IAllocator/default": error code: 0x20
07-14 04:08:29.737  1024 21561 I hwservicemanager: Tried to start android.hardware.graphics.allocator@3.0::IAllocator/default as a lazy service, but was unable to. Usually this happens when a service is not installed, but if the service is intended to be used as a lazy service, then it may be configured incorrectly.
07-14 04:08:29.746 21515 21562 D oozh.translato: Features: 0 0 0
07-14 04:08:29.746 21515 21562 E oozh.translato: vulkan version is 4211017
07-14 04:08:29.747 21515 21562 D gralloc_x86: gralloc_alloc: Creating ashmem region of size 3690496
07-14 04:08:29.750 21515 21562 D gralloc_x86: gralloc_alloc: Creating ashmem region of size 3690496
07-14 04:08:29.799  1275  1292 I ActivityTaskManager: Displayed com.poozh.translator/.MainActivity: +1s837ms
07-14 04:08:29.952  1275  1737 W InputManager-JNI: Input channel object '6b0af78 Splash Screen com.poozh.translator (client)' was disposed without first being removed with the input manager!
07-14 04:08:30.814  1275  1275 I WifiHandlerThre: type=1400 audit(0.0:145015): avc: denied { map_read } for scontext=u:r:system_server:s0 tcontext=u:r:init:s0 tclass=bpf permissive=1
07-14 04:08:33.141 21569 21569 I adbd    : type=1400 audit(0.0:145016): avc: denied { search } for name="/" dev="sda6" ino=2 scontext=u:r:adbd:s0 tcontext=u:object_r:unlabeled:s0 tclass=dir permissive=1
07-14 04:08:33.141 21569 21569 I adbd    : type=1400 audit(0.0:145017): avc: denied { read } for name="linker64" dev="sda6" ino=733 scontext=u:r:adbd:s0 tcontext=u:object_r:unlabeled:s0 tclass=lnk_file permissive=1
07-14 04:08:33.144 21569 21569 I sh      : type=1400 audit(0.0:145018): avc: denied { read } for name="/" dev="sda6" ino=2 scontext=u:r:adbd:s0 tcontext=u:object_r:unlabeled:s0 tclass=dir permissive=1
07-14 04:08:33.144 21569 21569 I sh      : type=1400 audit(0.0:145019): avc: denied { getattr } for path="/system" dev="sda6" ino=2 scontext=u:r:adbd:s0 tcontext=u:object_r:unlabeled:s0 tclass=dir permissive=1
07-14 04:08:33.161 21569 21569 I pidof   : type=1400 audit(0.0:145020): avc: denied { search } for name="1" dev="proc" ino=9202 scontext=u:r:adbd:s0 tcontext=u:r:kernel:s0 tclass=dir permissive=1
07-14 04:08:33.161 21569 21569 I pidof   : type=1400 audit(0.0:145021): avc: denied { read } for name="cmdline" dev="proc" ino=4222824 scontext=u:r:adbd:s0 tcontext=u:r:kernel:s0 tclass=file permissive=1
07-14 04:08:33.161 21569 21569 I pidof   : type=1400 audit(0.0:145022): avc: denied { open } for path="/proc/1/cmdline" dev="proc" ino=4222824 scontext=u:r:adbd:s0 tcontext=u:r:kernel:s0 tclass=file permissive=1
07-14 04:08:33.164 21569 21569 I pidof   : type=1400 audit(0.0:145023): avc: denied { search } for name="1010" dev="proc" ino=4171183 scontext=u:r:adbd:s0 tcontext=u:r:vendor_init:s0 tclass=dir permissive=1
07-14 04:08:33.164 21569 21569 I pidof   : type=1400 audit(0.0:145024): avc: denied { read } for name="cmdline" dev="proc" ino=4222869 scontext=u:r:adbd:s0 tcontext=u:r:vendor_init:s0 tclass=file permissive=1
07-14 04:08:33.337 15253 15265 W ocessService0:: Reducing the number of considered missed Gc histogram windows from 3726 to 100
07-14 04:08:34.939  1152  1152 D opengl-gc: Check pid 11313: running 0
07-14 04:08:37.334  1021  1021 I lmkd    : type=1400 audit(0.0:145076): avc: denied { write } for name="oom_score_adj" dev="proc" ino=4181165 scontext=u:r:init:s0 tcontext=u:r:permissioncontroller_app:s0:c36,c256,c512,c768 tclass=file permissive=1
07-14 04:08:39.585  1457  1457 D InterruptionStateProvider: No bubble up: not allowed to bubble: 0|com.mumu.store|1|null|1000
07-14 04:08:39.585  1457  1457 D InterruptionStateProvider: No bubble up: not allowed to bubble: 0|com.mumu.store|-1679252459|null|1000
07-14 04:08:39.585  1457  1457 D InterruptionStateProvider: No bubble up: not allowed to bubble: 0|com.android.permissioncontroller|1|HibernationJobService|10036
07-14 04:08:39.586  1457  1457 D InterruptionStateProvider: No bubble up: not allowed to bubble: 0|com.mumu.store|1|null|1000
07-14 04:08:39.586  1457  1457 D InterruptionStateProvider: No bubble up: not allowed to bubble: 0|com.mumu.store|-1679252459|null|1000
07-14 04:08:39.586  1457  1457 D InterruptionStateProvider: No bubble up: not allowed to bubble: 0|com.android.permissioncontroller|1|HibernationJobService|10036
07-14 04:08:40.276  1042 21551 I keystore2: keystore2::watchdog: Watchdog thread idle -> terminating. Have a great day.
07-14 04:08:47.698 28202 28208 W ssioncontrolle: Reducing the number of considered missed Gc histogram windows from 6991 to 100
07-14 04:08:47.694 28202 28202 I HeapTaskDaemon: type=1400 audit(0.0:145077): avc: denied { sendto } for path="/dev/socket/logdw" scontext=u:r:permissioncontroller_app:s0:c36,c256,c512,c768 tcontext=u:r:init:s0 tclass=unix_dgram_socket permissive=1
07-14 04:08:47.951  1103  1103 I Binder:1103_2: type=1400 audit(0.0:145078): avc: denied { read write } for path="socket:[4223718]" dev="sockfs" ino=4223718 scontext=u:r:init:s0 tcontext=u:r:platform_app:s0:c512,c768 tclass=tcp_socket permissive=1
07-14 04:08:47.951  1103  1103 I Binder:1103_2: type=1400 audit(0.0:145079): avc: denied { getopt } for scontext=u:r:init:s0 tcontext=u:r:platform_app:s0:c512,c768 tclass=tcp_socket permissive=1
07-14 04:08:47.951  1103  1103 I Binder:1103_2: type=1400 audit(0.0:145080): avc: denied { setopt } for scontext=u:r:init:s0 tcontext=u:r:platform_app:s0:c512,c768 tclass=tcp_socket permissive=1
07-14 04:08:48.011  2018  2018 I pool-3-thread-1: type=1400 audit(0.0:145081): avc: denied { search } for name="/" dev="sda6" ino=2 scontext=u:r:platform_app:s0:c512,c768 tcontext=u:object_r:unlabeled:s0 tclass=dir permissive=1 app=com.mumu.acc
07-14 04:08:52.938  1040  1040 I compat_ram_d: type=1400 audit(0.0:145082): avc: denied { read } for name="cpu" dev="proc" ino=4026532064 scontext=u:r:init:s0 tcontext=u:object_r:proc_pressure_cpu:s0 tclass=file permissive=1
07-14 04:08:52.938  1040  1040 I compat_ram_d: type=1400 audit(0.0:145083): avc: denied { open } for path="/proc/pressure/cpu" dev="proc" ino=4026532064 scontext=u:r:init:s0 tcontext=u:object_r:proc_pressure_cpu:s0 tclass=file permissive=1
07-14 04:08:52.938  1040  1040 I compat_ram_d: type=1400 audit(0.0:145084): avc: denied { getattr } for path="/proc/pressure/cpu" dev="proc" ino=4026532064 scontext=u:r:init:s0 tcontext=u:object_r:proc_pressure_cpu:s0 tclass=file permissive=1
07-14 04:08:52.938  1040  1040 I compat_ram_d: type=1400 audit(0.0:145085): avc: denied { read } for name="io" dev="proc" ino=4026532062 scontext=u:r:init:s0 tcontext=u:object_r:proc_pressure_io:s0 tclass=file permissive=1
07-14 04:08:52.938  1040  1040 I compat_ram_d: type=1400 audit(0.0:145086): avc: denied { open } for path="/proc/pressure/io" dev="proc" ino=4026532062 scontext=u:r:init:s0 tcontext=u:object_r:proc_pressure_io:s0 tclass=file permissive=1
07-14 04:08:52.938  1040  1040 I compat_ram_d: type=1400 audit(0.0:145087): avc: denied { getattr } for path="/proc/pressure/io" dev="proc" ino=4026532062 scontext=u:r:init:s0 tcontext=u:object_r:proc_pressure_io:s0 tclass=file permissive=1
07-14 04:08:55.381  1103  1103 I netd    : type=1400 audit(0.0:145088): avc: denied { create } for scontext=u:r:init:s0 tcontext=u:r:init:s0 tclass=netlink_tcpdiag_socket permissive=1
07-14 04:08:55.381  1103  1103 I netd    : type=1400 audit(0.0:145089): avc: denied { connect } for scontext=u:r:init:s0 tcontext=u:r:init:s0 tclass=netlink_tcpdiag_socket permissive=1
07-14 04:08:55.381  1103  1103 I netd    : type=1400 audit(0.0:145090): avc: denied { write } for path="socket:[4223720]" dev="sockfs" ino=4223720 scontext=u:r:init:s0 tcontext=u:r:init:s0 tclass=netlink_tcpdiag_socket permissive=1
07-14 04:08:55.381  1103  1103 I netd    : type=1400 audit(0.0:145091): avc: denied { nlmsg_read } for scontext=u:r:init:s0 tcontext=u:r:init:s0 tclass=netlink_tcpdiag_socket permissive=1
07-14 04:08:57.034  1021  1021 I lmkd    : type=1400 audit(0.0:145092): avc: denied { write } for name="oom_score_adj" dev="proc" ino=4181195 scontext=u:r:init:s0 tcontext=u:r:system_app:s0 tclass=file permissive=1
07-14 04:08:57.034  1021  1021 I lmkd    : type=1400 audit(0.0:145093): avc: denied { write } for name="oom_score_adj" dev="proc" ino=4174332 scontext=u:r:init:s0 tcontext=u:r:priv_app:s0:c512,c768 tclass=file permissive=1
07-14 04:08:57.034  1021  1021 I lmkd    : type=1400 audit(0.0:145094): avc: denied { write } for name="oom_score_adj" dev="proc" ino=4167655 scontext=u:r:init:s0 tcontext=u:r:platform_app:s0:c512,c768 tclass=file permissive=1
07-14 04:09:04.104  1103  1103 I netd    : type=1400 audit(0.0:145095): avc: denied { read } for scontext=u:r:init:s0 tcontext=u:r:init:s0 tclass=netlink_kobject_uevent_socket permissive=1
07-14 04:09:04.104  1103  1103 I netd    : type=1400 audit(0.0:145096): avc: denied { call } for scontext=u:r:init:s0 tcontext=u:r:network_stack:s0 tclass=binder permissive=1
