07-14 04:25:27.789  1275  1430 E SurfaceFlinger: setDisplayBrightness: failed to transact: -38
07-14 04:25:27.806  1275  1430 E DisplayDeviceConfig: requesting nits when no mapping exists.
07-14 04:25:27.806  1275  1430 E DisplayDeviceConfig: requesting nits when no mapping exists.
07-14 04:25:27.806  1124  2998 E HWComposer: operator(): operator() failed for display 4619827820427265280: Unsupported (8)
07-14 04:25:27.806  1275  1430 E SurfaceFlinger: setDisplayBrightness: failed to transact: -38
07-14 04:25:27.822  1275  1430 E DisplayDeviceConfig: requesting nits when no mapping exists.
07-14 04:25:27.822  1275  1430 E DisplayDeviceConfig: requesting nits when no mapping exists.
07-14 04:25:27.822  1124  2998 E HWComposer: operator(): operator() failed for display 4619827820427265280: Unsupported (8)
07-14 04:25:27.823  1275  1430 E SurfaceFlinger: setDisplayBrightness: failed to transact: -38
07-14 04:25:27.839  1275  1430 E DisplayDeviceConfig: requesting nits when no mapping exists.
07-14 04:25:27.839  1275  1430 E DisplayDeviceConfig: requesting nits when no mapping exists.
07-14 04:25:27.839  1124  2998 E HWComposer: operator(): operator() failed for display 4619827820427265280: Unsupported (8)
07-14 04:25:27.839  1275  1430 E SurfaceFlinger: setDisplayBrightness: failed to transact: -38
07-14 04:25:27.856  1275  1430 E DisplayDeviceConfig: requesting nits when no mapping exists.
07-14 04:25:27.856  1275  1430 E DisplayDeviceConfig: requesting nits when no mapping exists.
07-14 04:25:27.856  1124  2998 E HWComposer: operator(): operator() failed for display 4619827820427265280: Unsupported (8)
07-14 04:25:27.856  1275  1430 E SurfaceFlinger: setDisplayBrightness: failed to transact: -38
07-14 04:25:27.872  1275  1430 E DisplayDeviceConfig: requesting nits when no mapping exists.
07-14 04:25:27.872  1275  1430 E DisplayDeviceConfig: requesting nits when no mapping exists.
07-14 04:25:27.873  1124  2998 E HWComposer: operator(): operator() failed for display 4619827820427265280: Unsupported (8)
07-14 04:25:27.873  1275  1430 E SurfaceFlinger: setDisplayBrightness: failed to transact: -38
07-14 04:25:27.889  1275  1430 E DisplayDeviceConfig: requesting nits when no mapping exists.
07-14 04:25:27.889  1275  1430 E DisplayDeviceConfig: requesting nits when no mapping exists.
07-14 04:25:27.889  1124  2998 E HWComposer: operator(): operator() failed for display 4619827820427265280: Unsupported (8)
07-14 04:25:27.889  1275  1430 E SurfaceFlinger: setDisplayBrightness: failed to transact: -38
07-14 04:25:27.906  1275  1430 E DisplayDeviceConfig: requesting nits when no mapping exists.
07-14 04:25:27.906  1275  1430 E DisplayDeviceConfig: requesting nits when no mapping exists.
07-14 04:25:27.906  1124  2998 E HWComposer: operator(): operator() failed for display 4619827820427265280: Unsupported (8)
07-14 04:25:27.906  1275  1430 E SurfaceFlinger: setDisplayBrightness: failed to transact: -38
07-14 04:25:27.922  1275  1430 E DisplayDeviceConfig: requesting nits when no mapping exists.
07-14 04:25:27.922  1275  1430 E DisplayDeviceConfig: requesting nits when no mapping exists.
07-14 04:25:27.923  1124  2998 E HWComposer: operator(): operator() failed for display 4619827820427265280: Unsupported (8)
07-14 04:25:27.923  1275  1430 E SurfaceFlinger: setDisplayBrightness: failed to transact: -38
07-14 04:25:27.939  1275  1430 E DisplayDeviceConfig: requesting nits when no mapping exists.
07-14 04:25:27.939  1275  1430 E DisplayDeviceConfig: requesting nits when no mapping exists.
07-14 04:25:27.939  1124  2998 E HWComposer: operator(): operator() failed for display 4619827820427265280: Unsupported (8)
07-14 04:25:27.940  1275  1430 E SurfaceFlinger: setDisplayBrightness: failed to transact: -38
07-14 04:25:29.693  1427  1427 D DropboxReceiver: dropbox tag: system_server_wtf
07-14 04:25:29.693  1427  1427 D DropboxReceiver: dropbox time: 1783974327723
07-14 04:25:29.693  1427  1427 D DropboxReceiver: dropbox file is not to be trackd
07-14 04:26:09.357  1275  1594 D WifiNl80211Manager: Scan result ready event
07-14 04:26:09.357  1275  1594 D WifiNative: Scan result ready event
07-14 04:26:11.965  1275  1311 W BatteryExternalStatsWorker: error reading modem stats:ERROR_PHONE_NOT_AVAILABLE
07-14 04:26:11.967  1275  1311 E system_server: Cannot read thread CPU times for PID 1275
07-14 04:26:11.964  1041  1041 I Binder:1041_2: type=1400 audit(0.0:145224): avc: denied { read } for name="event_count" dev="sysfs" ino=10010 scontext=u:r:init:s0 tcontext=u:object_r:sysfs_wakeup:s0 tclass=file permissive=1
07-14 04:26:11.964  1041  1041 I Binder:1041_2: type=1400 audit(0.0:145225): avc: denied { open } for path="/sys/devices/virtual/wakeup/wakeup18/event_count" dev="sysfs" ino=10010 scontext=u:r:init:s0 tcontext=u:object_r:sysfs_wakeup:s0 tclass=file permissive=1
07-14 04:26:18.281  1116  1116 E android.hardware.power.stats@1.0-service-mock: Failed to getEnergyData
07-14 04:26:36.944  1556 26909 D NetworkMonitor/114: isDataStall: result=2, tcp packets received=0, latest tcp fail rate=100, consecutive dns timeout count=0
07-14 04:26:36.944  1556 26909 D NetworkMonitor/114: Suspecting data stall, reevaluate
07-14 04:26:36.944  1275  1594 D ConnectivityService: Data stall detected with methods: 2
07-14 04:26:36.946  1556 21752 D NetworkMonitor/114: Validation disabled.
07-14 04:26:36.950  1275  1383 D ConnectivityService: [114 WIFI] validation passed
07-14 04:26:36.941  1556  1556 I NetworkMonitor/: type=1400 audit(0.0:145226): avc: denied { sendto } for path="/dev/socket/logdw" scontext=u:r:network_stack:s0 tcontext=u:r:init:s0 tclass=unix_dgram_socket permissive=1
07-14 04:26:46.584  2073  2073 I Thread-5: type=1400 audit(0.0:145227): avc: denied { use } for path="/dev/null" dev="tmpfs" ino=9196 scontext=u:r:mediaprovider_app:s0:c37,c256,c512,c768 tcontext=u:r:kernel:s0 tclass=fd permissive=1 app=com.android.providers.media.module
07-14 04:26:46.605 21754 21754 D ProcessState: Binder ioctl to enable oneway spam detection failed: Invalid argument
07-14 04:26:46.606  1275  1594 W ActivityManager: Background start not allowed: service Intent { cmp=com.github.uiautomator/.Service } to com.github.uiautomator/.Service from pid=21754 uid=2000 pkg=com.android.shell startFg?=false
07-14 04:26:56.966  1556 26909 D NetworkMonitor/114: isDataStall: result=2, tcp packets received=0, latest tcp fail rate=100, consecutive dns timeout count=0
07-14 04:26:56.966  1556 26909 D NetworkMonitor/114: Suspecting data stall, reevaluate
07-14 04:26:56.966  1275  1594 D ConnectivityService: Data stall detected with methods: 2
07-14 04:26:56.966  1556 21757 D NetworkMonitor/114: Validation disabled.
07-14 04:26:56.967  1275  1383 D ConnectivityService: [114 WIFI] validation passed
07-14 04:27:11.965  1275  1311 E system_server: Cannot read thread CPU times for PID 1275
07-14 04:27:16.982  1556 26909 D NetworkMonitor/114: isDataStall: result=2, tcp packets received=0, latest tcp fail rate=100, consecutive dns timeout count=0
07-14 04:27:16.982  1556 26909 D NetworkMonitor/114: Suspecting data stall, reevaluate
07-14 04:27:16.982  1275  1289 D ConnectivityService: Data stall detected with methods: 2
07-14 04:27:16.982  1556 21758 D NetworkMonitor/114: Validation disabled.
07-14 04:27:16.983  1275  1383 D ConnectivityService: [114 WIFI] validation passed
07-14 04:27:36.998  1556 26909 D NetworkMonitor/114: isDataStall: result=2, tcp packets received=0, latest tcp fail rate=100, consecutive dns timeout count=0
07-14 04:27:36.998  1556 26909 D NetworkMonitor/114: Suspecting data stall, reevaluate
07-14 04:27:36.999  1275  1594 D ConnectivityService: Data stall detected with methods: 2
07-14 04:27:36.999  1556 21759 D NetworkMonitor/114: Validation disabled.
07-14 04:27:37.000  1275  1383 D ConnectivityService: [114 WIFI] validation passed
07-14 04:27:53.231  1040  1045 I NemuSysOpt: Start compat memory
07-14 04:27:53.228  1040  1040 I compat_ram_d: type=1400 audit(0.0:145228): avc: denied { read } for name="cpu" dev="proc" ino=4026532064 scontext=u:r:init:s0 tcontext=u:object_r:proc_pressure_cpu:s0 tclass=file permissive=1
07-14 04:27:53.228  1040  1040 I compat_ram_d: type=1400 audit(0.0:145229): avc: denied { open } for path="/proc/pressure/cpu" dev="proc" ino=4026532064 scontext=u:r:init:s0 tcontext=u:object_r:proc_pressure_cpu:s0 tclass=file permissive=1
07-14 04:27:53.254  1040  1045 I NemuSysOpt: Compat memory done
07-14 04:27:53.228  1040  1040 I compat_ram_d: type=1400 audit(0.0:145230): avc: denied { getattr } for path="/proc/pressure/cpu" dev="proc" ino=4026532064 scontext=u:r:init:s0 tcontext=u:object_r:proc_pressure_cpu:s0 tclass=file permissive=1
07-14 04:27:57.009  1556 26909 D NetworkMonitor/114: isDataStall: result=2, tcp packets received=0, latest tcp fail rate=100, consecutive dns timeout count=0
07-14 04:27:57.009  1556 26909 D NetworkMonitor/114: Suspecting data stall, reevaluate
07-14 04:27:57.009  1275  1289 D ConnectivityService: Data stall detected with methods: 2
07-14 04:27:57.010  1556 21760 D NetworkMonitor/114: Validation disabled.
07-14 04:27:57.011  1275  1383 D ConnectivityService: [114 WIFI] validation passed
07-14 04:28:17.031  1556 26909 D NetworkMonitor/114: isDataStall: result=2, tcp packets received=0, latest tcp fail rate=100, consecutive dns timeout count=0
07-14 04:28:17.031  1556 26909 D NetworkMonitor/114: Suspecting data stall, reevaluate
07-14 04:28:17.031  1275  1289 D ConnectivityService: Data stall detected with methods: 2
07-14 04:28:17.031  1556 21761 D NetworkMonitor/114: Validation disabled.
07-14 04:28:17.032  1275  1383 D ConnectivityService: [114 WIFI] validation passed
07-14 04:28:18.281  1116  1116 E android.hardware.power.stats@1.0-service-mock: Failed to getEnergyData
07-14 04:28:35.279 15183 21762 E NotificationWork: title: 弹尽粮绝喵  content: 指挥官～家里已经没东西吃了喵～大家都饿趴下了喵…   id: 2
07-14 04:28:35.288 15183 15199 I WM-WorkerWrapper: Worker result SUCCESS for Work [ id=1ce70fa1-ded9-4959-bcf2-706b23e603b1, tags={ com.ys.util.impl.NotificationWork, 2 } ]
07-14 04:28:35.493  1275  1275 W NotificationHistory: Attempted to add notif for locked/gone/disabled user 0
07-14 04:28:35.503  1457  1457 D InterruptionStateProvider: No bubble up: not allowed to bubble: 0|com.bilibili.azurlane|2|null|10039
07-14 04:28:35.503  1457  1457 D InterruptionStateProvider: No heads up: unimportant notification: 0|com.bilibili.azurlane|2|null|10039
07-14 04:28:35.504  1457  1668 D PeopleSpaceWidgetMgr: Sbn doesn't contain valid PeopleTileKey: null/0/com.bilibili.azurlane
07-14 04:28:37.052  1556 26909 D NetworkMonitor/114: isDataStall: result=2, tcp packets received=0, latest tcp fail rate=100, consecutive dns timeout count=0
07-14 04:28:37.052  1556 26909 D NetworkMonitor/114: Suspecting data stall, reevaluate
07-14 04:28:37.052  1275  1594 D ConnectivityService: Data stall detected with methods: 2
07-14 04:28:37.052  1556 21765 D NetworkMonitor/114: Validation disabled.
07-14 04:28:37.053  1275  1383 D ConnectivityService: [114 WIFI] validation passed
07-14 04:28:45.501  1457  1457 D InterruptionStateProvider: No bubble up: not allowed to bubble: 0|com.mumu.store|1|null|1000
07-14 04:28:45.501  1457  1457 D InterruptionStateProvider: No bubble up: not allowed to bubble: 0|com.mumu.store|-1679252459|null|1000
07-14 04:28:45.501  1457  1457 D InterruptionStateProvider: No bubble up: not allowed to bubble: 0|com.bilibili.azurlane|2|null|10039
07-14 04:28:45.501  1457  1457 D InterruptionStateProvider: No bubble up: not allowed to bubble: 0|com.android.permissioncontroller|1|HibernationJobService|10036
07-14 04:28:45.501  1457  1457 D InterruptionStateProvider: No bubble up: not allowed to bubble: 0|com.poozh.translator|3108|null|10058
07-14 04:28:57.074  1556 26909 D NetworkMonitor/114: isDataStall: result=2, tcp packets received=0, latest tcp fail rate=100, consecutive dns timeout count=0
07-14 04:28:57.074  1556 26909 D NetworkMonitor/114: Suspecting data stall, reevaluate
07-14 04:28:57.074  1275  1289 D ConnectivityService: Data stall detected with methods: 2
07-14 04:28:57.074  1556 21766 D NetworkMonitor/114: Validation disabled.
07-14 04:28:57.077  1275  1383 D ConnectivityService: [114 WIFI] validation passed
07-14 04:29:07.658 21769 21769 D ProcessState: Binder ioctl to enable oneway spam detection failed: Invalid argument
07-14 04:29:07.661  1275  1317 V DisplayPowerController[0]: Brightness [0.39763778] reason changing to: 'manual', previous reason: 'manual [ dim ]'.
07-14 04:29:07.673  1275  1430 E DisplayDeviceConfig: requesting nits when no mapping exists.
07-14 04:29:07.673  1275  1430 E DisplayDeviceConfig: requesting nits when no mapping exists.
07-14 04:29:07.673  1124  2998 E HWComposer: operator(): operator() failed for display 4619827820427265280: Unsupported (8)
07-14 04:29:07.674  1275  1304 I DropBoxManagerService: add tag=system_server_wtf isTagEnabled=true flags=0x2
07-14 04:29:07.674  1275  1304 I DropBoxManagerService: add tag=system_server_wtf isTagEnabled=true flags=0x2
07-14 04:29:07.675  1275  1430 E SurfaceFlinger: setDisplayBrightness: failed to transact: -38
07-14 04:29:07.689  1275  1430 E DisplayDeviceConfig: requesting nits when no mapping exists.
07-14 04:29:07.689  1275  1430 E DisplayDeviceConfig: requesting nits when no mapping exists.
07-14 04:29:07.690  1124  2998 E HWComposer: operator(): operator() failed for display 4619827820427265280: Unsupported (8)
07-14 04:29:07.690  1275  1430 E SurfaceFlinger: setDisplayBrightness: failed to transact: -38
07-14 04:29:07.690  1275  1304 I DropBoxManagerService: add tag=system_server_wtf isTagEnabled=true flags=0x2
07-14 04:29:07.691  1275  1304 I DropBoxManagerService: add tag=system_server_wtf isTagEnabled=true flags=0x2
07-14 04:29:07.691  1457  1611 D OpenGLRenderer: endAllActiveAnimators on 0x7aba7c8a5760 (RippleDrawable) with handle 0x7ab98c713ad0
07-14 04:29:07.692  1275  1289 W InputManager-JNI: Input channel object '357ddc7 Sys2009:com.android.systemui/com.android.systemui.media.MediaProjectionPermissionActivity (client)' was disposed without first being removed with the input manager!
07-14 04:29:07.696  1124  2998 D gralloc_x86: gralloc_alloc: Creating ashmem region of size 3690496
07-14 04:29:07.705  1275  1430 E DisplayDeviceConfig: requesting nits when no mapping exists.
07-14 04:29:07.705  1275  1430 E DisplayDeviceConfig: requesting nits when no mapping exists.
07-14 04:29:07.710  1275  1295 V WindowManager: Unknown focus tokens, dropping reportFocusChanged
07-14 04:29:07.711  1124  2998 E HWComposer: operator(): operator() failed for display 4619827820427265280: Unsupported (8)
07-14 04:29:07.711  1275  1304 I DropBoxManagerService: add tag=system_server_wtf isTagEnabled=true flags=0x2
07-14 04:29:07.698  1275  1275 I Binder:1275_2: type=1400 audit(0.0:145231): avc: denied { ioctl } for path="/dev/vaddress" dev="tmpfs" ino=11071 ioctlcmd=0x4c19 scontext=u:r:system_server:s0 tcontext=u:object_r:device:s0 tclass=chr_file permissive=1
07-14 04:29:07.712  1275  1430 E SurfaceFlinger: setDisplayBrightness: failed to transact: -38
07-14 04:29:07.714 21515 21515 D CompatibilityChangeReporter: Compat change id reported: 78294732; UID 10058; state: ENABLED
07-14 04:29:07.723  1275  1430 E DisplayDeviceConfig: requesting nits when no mapping exists.
07-14 04:29:07.723  1275  1430 E DisplayDeviceConfig: requesting nits when no mapping exists.
07-14 04:29:07.728  1124  1183 E HWComposer: operator(): operator() failed for display 4619827820427265280: Unsupported (8)
07-14 04:29:07.729  1275  1430 E SurfaceFlinger: setDisplayBrightness: failed to transact: -38
07-14 04:29:07.730  1457  1457 W ziparchive: Unable to open '/data/app/~~qWa-PXc4ZK4xleU6q_PLnQ==/com.poozh.translator-1sQCn6qYHKOjJKsUTM5KNw==/base.apk': No such file or directory
07-14 04:29:07.730  1457  1457 E ndroid.systemu: Failed to open APK '/data/app/~~qWa-PXc4ZK4xleU6q_PLnQ==/com.poozh.translator-1sQCn6qYHKOjJKsUTM5KNw==/base.apk': I/O error
07-14 04:29:07.731  1457  1457 W ResourcesManager: failed to preload asset path '/data/app/~~qWa-PXc4ZK4xleU6q_PLnQ==/com.poozh.translator-1sQCn6qYHKOjJKsUTM5KNw==/base.apk'
07-14 04:29:07.731  1457  1457 W ResourcesManager: java.io.IOException: Failed to load asset path /data/app/~~qWa-PXc4ZK4xleU6q_PLnQ==/com.poozh.translator-1sQCn6qYHKOjJKsUTM5KNw==/base.apk
07-14 04:29:07.731  1457  1457 W ResourcesManager: 	at android.content.res.ApkAssets.nativeLoad(Native Method)
07-14 04:29:07.731  1457  1457 W ResourcesManager: 	at android.content.res.ApkAssets.<init>(ApkAssets.java:295)
07-14 04:29:07.731  1457  1457 W ResourcesManager: 	at android.content.res.ApkAssets.loadFromPath(ApkAssets.java:144)
07-14 04:29:07.731  1457  1457 W ResourcesManager: 	at android.app.ResourcesManager.loadApkAssets(ResourcesManager.java:469)
07-14 04:29:07.731  1457  1457 W ResourcesManager: 	at android.app.ResourcesManager.access$000(ResourcesManager.java:72)
07-14 04:29:07.731  1457  1457 W ResourcesManager: 	at android.app.ResourcesManager$ApkAssetsSupplier.load(ResourcesManager.java:183)
07-14 04:29:07.731  1457  1457 W ResourcesManager: 	at android.app.ResourcesManager.createApkAssetsSupplierNotLocked(ResourcesManager.java:1007)
07-14 04:29:07.731  1457  1457 W ResourcesManager: 	at android.app.ResourcesManager.getResources(ResourcesManager.java:1128)
07-14 04:29:07.731  1457  1457 W ResourcesManager: 	at android.app.ActivityThread.getTopLevelResources(ActivityThread.java:2471)
07-14 04:29:07.731  1457  1457 W ResourcesManager: 	at android.app.ApplicationPackageManager.getResourcesForApplication(ApplicationPackageManager.java:1758)
07-14 04:29:07.731  1457  1457 W ResourcesManager: 	at android.app.ApplicationPackageManager.getResourcesForApplication(ApplicationPackageManager.java:1744)
07-14 04:29:07.731  1457  1457 W ResourcesManager: 	at android.app.ApplicationPackageManager.getDrawable(ApplicationPackageManager.java:1510)
07-14 04:29:07.731  1457  1457 W ResourcesManager: 	at android.app.ApplicationPackageManager.loadUnbadgedItemIcon(ApplicationPackageManager.java:3040)
07-14 04:29:07.731  1457  1457 W ResourcesManager: 	at android.content.pm.PackageItemInfo.loadUnbadgedIcon(PackageItemInfo.java:326)
07-14 04:29:07.731  1457  1457 W ResourcesManager: 	at com.android.systemui.toast.SystemUIToast.getBadgedIcon(SystemUIToast.java:286)
07-14 04:29:07.731  1457  1457 W ResourcesManager: 	at com.android.systemui.toast.SystemUIToast.inflateToastView(SystemUIToast.java:198)
07-14 04:29:07.731  1457  1457 W ResourcesManager: 	at com.android.systemui.toast.SystemUIToast.<init>(SystemUIToast.java:90)
07-14 04:29:07.731  1457  1457 W ResourcesManager: 	at com.android.systemui.toast.SystemUIToast.<init>(SystemUIToast.java:77)
07-14 04:29:07.731  1457  1457 W ResourcesManager: 	at com.android.systemui.toast.ToastFactory.createToast(ToastFactory.java:78)
07-14 04:29:07.731  1457  1457 W ResourcesManager: 	at com.android.systemui.toast.ToastUI.lambda$showToast$0(ToastUI.java:113)
07-14 04:29:07.731  1457  1457 W ResourcesManager: 	at com.android.systemui.toast.ToastUI.$r8$lambda$w_gPCh3F8Xxn1jN4lkQZoUci71c(Unknown Source:0)
07-14 04:29:07.731  1457  1457 W ResourcesManager: 	at com.android.systemui.toast.ToastUI$$ExternalSyntheticLambda0.run(Unknown Source:16)
07-14 04:29:07.731  1457  1457 W ResourcesManager: 	at com.android.systemui.toast.ToastUI.showToast(ToastUI.java:140)
07-14 04:29:07.731  1457  1457 W ResourcesManager: 	at com.android.systemui.statusbar.CommandQueue$H.handleMessage(CommandQueue.java:1451)
07-14 04:29:07.731  1457  1457 W ResourcesManager: 	at android.os.Handler.dispatchMessage(Handler.java:106)
07-14 04:29:07.731  1457  1457 W ResourcesManager: 	at android.os.Looper.loopOnce(Looper.java:201)
07-14 04:29:07.731  1457  1457 W ResourcesManager: 	at android.os.Looper.loop(Looper.java:288)
07-14 04:29:07.731  1457  1457 W ResourcesManager: 	at android.app.ActivityThread.main(ActivityThread.java:8085)
07-14 04:29:07.731  1457  1457 W ResourcesManager: 	at java.lang.reflect.Method.invoke(Native Method)
07-14 04:29:07.731  1457  1457 W ResourcesManager: 	at com.android.internal.os.RuntimeInit$MethodAndArgsCaller.run(RuntimeInit.java:571)
07-14 04:29:07.731  1457  1457 W ResourcesManager: 	at com.android.internal.os.ZygoteInit.main(ZygoteInit.java:1091)
07-14 04:29:07.731  1457  1457 W ziparchive: Unable to open '/data/app/~~qWa-PXc4ZK4xleU6q_PLnQ==/com.poozh.translator-1sQCn6qYHKOjJKsUTM5KNw==/base.apk': No such file or directory
07-14 04:29:07.731  1457  1457 E ndroid.systemu: Failed to open APK '/data/app/~~qWa-PXc4ZK4xleU6q_PLnQ==/com.poozh.translator-1sQCn6qYHKOjJKsUTM5KNw==/base.apk': I/O error
07-14 04:29:07.731  1457  1457 E ResourcesManager: failed to add asset path '/data/app/~~qWa-PXc4ZK4xleU6q_PLnQ==/com.poozh.translator-1sQCn6qYHKOjJKsUTM5KNw==/base.apk'
07-14 04:29:07.731  1457  1457 E ResourcesManager: java.io.IOException: Failed to load asset path /data/app/~~qWa-PXc4ZK4xleU6q_PLnQ==/com.poozh.translator-1sQCn6qYHKOjJKsUTM5KNw==/base.apk
07-14 04:29:07.731  1457  1457 E ResourcesManager: 	at android.content.res.ApkAssets.nativeLoad(Native Method)
07-14 04:29:07.731  1457  1457 E ResourcesManager: 	at android.content.res.ApkAssets.<init>(ApkAssets.java:295)
07-14 04:29:07.731  1457  1457 E ResourcesManager: 	at android.content.res.ApkAssets.loadFromPath(ApkAssets.java:144)
07-14 04:29:07.731  1457  1457 E ResourcesManager: 	at android.app.ResourcesManager.loadApkAssets(ResourcesManager.java:469)
07-14 04:29:07.731  1457  1457 E ResourcesManager: 	at android.app.ResourcesManager.access$000(ResourcesManager.java:72)
07-14 04:29:07.731  1457  1457 E ResourcesManager: 	at android.app.ResourcesManager$ApkAssetsSupplier.load(ResourcesManager.java:183)
07-14 04:29:07.731  1457  1457 E ResourcesManager: 	at android.app.ResourcesManager.createAssetManager(ResourcesManager.java:551)
07-14 04:29:07.731  1457  1457 E ResourcesManager: 	at android.app.ResourcesManager.createResourcesImpl(ResourcesManager.java:633)
07-14 04:29:07.731  1457  1457 E ResourcesManager: 	at android.app.ResourcesManager.findOrCreateResourcesImplForKeyLocked(ResourcesManager.java:685)
07-14 04:29:07.731  1457  1457 E ResourcesManager: 	at android.app.ResourcesManager.createResources(ResourcesManager.java:1038)
07-14 04:29:07.731  1457  1457 E ResourcesManager: 	at android.app.ResourcesManager.getResources(ResourcesManager.java:1141)
07-14 04:29:07.731  1457  1457 E ResourcesManager: 	at android.app.ActivityThread.getTopLevelResources(ActivityThread.java:2471)
07-14 04:29:07.731  1457  1457 E ResourcesManager: 	at android.app.ApplicationPackageManager.getResourcesForApplication(ApplicationPackageManager.java:1758)
07-14 04:29:07.731  1457  1457 E ResourcesManager: 	at android.app.ApplicationPackageManager.getResourcesForApplication(ApplicationPackageManager.java:1744)
07-14 04:29:07.731  1457  1457 E ResourcesManager: 	at android.app.ApplicationPackageManager.getDrawable(ApplicationPackageManager.java:1510)
07-14 04:29:07.731  1457  1457 E ResourcesManager: 	at android.app.ApplicationPackageManager.loadUnbadgedItemIcon(ApplicationPackageManager.java:3040)
07-14 04:29:07.731  1457  1457 E ResourcesManager: 	at android.content.pm.PackageItemInfo.loadUnbadgedIcon(PackageItemInfo.java:326)
07-14 04:29:07.731  1457  1457 E ResourcesManager: 	at com.android.systemui.toast.SystemUIToast.getBadgedIcon(SystemUIToast.java:286)
07-14 04:29:07.731  1457  1457 E ResourcesManager: 	at com.android.systemui.toast.SystemUIToast.inflateToastView(SystemUIToast.java:198)
07-14 04:29:07.731  1457  1457 E ResourcesManager: 	at com.android.systemui.toast.SystemUIToast.<init>(SystemUIToast.java:90)
07-14 04:29:07.731  1457  1457 E ResourcesManager: 	at com.android.systemui.toast.SystemUIToast.<init>(SystemUIToast.java:77)
07-14 04:29:07.731  1457  1457 E ResourcesManager: 	at com.android.systemui.toast.ToastFactory.createToast(ToastFactory.java:78)
07-14 04:29:07.731  1457  1457 E ResourcesManager: 	at com.android.systemui.toast.ToastUI.lambda$showToast$0(ToastUI.java:113)
07-14 04:29:07.731  1457  1457 E ResourcesManager: 	at com.android.systemui.toast.ToastUI.$r8$lambda$w_gPCh3F8Xxn1jN4lkQZoUci71c(Unknown Source:0)
07-14 04:29:07.731  1457  1457 E ResourcesManager: 	at com.android.systemui.toast.ToastUI$$ExternalSyntheticLambda0.run(Unknown Source:16)
07-14 04:29:07.731  1457  1457 E ResourcesManager: 	at com.android.systemui.toast.ToastUI.showToast(ToastUI.java:140)
07-14 04:29:07.731  1457  1457 E ResourcesManager: 	at com.android.systemui.statusbar.CommandQueue$H.handleMessage(CommandQueue.java:1451)
07-14 04:29:07.731  1457  1457 E ResourcesManager: 	at android.os.Handler.dispatchMessage(Handler.java:106)
07-14 04:29:07.731  1457  1457 E ResourcesManager: 	at android.os.Looper.loopOnce(Looper.java:201)
07-14 04:29:07.731  1457  1457 E ResourcesManager: 	at android.os.Looper.loop(Looper.java:288)
07-14 04:29:07.731  1457  1457 E ResourcesManager: 	at android.app.ActivityThread.main(ActivityThread.java:8085)
07-14 04:29:07.731  1457  1457 E ResourcesManager: 	at java.lang.reflect.Method.invoke(Native Method)
07-14 04:29:07.731  1457  1457 E ResourcesManager: 	at com.android.internal.os.RuntimeInit$MethodAndArgsCaller.run(RuntimeInit.java:571)
07-14 04:29:07.731  1457  1457 E ResourcesManager: 	at com.android.internal.os.ZygoteInit.main(ZygoteInit.java:1091)
07-14 04:29:07.731  1457  1457 W PackageManager: Failure retrieving resources for com.poozh.translator
07-14 04:29:07.736  1275  1289 W AppOps  : Noting op not finished: uid 10058 pkg com.poozh.translator code 24 startTime of in progress event=1783974272683
07-14 04:29:07.739  1275  1430 E DisplayDeviceConfig: requesting nits when no mapping exists.
07-14 04:29:07.740  1275  1430 E DisplayDeviceConfig: requesting nits when no mapping exists.
07-14 04:29:07.741  1124  2998 E HWComposer: operator(): operator() failed for display 4619827820427265280: Unsupported (8)
07-14 04:29:07.742 21515 21547 D gralloc_x86: gralloc_alloc: Creating ashmem region of size 3506176
07-14 04:29:07.743  1275  1430 E SurfaceFlinger: setDisplayBrightness: failed to transact: -38
07-14 04:29:07.749 21515 21773 D oozh.translato: Features: 0 0 0
07-14 04:29:07.749 21515 21773 E oozh.translato: vulkan version is 4211017
07-14 04:29:07.749 21515 21773 D gralloc_x86: gralloc_alloc: Creating ashmem region of size 3506176
07-14 04:29:07.750  1457  1611 D gralloc_x86: gralloc_alloc: Creating ashmem region of size 81920
07-14 04:29:07.751 21515 21773 D gralloc_x86: gralloc_alloc: Creating ashmem region of size 3506176
07-14 04:29:07.761  1457 21774 D ndroid.systemu: Features: 0 0 0
07-14 04:29:07.761  1457 21774 E ndroid.systemu: vulkan version is 4211017
07-14 04:29:07.762  1457 21774 D gralloc_x86: gralloc_alloc: Creating ashmem region of size 81920
07-14 04:29:07.762  1457 21774 D gralloc_x86: gralloc_alloc: Creating ashmem region of size 81920
07-14 04:29:07.766  1275  1430 E DisplayDeviceConfig: requesting nits when no mapping exists.
07-14 04:29:07.767  1275  1430 E DisplayDeviceConfig: requesting nits when no mapping exists.
07-14 04:29:07.767  1124  1183 E HWComposer: operator(): operator() failed for display 4619827820427265280: Unsupported (8)
07-14 04:29:07.768  1275  1430 E SurfaceFlinger: setDisplayBrightness: failed to transact: -38
07-14 04:29:07.748  1457  1457 I RenderThread: type=1400 audit(0.0:145232): avc: denied { open } for path="/system/etc/mumu-configs/currentApp" dev="sdc3" ino=4849862 scontext=u:r:platform_app:s0:c512,c768 tcontext=u:object_r:system_data_file:s0 tclass=file permissive=1 app=com.android.systemui
07-14 04:29:07.772  1275  1430 E DisplayDeviceConfig: requesting nits when no mapping exists.
07-14 04:29:07.772  1275  1430 E DisplayDeviceConfig: requesting nits when no mapping exists.
07-14 04:29:07.773  1124  1183 E HWComposer: operator(): operator() failed for display 4619827820427265280: Unsupported (8)
07-14 04:29:07.773  1275  1430 E SurfaceFlinger: setDisplayBrightness: failed to transact: -38
07-14 04:29:07.790  1275  1430 E DisplayDeviceConfig: requesting nits when no mapping exists.
07-14 04:29:07.790  1275  1430 E DisplayDeviceConfig: requesting nits when no mapping exists.
07-14 04:29:07.791  1124  1182 E HWComposer: operator(): operator() failed for display 4619827820427265280: Unsupported (8)
07-14 04:29:07.792  1275  1430 E SurfaceFlinger: setDisplayBrightness: failed to transact: -38
07-14 04:29:07.806  1275  1430 E DisplayDeviceConfig: requesting nits when no mapping exists.
07-14 04:29:07.807  1275  1430 E DisplayDeviceConfig: requesting nits when no mapping exists.
07-14 04:29:07.808  1124  1182 E HWComposer: operator(): operator() failed for display 4619827820427265280: Unsupported (8)
07-14 04:29:07.808  1275  1430 E SurfaceFlinger: setDisplayBrightness: failed to transact: -38
07-14 04:29:07.812  1275  1289 W InputManager-JNI: Input channel object '7216760 com.android.systemui/com.android.systemui.media.MediaProjectionPermissionActivity (client)' was disposed without first being removed with the input manager!
07-14 04:29:07.822  1124  1124 W SurfaceFlinger: couldn't log to binary event log: overflow.
07-14 04:29:07.823  1275  1430 E DisplayDeviceConfig: requesting nits when no mapping exists.
07-14 04:29:07.823  1275  1430 E DisplayDeviceConfig: requesting nits when no mapping exists.
07-14 04:29:07.824  1124  1321 E HWComposer: operator(): operator() failed for display 4619827820427265280: Unsupported (8)
07-14 04:29:07.824  1275  1430 E SurfaceFlinger: setDisplayBrightness: failed to transact: -38
07-14 04:29:07.840  1275  1430 E DisplayDeviceConfig: requesting nits when no mapping exists.
07-14 04:29:07.840  1275  1430 E DisplayDeviceConfig: requesting nits when no mapping exists.
07-14 04:29:07.840  1124  1321 E HWComposer: operator(): operator() failed for display 4619827820427265280: Unsupported (8)
07-14 04:29:07.841  1275  1430 E SurfaceFlinger: setDisplayBrightness: failed to transact: -38
07-14 04:29:07.856  1275  1430 E DisplayDeviceConfig: requesting nits when no mapping exists.
07-14 04:29:07.857  1275  1430 E DisplayDeviceConfig: requesting nits when no mapping exists.
07-14 04:29:07.858  1124  1322 E HWComposer: operator(): operator() failed for display 4619827820427265280: Unsupported (8)
07-14 04:29:07.859  1275  1430 E SurfaceFlinger: setDisplayBrightness: failed to transact: -38
07-14 04:29:07.873  1275  1430 E DisplayDeviceConfig: requesting nits when no mapping exists.
07-14 04:29:07.873  1275  1430 E DisplayDeviceConfig: requesting nits when no mapping exists.
07-14 04:29:07.873  1124  1322 E HWComposer: operator(): operator() failed for display 4619827820427265280: Unsupported (8)
07-14 04:29:07.873  1275  1430 E SurfaceFlinger: setDisplayBrightness: failed to transact: -38
07-14 04:29:07.889  1275  1430 E DisplayDeviceConfig: requesting nits when no mapping exists.
07-14 04:29:07.889  1275  1430 E DisplayDeviceConfig: requesting nits when no mapping exists.
07-14 04:29:07.890  1124  1322 E HWComposer: operator(): operator() failed for display 4619827820427265280: Unsupported (8)
07-14 04:29:07.890  1275  1430 E SurfaceFlinger: setDisplayBrightness: failed to transact: -38
07-14 04:29:07.905  1275  1430 E DisplayDeviceConfig: requesting nits when no mapping exists.
07-14 04:29:07.906  1275  1430 E DisplayDeviceConfig: requesting nits when no mapping exists.
07-14 04:29:07.907  1124  1322 E HWComposer: operator(): operator() failed for display 4619827820427265280: Unsupported (8)
07-14 04:29:07.907  1275  1430 E SurfaceFlinger: setDisplayBrightness: failed to transact: -38
07-14 04:29:07.922  1275  1430 E DisplayDeviceConfig: requesting nits when no mapping exists.
07-14 04:29:07.922  1275  1430 E DisplayDeviceConfig: requesting nits when no mapping exists.
07-14 04:29:07.923  1124  1322 E HWComposer: operator(): operator() failed for display 4619827820427265280: Unsupported (8)
07-14 04:29:07.923  1275  1430 E SurfaceFlinger: setDisplayBrightness: failed to transact: -38
07-14 04:29:07.932  1457  1457 D InterruptionStateProvider: No bubble up: not allowed to bubble: 0|com.poozh.translator|3108|null|10058
07-14 04:29:07.932  1457  1457 D InterruptionStateProvider: No heads up: unimportant notification: 0|com.poozh.translator|3108|null|10058
07-14 04:29:07.934  1457  1668 D PeopleSpaceWidgetMgr: Sbn doesn't contain valid PeopleTileKey: null/0/com.poozh.translator
07-14 04:29:07.941  1457  1457 D InterruptionStateProvider: No bubble up: not allowed to bubble: 0|com.poozh.translator|3108|null|10058
07-14 04:29:07.941  1457  1457 D InterruptionStateProvider: No heads up: unimportant notification: 0|com.poozh.translator|3108|null|10058
07-14 04:29:07.942  1457  1668 D PeopleSpaceWidgetMgr: Sbn doesn't contain valid PeopleTileKey: null/0/com.poozh.translator
07-14 04:29:08.012  1275  1275 W NotificationHistory: Attempted to add notif for locked/gone/disabled user 0
07-14 04:29:08.024  1457  1457 D InterruptionStateProvider: No bubble up: not allowed to bubble: 0|android|0|com.android.server.wm.AlertWindowNotification - com.poozh.translator|1000
07-14 04:29:08.024  1457  1457 D InterruptionStateProvider: No heads up: unimportant notification: 0|android|0|com.android.server.wm.AlertWindowNotification - com.poozh.translator|1000
07-14 04:29:08.024  1457  1668 D PeopleSpaceWidgetMgr: Sbn doesn't contain valid PeopleTileKey: null/0/android
07-14 04:29:09.675  1427  1427 D DropboxReceiver: dropbox tag: system_server_wtf
07-14 04:29:09.675  1427  1427 D DropboxReceiver: dropbox time: 1783974547711
07-14 04:29:09.675  1427  1427 D DropboxReceiver: dropbox file is not to be trackd
07-14 04:29:10.211  1275  1289 W InputManager-JNI: Input channel object '2af6870 Toast (client)' was disposed without first being removed with the input manager!
07-14 04:29:10.213  1275  1289 W NotificationService: Toast already killed. pkg=com.poozh.translator token=android.os.BinderProxy@b89d532
07-14 04:29:11.805 21776 21776 D ProcessState: Binder ioctl to enable oneway spam detection failed: Invalid argument
07-14 04:29:11.965  1275  1311 E system_server: Cannot read thread CPU times for PID 1275
07-14 04:29:12.365 21779 21779 D ProcessState: Binder ioctl to enable oneway spam detection failed: Invalid argument
07-14 04:29:12.392  1275  1286 W System  : A resource failed to call close. 
07-14 04:29:17.812  1457  1457 D InterruptionStateProvider: No bubble up: not allowed to bubble: 0|com.mumu.store|1|null|1000
07-14 04:29:17.812  1457  1457 D InterruptionStateProvider: No bubble up: not allowed to bubble: 0|com.mumu.store|-1679252459|null|1000
07-14 04:29:17.812  1457  1457 D InterruptionStateProvider: No bubble up: not allowed to bubble: 0|com.bilibili.azurlane|2|null|10039
07-14 04:29:17.812  1457  1457 D InterruptionStateProvider: No bubble up: not allowed to bubble: 0|com.android.permissioncontroller|1|HibernationJobService|10036
07-14 04:29:17.812  1457  1457 D InterruptionStateProvider: No bubble up: not allowed to bubble: 0|com.poozh.translator|3108|null|10058
07-14 04:29:17.812  1457  1457 D InterruptionStateProvider: No bubble up: not allowed to bubble: 0|android|0|com.android.server.wm.AlertWindowNotification - com.poozh.translator|1000
07-14 04:29:17.813  1457  1457 D InterruptionStateProvider: No bubble up: not allowed to bubble: 0|com.mumu.store|1|null|1000
07-14 04:29:17.813  1457  1457 D InterruptionStateProvider: No bubble up: not allowed to bubble: 0|com.mumu.store|-1679252459|null|1000
07-14 04:29:17.813  1457  1457 D InterruptionStateProvider: No bubble up: not allowed to bubble: 0|com.bilibili.azurlane|2|null|10039
07-14 04:29:17.813  1457  1457 D InterruptionStateProvider: No bubble up: not allowed to bubble: 0|com.android.permissioncontroller|1|HibernationJobService|10036
07-14 04:29:17.813  1457  1457 D InterruptionStateProvider: No bubble up: not allowed to bubble: 0|com.poozh.translator|3108|null|10058
07-14 04:29:17.813  1457  1457 D InterruptionStateProvider: No bubble up: not allowed to bubble: 0|android|0|com.android.server.wm.AlertWindowNotification - com.poozh.translator|1000
07-14 04:29:18.931  1042 21772 I keystore2: keystore2::watchdog: Watchdog thread idle -> terminating. Have a great day.
07-14 04:29:21.057  1275  1275 W WindowManager: removeWindowToken: Attempted to remove non-existing token: android.os.Binder@d31af40
07-14 04:29:25.398 21515 21711 E TransportRuntime.CctTransportBackend: Couldn't encode request, returning with 400
07-14 04:29:25.398 21515 21711 E TransportRuntime.CctTransportBackend: java.net.SocketTimeoutException: failed to connect to firebaselogging.googleapis.com/172.217.117.4 (port 443) from /10.0.2.15 (port 34174) after 30000ms
07-14 04:29:25.398 21515 21711 E TransportRuntime.CctTransportBackend: 	at libcore.io.IoBridge.connectErrno(IoBridge.java:236)
07-14 04:29:25.398 21515 21711 E TransportRuntime.CctTransportBackend: 	at libcore.io.IoBridge.connect(IoBridge.java:180)
07-14 04:29:25.398 21515 21711 E TransportRuntime.CctTransportBackend: 	at java.net.PlainSocketImpl.socketConnect(PlainSocketImpl.java:142)
07-14 04:29:25.398 21515 21711 E TransportRuntime.CctTransportBackend: 	at java.net.AbstractPlainSocketImpl.doConnect(AbstractPlainSocketImpl.java:390)
07-14 04:29:25.398 21515 21711 E TransportRuntime.CctTransportBackend: 	at java.net.AbstractPlainSocketImpl.connectToAddress(AbstractPlainSocketImpl.java:230)
07-14 04:29:25.398 21515 21711 E TransportRuntime.CctTransportBackend: 	at java.net.AbstractPlainSocketImpl.connect(AbstractPlainSocketImpl.java:212)
07-14 04:29:25.398 21515 21711 E TransportRuntime.CctTransportBackend: 	at java.net.SocksSocketImpl.connect(SocksSocketImpl.java:436)
07-14 04:29:25.398 21515 21711 E TransportRuntime.CctTransportBackend: 	at java.net.Socket.connect(Socket.java:621)
07-14 04:29:25.398 21515 21711 E TransportRuntime.CctTransportBackend: 	at com.android.okhttp.internal.Platform.connectSocket(Platform.java:182)
07-14 04:29:25.398 21515 21711 E TransportRuntime.CctTransportBackend: 	at com.android.okhttp.internal.io.RealConnection.connectSocket(RealConnection.java:145)
07-14 04:29:25.398 21515 21711 E TransportRuntime.CctTransportBackend: 	at com.android.okhttp.internal.io.RealConnection.connect(RealConnection.java:116)
07-14 04:29:25.398 21515 21711 E TransportRuntime.CctTransportBackend: 	at com.android.okhttp.internal.http.StreamAllocation.findConnection(StreamAllocation.java:186)
07-14 04:29:25.398 21515 21711 E TransportRuntime.CctTransportBackend: 	at com.android.okhttp.internal.http.StreamAllocation.findHealthyConnection(StreamAllocation.java:128)
07-14 04:29:25.398 21515 21711 E TransportRuntime.CctTransportBackend: 	at com.android.okhttp.internal.http.StreamAllocation.newStream(StreamAllocation.java:97)
07-14 04:29:25.398 21515 21711 E TransportRuntime.CctTransportBackend: 	at com.android.okhttp.internal.http.HttpEngine.connect(HttpEngine.java:289)
07-14 04:29:25.398 21515 21711 E TransportRuntime.CctTransportBackend: 	at com.android.okhttp.internal.http.HttpEngine.sendRequest(HttpEngine.java:232)
07-14 04:29:25.398 21515 21711 E TransportRuntime.CctTransportBackend: 	at com.android.okhttp.internal.huc.HttpURLConnectionImpl.execute(HttpURLConnectionImpl.java:465)
07-14 04:29:25.398 21515 21711 E TransportRuntime.CctTransportBackend: 	at com.android.okhttp.internal.huc.HttpURLConnectionImpl.connect(HttpURLConnectionImpl.java:131)
07-14 04:29:25.398 21515 21711 E TransportRuntime.CctTransportBackend: 	at com.android.okhttp.internal.huc.HttpURLConnectionImpl.getOutputStream(HttpURLConnectionImpl.java:262)
07-14 04:29:25.398 21515 21711 E TransportRuntime.CctTransportBackend: 	at com.android.okhttp.internal.huc.DelegatingHttpsURLConnection.getOutputStream(DelegatingHttpsURLConnection.java:219)
07-14 04:29:25.398 21515 21711 E TransportRuntime.CctTransportBackend: 	at com.android.okhttp.internal.huc.HttpsURLConnectionImpl.getOutputStream(HttpsURLConnectionImpl.java:30)
07-14 04:29:25.398 21515 21711 E TransportRuntime.CctTransportBackend: 	at com.google.android.datatransport.cct.CctTransportBackend.doSend(CctTransportBackend.java:304)
07-14 04:29:25.398 21515 21711 E TransportRuntime.CctTransportBackend: 	at com.google.android.datatransport.cct.CctTransportBackend.access$lambda$0(Unknown Source:0)
07-14 04:29:25.398 21515 21711 E TransportRuntime.CctTransportBackend: 	at com.google.android.datatransport.cct.CctTransportBackend$$Lambda$1.apply(Unknown Source:4)
07-14 04:29:25.398 21515 21711 E TransportRuntime.CctTransportBackend: 	at com.google.android.datatransport.runtime.retries.Retries.retry(Retries.java:54)
07-14 04:29:25.398 21515 21711 E TransportRuntime.CctTransportBackend: 	at com.google.android.datatransport.cct.CctTransportBackend.send(CctTransportBackend.java:373)
07-14 04:29:25.398 21515 21711 E TransportRuntime.CctTransportBackend: 	at com.google.android.datatransport.runtime.scheduling.jobscheduling.Uploader.logAndUpdateState(Uploader.java:121)
07-14 04:29:25.398 21515 21711 E TransportRuntime.CctTransportBackend: 	at com.google.android.datatransport.runtime.scheduling.jobscheduling.Uploader.lambda$upload$1(Uploader.java:88)
07-14 04:29:25.398 21515 21711 E TransportRuntime.CctTransportBackend: 	at com.google.android.datatransport.runtime.scheduling.jobscheduling.Uploader$$Lambda$1.run(Unknown Source:8)
07-14 04:29:25.398 21515 21711 E TransportRuntime.CctTransportBackend: 	at com.google.android.datatransport.runtime.SafeLoggingExecutor$SafeLoggingRunnable.run(SafeLoggingExecutor.java:47)
07-14 04:29:25.398 21515 21711 E TransportRuntime.CctTransportBackend: 	at java.util.concurrent.ThreadPoolExecutor.runWorker(ThreadPoolExecutor.java:1167)
07-14 04:29:25.398 21515 21711 E TransportRuntime.CctTransportBackend: 	at java.util.concurrent.ThreadPoolExecutor$Worker.run(ThreadPoolExecutor.java:641)
07-14 04:29:25.398 21515 21711 E TransportRuntime.CctTransportBackend: 	at java.lang.Thread.run(Thread.java:920)
07-14 04:30:18.281  1116  1116 E android.hardware.power.stats@1.0-service-mock: Failed to getEnergyData
07-14 04:30:23.255  1040  1045 I NemuSysOpt: Start compat memory
07-14 04:30:23.359  1040  1045 I NemuSysOpt: Compat memory done
07-14 04:30:35.188  1103  1103 I Binder:1103_2: type=1400 audit(0.0:145233): avc: denied { use } for path="socket:[4224795]" dev="sockfs" ino=4224795 scontext=u:r:init:s0 tcontext=u:r:untrusted_app:s0:c39,c256,c512,c768 tclass=fd permissive=1
07-14 04:30:35.251 15401 15401 I thread_report: type=1400 audit(0.0:145234): avc: denied { search } for name="/" dev="sda6" ino=2 scontext=u:r:untrusted_app:s0:c39,c256,c512,c768 tcontext=u:object_r:unlabeled:s0 tclass=dir permissive=1 app=com.bilibili.azurlane
07-14 04:30:47.384 21789 21789 I logcat  : type=1400 audit(0.0:145235): avc: denied { write } for name="logdr" dev="tmpfs" ino=9519 scontext=u:r:adbd:s0 tcontext=u:object_r:logdr_socket:s0 tclass=sock_file permissive=1
